******************************************************************************
            TI ARM Clang Linker PC v3.2.2                      
******************************************************************************
>> Linked Tue Jul 16 15:28:44 2024

OUTPUT FILE NAME:   <a_module.out>
ENTRY POINT SYMBOL: "_c_int00_noinit_noargs"  address: 00000149


MEMORY CONFIGURATION

         name            origin    length      used     unused   attr    fill
----------------------  --------  ---------  --------  --------  ----  --------
  FLASH                 00000000   00020000  00000268  0001fd98  R  X
  SRAM                  20200000   00008000  00000200  00007e00  RW X
  BCR_CONFIG            41c00000   00000080  00000000  00000080  R   
  BSL_CONFIG            41c00100   00000080  00000000  00000080  R   


SEGMENT ALLOCATION MAP

run origin  load origin   length   init length attrs members
----------  ----------- ---------- ----------- ----- -------
00000000    00000000    00000268   00000268    r-x
  00000000    00000000    000000c0   000000c0    r-- .intvecs
  000000c0    000000c0    000001a8   000001a8    r-x .text
20207e00    20207e00    00000200   00000000    rw-
  20207e00    20207e00    00000200   00000000    rw- .stack


SECTION ALLOCATION MAP

 output                                  attributes/
section   page    origin      length       input sections
--------  ----  ----------  ----------   ----------------
.intvecs   0    00000000    000000c0     
                  00000000    000000c0     startup_mspm0g350x_ticlang.o (.intvecs)

.text      0    000000c0    000001a8     
                  000000c0    00000034     ti_msp_dl_config.o (.text.SYSCFG_DL_initPower)
                  000000f4    0000002a     ti_msp_dl_config.o (.text.SYSCFG_DL_SYSCTL_init)
                  0000011e    00000028     ti_msp_dl_config.o (.text.DL_Common_updateReg)
                  00000146    00000002     ti_msp_dl_config.o (.text.SYSCFG_DL_GPIO_init)
                  00000148    00000020     libc.a : boot_cortex_m.c.obj (.text:_c_int00_noinit_noargs)
                  00000168    0000001c     ti_msp_dl_config.o (.text.DL_SYSCTL_setMCLKDivider)
                  00000184    0000001c     ti_msp_dl_config.o (.text.DL_SYSCTL_setSYSOSCFreq)
                  000001a0    0000001c     ti_msp_dl_config.o (.text.DL_SYSCTL_setULPCLKDivider)
                  000001bc    00000018     ti_msp_dl_config.o (.text.DL_GPIO_enablePower)
                  000001d4    00000018     ti_msp_dl_config.o (.text.DL_GPIO_reset)
                  000001ec    00000018     ti_msp_dl_config.o (.text.DL_SYSCTL_setBORThreshold)
                  00000204    00000014     ti_msp_dl_config.o (.text.DL_SYSCTL_disableSYSPLL)
                  00000218    00000010     ti_msp_dl_config.o (.text.DL_SYSCTL_disableHFXT)
                  00000228    00000010     ti_msp_dl_config.o (.text.SYSCFG_DL_init)
                  00000238    00000010     empty.o (.text.main)
                  00000248    0000000a     driverlib.a : dl_common.o (.text.DL_Common_delayCycles)
                  00000252    00000004     startup_mspm0g350x_ticlang.o (.text.Default_Handler)
                  00000256    00000004     startup_mspm0g350x_ticlang.o (.text.Reset_Handler)
                  0000025a    00000004     libc.a : pre_init.c.obj (.text._system_pre_init)
                  0000025e    00000004            : exit.c.obj (.text:abort)
                  00000262    00000006     --HOLE-- [fill = 0]

.cinit     0    00000000    00000000     

.init_array 
*          0    00000000    00000000     UNINITIALIZED

.binit     0    00000000    00000000     

.stack     0    20207e00    00000200     UNINITIALIZED
                  20207e00    00000004     libc.a : boot_cortex_m.c.obj (.stack)
                  20207e04    000001fc     --HOLE--

__llvm_prf_cnts 
*          0    20200000    00000000     UNINITIALIZED

__llvm_prf_bits 
*          0    20200000    00000000     UNINITIALIZED

MODULE SUMMARY

       Module                         code   ro data   rw data
       ------                         ----   -------   -------
    .\
       ti_msp_dl_config.o             344    0         0      
       startup_mspm0g350x_ticlang.o   8      192       0      
       empty.o                        16     0         0      
    +--+------------------------------+------+---------+---------+
       Total:                         368    192       0      
                                                              
    C:/ti/mspm0_sdk_2_00_01_00/source/ti/driverlib/lib/ticlang/m0p/mspm0g1x0x_g3x0x/driverlib.a
       dl_common.o                    10     0         0      
    +--+------------------------------+------+---------+---------+
       Total:                         10     0         0      
                                                              
    C:\ti\ccstheia140\ccs\tools\compiler\ti-cgt-armllvm_3.2.2.LTS\lib\armv6m-ti-none-eabi/c/libc.a
       boot_cortex_m.c.obj            32     0         0      
       exit.c.obj                     4      0         0      
       pre_init.c.obj                 4      0         0      
    +--+------------------------------+------+---------+---------+
       Total:                         40     0         0      
                                                              
       Stack:                         0      0         512    
    +--+------------------------------+------+---------+---------+
       Grand Total:                   418    192       512    


GLOBAL SYMBOLS: SORTED ALPHABETICALLY BY Name 

address   name                    
-------   ----                    
00000253  ADC0_IRQHandler         
00000253  ADC1_IRQHandler         
00000253  AES_IRQHandler          
0000025e  C$$EXIT                 
00000253  CANFD0_IRQHandler       
00000253  DAC0_IRQHandler         
00000249  DL_Common_delayCycles   
00000253  DMA_IRQHandler          
00000253  Default_Handler         
00000253  GROUP0_IRQHandler       
00000253  GROUP1_IRQHandler       
00000253  HardFault_Handler       
00000253  I2C0_IRQHandler         
00000253  I2C1_IRQHandler         
00000253  NMI_Handler             
00000253  PendSV_Handler          
00000253  RTC_IRQHandler          
00000257  Reset_Handler           
00000253  SPI0_IRQHandler         
00000253  SPI1_IRQHandler         
00000253  SVC_Handler             
00000147  SYSCFG_DL_GPIO_init     
000000f5  SYSCFG_DL_SYSCTL_init   
00000229  SYSCFG_DL_init          
000000c1  SYSCFG_DL_initPower     
00000253  SysTick_Handler         
00000253  TIMA0_IRQHandler        
00000253  TIMA1_IRQHandler        
00000253  TIMG0_IRQHandler        
00000253  TIMG12_IRQHandler       
00000253  TIMG6_IRQHandler        
00000253  TIMG7_IRQHandler        
00000253  TIMG8_IRQHandler        
00000253  UART0_IRQHandler        
00000253  UART1_IRQHandler        
00000253  UART2_IRQHandler        
00000253  UART3_IRQHandler        
20208000  __STACK_END             
00000200  __STACK_SIZE            
00000000  __TI_ATRegion0_region_sz
00000000  __TI_ATRegion0_src_addr 
00000000  __TI_ATRegion0_trg_addr 
00000000  __TI_ATRegion1_region_sz
00000000  __TI_ATRegion1_src_addr 
00000000  __TI_ATRegion1_trg_addr 
00000000  __TI_ATRegion2_region_sz
00000000  __TI_ATRegion2_src_addr 
00000000  __TI_ATRegion2_trg_addr 
00000000  __TI_CINIT_Base         
00000000  __TI_CINIT_Limit        
00000000  __TI_CINIT_Warm         
ffffffff  __TI_pprof_out_hndl     
ffffffff  __TI_prof_data_size     
ffffffff  __TI_prof_data_start    
00000000  __TI_static_base__      
ffffffff  __binit__               
UNDEFED   __mpu_init              
20207e00  __stack                 
20200000  __start___llvm_prf_bits 
20200000  __start___llvm_prf_cnts 
20200000  __stop___llvm_prf_bits  
20200000  __stop___llvm_prf_cnts  
00000149  _c_int00_noinit_noargs  
0000025b  _system_pre_init        
0000025f  abort                   
ffffffff  binit                   
00000000  interruptVectors        
00000239  main                    


GLOBAL SYMBOLS: SORTED BY Symbol Address 

address   name                    
-------   ----                    
00000000  __TI_ATRegion0_region_sz
00000000  __TI_ATRegion0_src_addr 
00000000  __TI_ATRegion0_trg_addr 
00000000  __TI_ATRegion1_region_sz
00000000  __TI_ATRegion1_src_addr 
00000000  __TI_ATRegion1_trg_addr 
00000000  __TI_ATRegion2_region_sz
00000000  __TI_ATRegion2_src_addr 
00000000  __TI_ATRegion2_trg_addr 
00000000  __TI_CINIT_Base         
00000000  __TI_CINIT_Limit        
00000000  __TI_CINIT_Warm         
00000000  __TI_static_base__      
00000000  interruptVectors        
000000c1  SYSCFG_DL_initPower     
000000f5  SYSCFG_DL_SYSCTL_init   
00000147  SYSCFG_DL_GPIO_init     
00000149  _c_int00_noinit_noargs  
00000200  __STACK_SIZE            
00000229  SYSCFG_DL_init          
00000239  main                    
00000249  DL_Common_delayCycles   
00000253  ADC0_IRQHandler         
00000253  ADC1_IRQHandler         
00000253  AES_IRQHandler          
00000253  CANFD0_IRQHandler       
00000253  DAC0_IRQHandler         
00000253  DMA_IRQHandler          
00000253  Default_Handler         
00000253  GROUP0_IRQHandler       
00000253  GROUP1_IRQHandler       
00000253  HardFault_Handler       
00000253  I2C0_IRQHandler         
00000253  I2C1_IRQHandler         
00000253  NMI_Handler             
00000253  PendSV_Handler          
00000253  RTC_IRQHandler          
00000253  SPI0_IRQHandler         
00000253  SPI1_IRQHandler         
00000253  SVC_Handler             
00000253  SysTick_Handler         
00000253  TIMA0_IRQHandler        
00000253  TIMA1_IRQHandler        
00000253  TIMG0_IRQHandler        
00000253  TIMG12_IRQHandler       
00000253  TIMG6_IRQHandler        
00000253  TIMG7_IRQHandler        
00000253  TIMG8_IRQHandler        
00000253  UART0_IRQHandler        
00000253  UART1_IRQHandler        
00000253  UART2_IRQHandler        
00000253  UART3_IRQHandler        
00000257  Reset_Handler           
0000025b  _system_pre_init        
0000025e  C$$EXIT                 
0000025f  abort                   
20200000  __start___llvm_prf_bits 
20200000  __start___llvm_prf_cnts 
20200000  __stop___llvm_prf_bits  
20200000  __stop___llvm_prf_cnts  
20207e00  __stack                 
20208000  __STACK_END             
ffffffff  __TI_pprof_out_hndl     
ffffffff  __TI_prof_data_size     
ffffffff  __TI_prof_data_start    
ffffffff  __binit__               
ffffffff  binit                   
UNDEFED   __mpu_init              

[68 symbols]
