******************************************************************************
            TI ARM Clang Linker PC v3.2.2                      
******************************************************************************
>> Linked Mon Jul 29 20:22:48 2024

OUTPUT FILE NAME:   <aaa_adc_fft_v2.out>
ENTRY POINT SYMBOL: "_c_int00_noargs"  address: 00000665


MEMORY CONFIGURATION

         name            origin    length      used     unused   attr    fill
----------------------  --------  ---------  --------  --------  ----  --------
  FLASH                 00000000   00020000  000009d8  0001f628  R  X
  SRAM                  20200000   00008000  00000abc  00007544  RW X
  BCR_CONFIG            41c00000   00000080  00000000  00000080  R   
  BSL_CONFIG            41c00100   00000080  00000000  00000080  R   


SEGMENT ALLOCATION MAP

run origin  load origin   length   init length attrs members
----------  ----------- ---------- ----------- ----- -------
00000000    00000000    000009d8   000009d8    r-x
  00000000    00000000    000000c0   000000c0    r-- .intvecs
  000000c0    000000c0    000008c8   000008c8    r-x .text
  00000988    00000988    00000038   00000038    r-- .rodata
  000009c0    000009c0    00000018   00000018    r-- .cinit
20200000    20200000    000008bc   00000000    rw-
  20200000    20200000    000008bc   00000000    rw- .bss
20207e00    20207e00    00000200   00000000    rw-
  20207e00    20207e00    00000200   00000000    rw- .stack


SECTION ALLOCATION MAP

 output                                  attributes/
section   page    origin      length       input sections
--------  ----  ----------  ----------   ----------------
.intvecs   0    00000000    000000c0     
                  00000000    000000c0     startup_mspm0g350x_ticlang.o (.intvecs)

.text      0    000000c0    000008c8     
                  000000c0    000000e8     driverlib.a : dl_timer.o (.text.DL_Timer_initTimerMode)
                  000001a8    00000090     ti_msp_dl_config.o (.text.SYSCFG_DL_ADC12_0_init)
                  00000238    00000054     ti_msp_dl_config.o (.text.SYSCFG_DL_initPower)
                  0000028c    00000050     empty.o (.text.main)
                  000002dc    0000004c     ti_msp_dl_config.o (.text.DL_ADC12_initSingleSample)
                  00000328    0000004c     driverlib.a : dl_dma.o (.text.DL_DMA_initChannel)
                  00000374    0000004a     ti_msp_dl_config.o (.text.DL_ADC12_configConversionMem)
                  000003be    00000002     ti_msp_dl_config.o (.text.SYSCFG_DL_GPIO_init)
                  000003c0    00000044     ti_msp_dl_config.o (.text.SYSCFG_DL_TIMER_0_init)
                  00000404    00000040     driverlib.a : dl_adc12.o (.text.DL_ADC12_setClockConfig)
                  00000444    0000003c     libc.a : autoinit.c.obj (.text:__TI_auto_init_nobinit_nopinit)
                  00000480    00000038     ti_msp_dl_config.o (.text.DL_Timer_setPublisherChanID)
                  000004b8    00000030     empty.o (.text.ADC0_IRQHandler)
                  000004e8    00000030     empty.o (.text.DL_DMA_setTransferSize)
                  00000518    0000002c     ti_msp_dl_config.o (.text.DL_ADC12_setDMASamplesCnt)
                  00000544    0000002c     empty.o (.text.__NVIC_EnableIRQ)
                  00000570    0000002a     ti_msp_dl_config.o (.text.SYSCFG_DL_SYSCTL_init)
                  0000059a    00000028     ti_msp_dl_config.o (.text.DL_Common_updateReg)
                  000005c2    00000002     --HOLE-- [fill = 0]
                  000005c4    00000028     empty.o (.text.DL_DMA_setDestAddr)
                  000005ec    00000028     empty.o (.text.DL_DMA_setSrcAddr)
                  00000614    00000028     ti_msp_dl_config.o (.text.DL_Timer_enableEvent)
                  0000063c    00000028     ti_msp_dl_config.o (.text.SYSCFG_DL_init)
                  00000664    00000028     libc.a : boot_cortex_m.c.obj (.text:_c_int00_noargs)
                  0000068c    00000026     empty.o (.text.DL_DMA_enableChannel)
                  000006b2    0000001e     ti_msp_dl_config.o (.text.DL_ADC12_setPowerDownMode)
                  000006d0    0000001c     ti_msp_dl_config.o (.text.DL_ADC12_clearInterruptStatus)
                  000006ec    0000001c     ti_msp_dl_config.o (.text.DL_ADC12_enableDMA)
                  00000708    0000001c     ti_msp_dl_config.o (.text.DL_ADC12_enableDMATrigger)
                  00000724    0000001c     ti_msp_dl_config.o (.text.DL_ADC12_enableInterrupt)
                  00000740    0000001c     ti_msp_dl_config.o (.text.DL_SYSCTL_setMCLKDivider)
                  0000075c    0000001c     ti_msp_dl_config.o (.text.DL_SYSCTL_setSYSOSCFreq)
                  00000778    0000001c     ti_msp_dl_config.o (.text.DL_SYSCTL_setULPCLKDivider)
                  00000794    0000001c     driverlib.a : dl_timer.o (.text.DL_Timer_setClockConfig)
                  000007b0    0000001a     ti_msp_dl_config.o (.text.DL_ADC12_setSubscriberChanID)
                  000007ca    00000002     --HOLE-- [fill = 0]
                  000007cc    00000018     ti_msp_dl_config.o (.text.DL_ADC12_enablePower)
                  000007e4    00000018     ti_msp_dl_config.o (.text.DL_ADC12_reset)
                  000007fc    00000018     ti_msp_dl_config.o (.text.DL_ADC12_setSampleTime0)
                  00000814    00000018     ti_msp_dl_config.o (.text.DL_GPIO_enablePower)
                  0000082c    00000018     ti_msp_dl_config.o (.text.DL_GPIO_reset)
                  00000844    00000018     ti_msp_dl_config.o (.text.DL_SYSCTL_setBORThreshold)
                  0000085c    00000018     ti_msp_dl_config.o (.text.DL_Timer_enablePower)
                  00000874    00000018     ti_msp_dl_config.o (.text.DL_Timer_reset)
                  0000088c    00000018     empty.o (.text.DL_Timer_startCounter)
                  000008a4    00000018     empty.o (.text.DL_Timer_stopCounter)
                  000008bc    00000018     ti_msp_dl_config.o (.text.SYSCFG_DL_DMA_CH0_init)
                  000008d4    00000016     ti_msp_dl_config.o (.text.DL_ADC12_enableConversions)
                  000008ea    00000002     --HOLE-- [fill = 0]
                  000008ec    00000014     ti_msp_dl_config.o (.text.DL_SYSCTL_disableSYSPLL)
                  00000900    00000014     ti_msp_dl_config.o (.text.DL_Timer_enableClock)
                  00000914    00000012     empty.o (.text.DL_ADC12_getPendingInterrupt)
                  00000926    00000002     --HOLE-- [fill = 0]
                  00000928    00000010     ti_msp_dl_config.o (.text.DL_SYSCTL_disableHFXT)
                  00000938    00000010     libc.a : copy_zero_init.c.obj (.text:decompress:ZI)
                  00000948    0000000e            : memset16.S.obj (.text:TI_memset_small)
                  00000956    00000002     --HOLE-- [fill = 0]
                  00000958    0000000c     libclang_rt.builtins.a : aeabi_memset.S.obj (.text.__aeabi_memclr)
                  00000964    0000000a     driverlib.a : dl_common.o (.text.DL_Common_delayCycles)
                  0000096e    00000008     ti_msp_dl_config.o (.text.SYSCFG_DL_DMA_init)
                  00000976    00000004     startup_mspm0g350x_ticlang.o (.text.Default_Handler)
                  0000097a    00000004     startup_mspm0g350x_ticlang.o (.text.Reset_Handler)
                  0000097e    00000004     libc.a : pre_init.c.obj (.text._system_pre_init)
                  00000982    00000004            : exit.c.obj (.text:abort)
                  00000986    00000002     --HOLE-- [fill = 0]

.cinit     0    000009c0    00000018     
                  000009c0    00000008     (.cinit..bss.load) [load image, compression = zero_init]
                  000009c8    00000004     (__TI_handler_table)
                  000009cc    00000008     (__TI_cinit_table)
                  000009d4    00000004     --HOLE-- [fill = 0]

.rodata    0    00000988    00000038     
                  00000988    00000018     ti_msp_dl_config.o (.rodata.gDMA_CH0Config)
                  000009a0    00000014     ti_msp_dl_config.o (.rodata.gTIMER_0TimerConfig)
                  000009b4    00000008     ti_msp_dl_config.o (.rodata.gADC12_0ClockConfig)
                  000009bc    00000003     ti_msp_dl_config.o (.rodata.gTIMER_0ClockConfig)
                  000009bf    00000001     --HOLE-- [fill = 0]

.init_array 
*          0    00000000    00000000     UNINITIALIZED

.binit     0    00000000    00000000     

.bss       0    20200000    000008bc     UNINITIALIZED
                  20200000    00000800     (.common:gADCSamples)
                  20200800    000000bc     (.common:gTIMER_0Backup)

.stack     0    20207e00    00000200     UNINITIALIZED
                  20207e00    00000004     libc.a : boot_cortex_m.c.obj (.stack)
                  20207e04    000001fc     --HOLE--

__llvm_prf_cnts 
*          0    20200000    00000000     UNINITIALIZED

__llvm_prf_bits 
*          0    20200000    00000000     UNINITIALIZED

MODULE SUMMARY

       Module                         code   ro data   rw data
       ------                         ----   -------   -------
    .\
       empty.o                        404    0         2048   
       ti_msp_dl_config.o             1264   55        188    
       startup_mspm0g350x_ticlang.o   8      192       0      
    +--+------------------------------+------+---------+---------+
       Total:                         1676   247       2236   
                                                              
    C:/ti/mspm0_sdk_2_00_01_00/source/ti/driverlib/lib/ticlang/m0p/mspm0g1x0x_g3x0x/driverlib.a
       dl_timer.o                     260    0         0      
       dl_dma.o                       76     0         0      
       dl_adc12.o                     64     0         0      
       dl_common.o                    10     0         0      
    +--+------------------------------+------+---------+---------+
       Total:                         410    0         0      
                                                              
    C:\ti\ccstheia140\ccs\tools\compiler\ti-cgt-armllvm_3.2.2.LTS\lib\armv6m-ti-none-eabi/c/libc.a
       autoinit.c.obj                 60     0         0      
       boot_cortex_m.c.obj            40     0         0      
       copy_zero_init.c.obj           16     0         0      
       memset16.S.obj                 14     0         0      
       exit.c.obj                     4      0         0      
       pre_init.c.obj                 4      0         0      
    +--+------------------------------+------+---------+---------+
       Total:                         138    0         0      
                                                              
    C:\ti\ccstheia140\ccs\tools\compiler\ti-cgt-armllvm_3.2.2.LTS\lib\clang/15.0.7/lib/armv6m-ti-none-eabi/libclang_rt.builtins.a
       aeabi_memset.S.obj             12     0         0      
    +--+------------------------------+------+---------+---------+
       Total:                         12     0         0      
                                                              
       Stack:                         0      0         512    
       Linker Generated:              0      20        0      
    +--+------------------------------+------+---------+---------+
       Grand Total:                   2236   267       2748   


LINKER GENERATED COPY TABLES

__TI_cinit_table @ 000009cc records: 1, size/record: 8, table size: 8
	.bss: load addr=000009c0, load size=00000008 bytes, run addr=20200000, run size=000008bc bytes, compression=zero_init


LINKER GENERATED HANDLER TABLE

__TI_handler_table @ 000009c8 records: 1, size/record: 4, table size: 4
	index: 0, handler: __TI_zero_init


GLOBAL SYMBOLS: SORTED ALPHABETICALLY BY Name 

address   name                          
-------   ----                          
000004b9  ADC0_IRQHandler               
00000977  ADC1_IRQHandler               
00000977  AES_IRQHandler                
00000982  C$$EXIT                       
00000977  CANFD0_IRQHandler             
00000977  DAC0_IRQHandler               
00000405  DL_ADC12_setClockConfig       
00000965  DL_Common_delayCycles         
00000329  DL_DMA_initChannel            
000000c1  DL_Timer_initTimerMode        
00000795  DL_Timer_setClockConfig       
00000977  DMA_IRQHandler                
00000977  Default_Handler               
00000977  GROUP0_IRQHandler             
00000977  GROUP1_IRQHandler             
00000977  HardFault_Handler             
00000977  I2C0_IRQHandler               
00000977  I2C1_IRQHandler               
00000977  NMI_Handler                   
00000977  PendSV_Handler                
00000977  RTC_IRQHandler                
0000097b  Reset_Handler                 
00000977  SPI0_IRQHandler               
00000977  SPI1_IRQHandler               
00000977  SVC_Handler                   
000001a9  SYSCFG_DL_ADC12_0_init        
000008bd  SYSCFG_DL_DMA_CH0_init        
0000096f  SYSCFG_DL_DMA_init            
000003bf  SYSCFG_DL_GPIO_init           
00000571  SYSCFG_DL_SYSCTL_init         
000003c1  SYSCFG_DL_TIMER_0_init        
0000063d  SYSCFG_DL_init                
00000239  SYSCFG_DL_initPower           
00000977  SysTick_Handler               
00000977  TIMA0_IRQHandler              
00000977  TIMA1_IRQHandler              
00000977  TIMG0_IRQHandler              
00000977  TIMG12_IRQHandler             
00000977  TIMG6_IRQHandler              
00000977  TIMG7_IRQHandler              
00000977  TIMG8_IRQHandler              
00000949  TI_memset_small               
00000977  UART0_IRQHandler              
00000977  UART1_IRQHandler              
00000977  UART2_IRQHandler              
00000977  UART3_IRQHandler              
20208000  __STACK_END                   
00000200  __STACK_SIZE                  
00000000  __TI_ATRegion0_region_sz      
00000000  __TI_ATRegion0_src_addr       
00000000  __TI_ATRegion0_trg_addr       
00000000  __TI_ATRegion1_region_sz      
00000000  __TI_ATRegion1_src_addr       
00000000  __TI_ATRegion1_trg_addr       
00000000  __TI_ATRegion2_region_sz      
00000000  __TI_ATRegion2_src_addr       
00000000  __TI_ATRegion2_trg_addr       
000009cc  __TI_CINIT_Base               
000009d4  __TI_CINIT_Limit              
000009d4  __TI_CINIT_Warm               
000009c8  __TI_Handler_Table_Base       
000009cc  __TI_Handler_Table_Limit      
00000445  __TI_auto_init_nobinit_nopinit
ffffffff  __TI_pprof_out_hndl           
ffffffff  __TI_prof_data_size           
ffffffff  __TI_prof_data_start          
00000000  __TI_static_base__            
00000939  __TI_zero_init                
00000959  __aeabi_memclr                
00000959  __aeabi_memclr4               
00000959  __aeabi_memclr8               
ffffffff  __binit__                     
UNDEFED   __mpu_init                    
20207e00  __stack                       
20200000  __start___llvm_prf_bits       
20200000  __start___llvm_prf_cnts       
20200000  __stop___llvm_prf_bits        
20200000  __stop___llvm_prf_cnts        
00000665  _c_int00_noargs               
UNDEFED   _system_post_cinit            
0000097f  _system_pre_init              
00000983  abort                         
ffffffff  binit                         
20200000  gADCSamples                   
20200800  gTIMER_0Backup                
00000000  interruptVectors              
0000028d  main                          


GLOBAL SYMBOLS: SORTED BY Symbol Address 

address   name                          
-------   ----                          
00000000  __TI_ATRegion0_region_sz      
00000000  __TI_ATRegion0_src_addr       
00000000  __TI_ATRegion0_trg_addr       
00000000  __TI_ATRegion1_region_sz      
00000000  __TI_ATRegion1_src_addr       
00000000  __TI_ATRegion1_trg_addr       
00000000  __TI_ATRegion2_region_sz      
00000000  __TI_ATRegion2_src_addr       
00000000  __TI_ATRegion2_trg_addr       
00000000  __TI_static_base__            
00000000  interruptVectors              
000000c1  DL_Timer_initTimerMode        
000001a9  SYSCFG_DL_ADC12_0_init        
00000200  __STACK_SIZE                  
00000239  SYSCFG_DL_initPower           
0000028d  main                          
00000329  DL_DMA_initChannel            
000003bf  SYSCFG_DL_GPIO_init           
000003c1  SYSCFG_DL_TIMER_0_init        
00000405  DL_ADC12_setClockConfig       
00000445  __TI_auto_init_nobinit_nopinit
000004b9  ADC0_IRQHandler               
00000571  SYSCFG_DL_SYSCTL_init         
0000063d  SYSCFG_DL_init                
00000665  _c_int00_noargs               
00000795  DL_Timer_setClockConfig       
000008bd  SYSCFG_DL_DMA_CH0_init        
00000939  __TI_zero_init                
00000949  TI_memset_small               
00000959  __aeabi_memclr                
00000959  __aeabi_memclr4               
00000959  __aeabi_memclr8               
00000965  DL_Common_delayCycles         
0000096f  SYSCFG_DL_DMA_init            
00000977  ADC1_IRQHandler               
00000977  AES_IRQHandler                
00000977  CANFD0_IRQHandler             
00000977  DAC0_IRQHandler               
00000977  DMA_IRQHandler                
00000977  Default_Handler               
00000977  GROUP0_IRQHandler             
00000977  GROUP1_IRQHandler             
00000977  HardFault_Handler             
00000977  I2C0_IRQHandler               
00000977  I2C1_IRQHandler               
00000977  NMI_Handler                   
00000977  PendSV_Handler                
00000977  RTC_IRQHandler                
00000977  SPI0_IRQHandler               
00000977  SPI1_IRQHandler               
00000977  SVC_Handler                   
00000977  SysTick_Handler               
00000977  TIMA0_IRQHandler              
00000977  TIMA1_IRQHandler              
00000977  TIMG0_IRQHandler              
00000977  TIMG12_IRQHandler             
00000977  TIMG6_IRQHandler              
00000977  TIMG7_IRQHandler              
00000977  TIMG8_IRQHandler              
00000977  UART0_IRQHandler              
00000977  UART1_IRQHandler              
00000977  UART2_IRQHandler              
00000977  UART3_IRQHandler              
0000097b  Reset_Handler                 
0000097f  _system_pre_init              
00000982  C$$EXIT                       
00000983  abort                         
000009c8  __TI_Handler_Table_Base       
000009cc  __TI_CINIT_Base               
000009cc  __TI_Handler_Table_Limit      
000009d4  __TI_CINIT_Limit              
000009d4  __TI_CINIT_Warm               
20200000  __start___llvm_prf_bits       
20200000  __start___llvm_prf_cnts       
20200000  __stop___llvm_prf_bits        
20200000  __stop___llvm_prf_cnts        
20200000  gADCSamples                   
20200800  gTIMER_0Backup                
20207e00  __stack                       
20208000  __STACK_END                   
ffffffff  __TI_pprof_out_hndl           
ffffffff  __TI_prof_data_size           
ffffffff  __TI_prof_data_start          
ffffffff  __binit__                     
ffffffff  binit                         
UNDEFED   __mpu_init                    
UNDEFED   _system_post_cinit            

[87 symbols]
