<?xml version="1.0" encoding="ISO-8859-1" ?>
<link_info>
   <banner>TI ARM Clang Linker PC v3.2.2.LTS</banner>
   <copyright>Copyright (c) 1996-2018 Texas Instruments Incorporated</copyright>
   <link_time>0x66a78998</link_time>
   <link_errors>0x0</link_errors>
   <output_file>C:\Users\86132\workspace_ccstheia\aaa_adc_fft_v2\Debug\aaa_adc_fft_v2.out</output_file>
   <entry_point>
      <name>_c_int00_noargs</name>
      <address>0x665</address>
   </entry_point>
   <input_file_list>
      <input_file id="fl-1">
         <path>C:\Users\86132\workspace_ccstheia\aaa_adc_fft_v2\Debug\.\</path>
         <kind>object</kind>
         <file>empty.o</file>
         <name>empty.o</name>
      </input_file>
      <input_file id="fl-2">
         <path>C:\Users\86132\workspace_ccstheia\aaa_adc_fft_v2\Debug\.\</path>
         <kind>object</kind>
         <file>ti_msp_dl_config.o</file>
         <name>ti_msp_dl_config.o</name>
      </input_file>
      <input_file id="fl-3">
         <path>C:\Users\86132\workspace_ccstheia\aaa_adc_fft_v2\Debug\.\</path>
         <kind>object</kind>
         <file>startup_mspm0g350x_ticlang.o</file>
         <name>startup_mspm0g350x_ticlang.o</name>
      </input_file>
      <input_file id="fl-10">
         <path>C:\Users\86132\workspace_ccstheia\aaa_adc_fft_v2\Debug\</path>
         <kind>object</kind>
         <file>&lt;internal&gt;</file>
         <name>&lt;internal&gt;</name>
      </input_file>
      <input_file id="fl-11">
         <path>C:\ti\mspm0_sdk_2_00_01_00\source\ti\driverlib\lib\ticlang\m0p\mspm0g1x0x_g3x0x\</path>
         <kind>archive</kind>
         <file>driverlib.a</file>
         <name>dl_adc12.o</name>
      </input_file>
      <input_file id="fl-12">
         <path>C:\ti\mspm0_sdk_2_00_01_00\source\ti\driverlib\lib\ticlang\m0p\mspm0g1x0x_g3x0x\</path>
         <kind>archive</kind>
         <file>driverlib.a</file>
         <name>dl_common.o</name>
      </input_file>
      <input_file id="fl-13">
         <path>C:\ti\mspm0_sdk_2_00_01_00\source\ti\driverlib\lib\ticlang\m0p\mspm0g1x0x_g3x0x\</path>
         <kind>archive</kind>
         <file>driverlib.a</file>
         <name>dl_dma.o</name>
      </input_file>
      <input_file id="fl-14">
         <path>C:\ti\mspm0_sdk_2_00_01_00\source\ti\driverlib\lib\ticlang\m0p\mspm0g1x0x_g3x0x\</path>
         <kind>archive</kind>
         <file>driverlib.a</file>
         <name>dl_timer.o</name>
      </input_file>
      <input_file id="fl-23">
         <path>C:\ti\ccstheia140\ccs\tools\compiler\ti-cgt-armllvm_3.2.2.LTS\lib\armv6m-ti-none-eabi\c\</path>
         <kind>archive</kind>
         <file>libc.a</file>
         <name>boot_cortex_m.c.obj</name>
      </input_file>
      <input_file id="fl-24">
         <path>C:\ti\ccstheia140\ccs\tools\compiler\ti-cgt-armllvm_3.2.2.LTS\lib\armv6m-ti-none-eabi\c\</path>
         <kind>archive</kind>
         <file>libc.a</file>
         <name>mathacl_init.c.obj</name>
      </input_file>
      <input_file id="fl-25">
         <path>C:\ti\ccstheia140\ccs\tools\compiler\ti-cgt-armllvm_3.2.2.LTS\lib\armv6m-ti-none-eabi\c\</path>
         <kind>archive</kind>
         <file>libc.a</file>
         <name>autoinit.c.obj</name>
      </input_file>
      <input_file id="fl-26">
         <path>C:\ti\ccstheia140\ccs\tools\compiler\ti-cgt-armllvm_3.2.2.LTS\lib\armv6m-ti-none-eabi\c\</path>
         <kind>archive</kind>
         <file>libc.a</file>
         <name>pre_init.c.obj</name>
      </input_file>
      <input_file id="fl-27">
         <path>C:\ti\ccstheia140\ccs\tools\compiler\ti-cgt-armllvm_3.2.2.LTS\lib\armv6m-ti-none-eabi\c\</path>
         <kind>archive</kind>
         <file>libc.a</file>
         <name>cpy_tbl.c.obj</name>
      </input_file>
      <input_file id="fl-28">
         <path>C:\ti\ccstheia140\ccs\tools\compiler\ti-cgt-armllvm_3.2.2.LTS\lib\armv6m-ti-none-eabi\c\</path>
         <kind>archive</kind>
         <file>libc.a</file>
         <name>copy_zero_init.c.obj</name>
      </input_file>
      <input_file id="fl-29">
         <path>C:\ti\ccstheia140\ccs\tools\compiler\ti-cgt-armllvm_3.2.2.LTS\lib\armv6m-ti-none-eabi\c\</path>
         <kind>archive</kind>
         <file>libc.a</file>
         <name>copy_decompress_none.c.obj</name>
      </input_file>
      <input_file id="fl-2a">
         <path>C:\ti\ccstheia140\ccs\tools\compiler\ti-cgt-armllvm_3.2.2.LTS\lib\armv6m-ti-none-eabi\c\</path>
         <kind>archive</kind>
         <file>libc.a</file>
         <name>copy_decompress_lzss.c.obj</name>
      </input_file>
      <input_file id="fl-2b">
         <path>C:\ti\ccstheia140\ccs\tools\compiler\ti-cgt-armllvm_3.2.2.LTS\lib\armv6m-ti-none-eabi\c\</path>
         <kind>archive</kind>
         <file>libc.a</file>
         <name>exit.c.obj</name>
      </input_file>
      <input_file id="fl-2c">
         <path>C:\ti\ccstheia140\ccs\tools\compiler\ti-cgt-armllvm_3.2.2.LTS\lib\armv6m-ti-none-eabi\c\</path>
         <kind>archive</kind>
         <file>libc.a</file>
         <name>_lock.c.obj</name>
      </input_file>
      <input_file id="fl-2d">
         <path>C:\ti\ccstheia140\ccs\tools\compiler\ti-cgt-armllvm_3.2.2.LTS\lib\armv6m-ti-none-eabi\c\</path>
         <kind>archive</kind>
         <file>libc.a</file>
         <name>args_main.c.obj</name>
      </input_file>
      <input_file id="fl-93">
         <path>C:\ti\ccstheia140\ccs\tools\compiler\ti-cgt-armllvm_3.2.2.LTS\lib\clang\15.0.7\lib\armv6m-ti-none-eabi\</path>
         <kind>archive</kind>
         <file>libclang_rt.builtins.a</file>
         <name>aeabi_memcpy.S.obj</name>
      </input_file>
      <input_file id="fl-94">
         <path>C:\ti\ccstheia140\ccs\tools\compiler\ti-cgt-armllvm_3.2.2.LTS\lib\clang\15.0.7\lib\armv6m-ti-none-eabi\</path>
         <kind>archive</kind>
         <file>libclang_rt.builtins.a</file>
         <name>aeabi_memset.S.obj</name>
      </input_file>
      <input_file id="fl-95">
         <path>C:\ti\ccstheia140\ccs\tools\compiler\ti-cgt-armllvm_3.2.2.LTS\lib\armv6m-ti-none-eabi\c\</path>
         <kind>archive</kind>
         <file>libc.a</file>
         <name>memcpy16.S.obj</name>
      </input_file>
      <input_file id="fl-96">
         <path>C:\ti\ccstheia140\ccs\tools\compiler\ti-cgt-armllvm_3.2.2.LTS\lib\armv6m-ti-none-eabi\c\</path>
         <kind>archive</kind>
         <file>libc.a</file>
         <name>memset16.S.obj</name>
      </input_file>
   </input_file_list>
   <object_component_list>
      <object_component id="oc-18">
         <name>.intvecs</name>
         <load_address>0x0</load_address>
         <readonly>true</readonly>
         <run_address>0x0</run_address>
         <size>0xc0</size>
         <alignment>0x4</alignment>
         <input_file_ref idref="fl-3"/>
      </object_component>
      <object_component id="oc-d9">
         <name>.text.DL_Timer_initTimerMode</name>
         <load_address>0xc0</load_address>
         <readonly>true</readonly>
         <executable>true</executable>
         <run_address>0xc0</run_address>
         <size>0xe8</size>
         <alignment>0x4</alignment>
         <input_file_ref idref="fl-14"/>
      </object_component>
      <object_component id="oc-b1">
         <name>.text.SYSCFG_DL_ADC12_0_init</name>
         <load_address>0x1a8</load_address>
         <readonly>true</readonly>
         <executable>true</executable>
         <run_address>0x1a8</run_address>
         <size>0x90</size>
         <alignment>0x4</alignment>
         <input_file_ref idref="fl-2"/>
      </object_component>
      <object_component id="oc-ad">
         <name>.text.SYSCFG_DL_initPower</name>
         <load_address>0x238</load_address>
         <readonly>true</readonly>
         <executable>true</executable>
         <run_address>0x238</run_address>
         <size>0x54</size>
         <alignment>0x4</alignment>
         <input_file_ref idref="fl-2"/>
      </object_component>
      <object_component id="oc-6d">
         <name>.text.main</name>
         <load_address>0x28c</load_address>
         <readonly>true</readonly>
         <executable>true</executable>
         <run_address>0x28c</run_address>
         <size>0x50</size>
         <alignment>0x4</alignment>
         <input_file_ref idref="fl-1"/>
      </object_component>
      <object_component id="oc-e5">
         <name>.text.DL_ADC12_initSingleSample</name>
         <load_address>0x2dc</load_address>
         <readonly>true</readonly>
         <executable>true</executable>
         <run_address>0x2dc</run_address>
         <size>0x4c</size>
         <alignment>0x4</alignment>
         <input_file_ref idref="fl-2"/>
      </object_component>
      <object_component id="oc-103">
         <name>.text.DL_DMA_initChannel</name>
         <load_address>0x328</load_address>
         <readonly>true</readonly>
         <executable>true</executable>
         <run_address>0x328</run_address>
         <size>0x4c</size>
         <alignment>0x4</alignment>
         <input_file_ref idref="fl-13"/>
      </object_component>
      <object_component id="oc-e6">
         <name>.text.DL_ADC12_configConversionMem</name>
         <load_address>0x374</load_address>
         <readonly>true</readonly>
         <executable>true</executable>
         <run_address>0x374</run_address>
         <size>0x4a</size>
         <alignment>0x2</alignment>
         <input_file_ref idref="fl-2"/>
      </object_component>
      <object_component id="oc-ae">
         <name>.text.SYSCFG_DL_GPIO_init</name>
         <load_address>0x3be</load_address>
         <readonly>true</readonly>
         <executable>true</executable>
         <run_address>0x3be</run_address>
         <size>0x2</size>
         <alignment>0x2</alignment>
         <input_file_ref idref="fl-2"/>
      </object_component>
      <object_component id="oc-b0">
         <name>.text.SYSCFG_DL_TIMER_0_init</name>
         <load_address>0x3c0</load_address>
         <readonly>true</readonly>
         <executable>true</executable>
         <run_address>0x3c0</run_address>
         <size>0x44</size>
         <alignment>0x4</alignment>
         <input_file_ref idref="fl-2"/>
      </object_component>
      <object_component id="oc-df">
         <name>.text.DL_ADC12_setClockConfig</name>
         <load_address>0x404</load_address>
         <readonly>true</readonly>
         <executable>true</executable>
         <run_address>0x404</run_address>
         <size>0x40</size>
         <alignment>0x4</alignment>
         <input_file_ref idref="fl-11"/>
      </object_component>
      <object_component id="oc-94">
         <name>.text:__TI_auto_init_nobinit_nopinit</name>
         <load_address>0x444</load_address>
         <readonly>true</readonly>
         <executable>true</executable>
         <run_address>0x444</run_address>
         <size>0x3c</size>
         <alignment>0x4</alignment>
         <input_file_ref idref="fl-25"/>
      </object_component>
      <object_component id="oc-dc">
         <name>.text.DL_Timer_setPublisherChanID</name>
         <load_address>0x480</load_address>
         <readonly>true</readonly>
         <executable>true</executable>
         <run_address>0x480</run_address>
         <size>0x38</size>
         <alignment>0x4</alignment>
         <input_file_ref idref="fl-2"/>
      </object_component>
      <object_component id="oc-34">
         <name>.text.ADC0_IRQHandler</name>
         <load_address>0x4b8</load_address>
         <readonly>true</readonly>
         <executable>true</executable>
         <run_address>0x4b8</run_address>
         <size>0x30</size>
         <alignment>0x4</alignment>
         <input_file_ref idref="fl-1"/>
      </object_component>
      <object_component id="oc-89">
         <name>.text.DL_DMA_setTransferSize</name>
         <load_address>0x4e8</load_address>
         <readonly>true</readonly>
         <executable>true</executable>
         <run_address>0x4e8</run_address>
         <size>0x30</size>
         <alignment>0x4</alignment>
         <input_file_ref idref="fl-1"/>
      </object_component>
      <object_component id="oc-ea">
         <name>.text.DL_ADC12_setDMASamplesCnt</name>
         <load_address>0x518</load_address>
         <readonly>true</readonly>
         <executable>true</executable>
         <run_address>0x518</run_address>
         <size>0x2c</size>
         <alignment>0x4</alignment>
         <input_file_ref idref="fl-2"/>
      </object_component>
      <object_component id="oc-8b">
         <name>.text.__NVIC_EnableIRQ</name>
         <load_address>0x544</load_address>
         <readonly>true</readonly>
         <executable>true</executable>
         <run_address>0x544</run_address>
         <size>0x2c</size>
         <alignment>0x4</alignment>
         <input_file_ref idref="fl-1"/>
      </object_component>
      <object_component id="oc-af">
         <name>.text.SYSCFG_DL_SYSCTL_init</name>
         <load_address>0x570</load_address>
         <readonly>true</readonly>
         <executable>true</executable>
         <run_address>0x570</run_address>
         <size>0x2a</size>
         <alignment>0x2</alignment>
         <input_file_ref idref="fl-2"/>
      </object_component>
      <object_component id="oc-fe">
         <name>.text.DL_Common_updateReg</name>
         <load_address>0x59a</load_address>
         <readonly>true</readonly>
         <executable>true</executable>
         <run_address>0x59a</run_address>
         <size>0x28</size>
         <alignment>0x2</alignment>
         <input_file_ref idref="fl-2"/>
      </object_component>
      <object_component id="oc-88">
         <name>.text.DL_DMA_setDestAddr</name>
         <load_address>0x5c4</load_address>
         <readonly>true</readonly>
         <executable>true</executable>
         <run_address>0x5c4</run_address>
         <size>0x28</size>
         <alignment>0x4</alignment>
         <input_file_ref idref="fl-1"/>
      </object_component>
      <object_component id="oc-87">
         <name>.text.DL_DMA_setSrcAddr</name>
         <load_address>0x5ec</load_address>
         <readonly>true</readonly>
         <executable>true</executable>
         <run_address>0x5ec</run_address>
         <size>0x28</size>
         <alignment>0x4</alignment>
         <input_file_ref idref="fl-1"/>
      </object_component>
      <object_component id="oc-db">
         <name>.text.DL_Timer_enableEvent</name>
         <load_address>0x614</load_address>
         <readonly>true</readonly>
         <executable>true</executable>
         <run_address>0x614</run_address>
         <size>0x28</size>
         <alignment>0x4</alignment>
         <input_file_ref idref="fl-2"/>
      </object_component>
      <object_component id="oc-82">
         <name>.text.SYSCFG_DL_init</name>
         <load_address>0x63c</load_address>
         <readonly>true</readonly>
         <executable>true</executable>
         <run_address>0x63c</run_address>
         <size>0x28</size>
         <alignment>0x4</alignment>
         <input_file_ref idref="fl-2"/>
      </object_component>
      <object_component id="oc-54">
         <name>.text:_c_int00_noargs</name>
         <load_address>0x664</load_address>
         <readonly>true</readonly>
         <executable>true</executable>
         <run_address>0x664</run_address>
         <size>0x28</size>
         <alignment>0x4</alignment>
         <input_file_ref idref="fl-23"/>
      </object_component>
      <object_component id="oc-8a">
         <name>.text.DL_DMA_enableChannel</name>
         <load_address>0x68c</load_address>
         <readonly>true</readonly>
         <executable>true</executable>
         <run_address>0x68c</run_address>
         <size>0x26</size>
         <alignment>0x2</alignment>
         <input_file_ref idref="fl-1"/>
      </object_component>
      <object_component id="oc-e7">
         <name>.text.DL_ADC12_setPowerDownMode</name>
         <load_address>0x6b2</load_address>
         <readonly>true</readonly>
         <executable>true</executable>
         <run_address>0x6b2</run_address>
         <size>0x1e</size>
         <alignment>0x2</alignment>
         <input_file_ref idref="fl-2"/>
      </object_component>
      <object_component id="oc-ed">
         <name>.text.DL_ADC12_clearInterruptStatus</name>
         <load_address>0x6d0</load_address>
         <readonly>true</readonly>
         <executable>true</executable>
         <run_address>0x6d0</run_address>
         <size>0x1c</size>
         <alignment>0x4</alignment>
         <input_file_ref idref="fl-2"/>
      </object_component>
      <object_component id="oc-e9">
         <name>.text.DL_ADC12_enableDMA</name>
         <load_address>0x6ec</load_address>
         <readonly>true</readonly>
         <executable>true</executable>
         <run_address>0x6ec</run_address>
         <size>0x1c</size>
         <alignment>0x4</alignment>
         <input_file_ref idref="fl-2"/>
      </object_component>
      <object_component id="oc-eb">
         <name>.text.DL_ADC12_enableDMATrigger</name>
         <load_address>0x708</load_address>
         <readonly>true</readonly>
         <executable>true</executable>
         <run_address>0x708</run_address>
         <size>0x1c</size>
         <alignment>0x4</alignment>
         <input_file_ref idref="fl-2"/>
      </object_component>
      <object_component id="oc-ee">
         <name>.text.DL_ADC12_enableInterrupt</name>
         <load_address>0x724</load_address>
         <readonly>true</readonly>
         <executable>true</executable>
         <run_address>0x724</run_address>
         <size>0x1c</size>
         <alignment>0x4</alignment>
         <input_file_ref idref="fl-2"/>
      </object_component>
      <object_component id="oc-d2">
         <name>.text.DL_SYSCTL_setMCLKDivider</name>
         <load_address>0x740</load_address>
         <readonly>true</readonly>
         <executable>true</executable>
         <run_address>0x740</run_address>
         <size>0x1c</size>
         <alignment>0x4</alignment>
         <input_file_ref idref="fl-2"/>
      </object_component>
      <object_component id="oc-ce">
         <name>.text.DL_SYSCTL_setSYSOSCFreq</name>
         <load_address>0x75c</load_address>
         <readonly>true</readonly>
         <executable>true</executable>
         <run_address>0x75c</run_address>
         <size>0x1c</size>
         <alignment>0x4</alignment>
         <input_file_ref idref="fl-2"/>
      </object_component>
      <object_component id="oc-d1">
         <name>.text.DL_SYSCTL_setULPCLKDivider</name>
         <load_address>0x778</load_address>
         <readonly>true</readonly>
         <executable>true</executable>
         <run_address>0x778</run_address>
         <size>0x1c</size>
         <alignment>0x4</alignment>
         <input_file_ref idref="fl-2"/>
      </object_component>
      <object_component id="oc-d3">
         <name>.text.DL_Timer_setClockConfig</name>
         <load_address>0x794</load_address>
         <readonly>true</readonly>
         <executable>true</executable>
         <run_address>0x794</run_address>
         <size>0x1c</size>
         <alignment>0x4</alignment>
         <input_file_ref idref="fl-14"/>
      </object_component>
      <object_component id="oc-ec">
         <name>.text.DL_ADC12_setSubscriberChanID</name>
         <load_address>0x7b0</load_address>
         <readonly>true</readonly>
         <executable>true</executable>
         <run_address>0x7b0</run_address>
         <size>0x1a</size>
         <alignment>0x2</alignment>
         <input_file_ref idref="fl-2"/>
      </object_component>
      <object_component id="oc-c8">
         <name>.text.DL_ADC12_enablePower</name>
         <load_address>0x7cc</load_address>
         <readonly>true</readonly>
         <executable>true</executable>
         <run_address>0x7cc</run_address>
         <size>0x18</size>
         <alignment>0x4</alignment>
         <input_file_ref idref="fl-2"/>
      </object_component>
      <object_component id="oc-c5">
         <name>.text.DL_ADC12_reset</name>
         <load_address>0x7e4</load_address>
         <readonly>true</readonly>
         <executable>true</executable>
         <run_address>0x7e4</run_address>
         <size>0x18</size>
         <alignment>0x4</alignment>
         <input_file_ref idref="fl-2"/>
      </object_component>
      <object_component id="oc-e8">
         <name>.text.DL_ADC12_setSampleTime0</name>
         <load_address>0x7fc</load_address>
         <readonly>true</readonly>
         <executable>true</executable>
         <run_address>0x7fc</run_address>
         <size>0x18</size>
         <alignment>0x4</alignment>
         <input_file_ref idref="fl-2"/>
      </object_component>
      <object_component id="oc-c6">
         <name>.text.DL_GPIO_enablePower</name>
         <load_address>0x814</load_address>
         <readonly>true</readonly>
         <executable>true</executable>
         <run_address>0x814</run_address>
         <size>0x18</size>
         <alignment>0x4</alignment>
         <input_file_ref idref="fl-2"/>
      </object_component>
      <object_component id="oc-c3">
         <name>.text.DL_GPIO_reset</name>
         <load_address>0x82c</load_address>
         <readonly>true</readonly>
         <executable>true</executable>
         <run_address>0x82c</run_address>
         <size>0x18</size>
         <alignment>0x4</alignment>
         <input_file_ref idref="fl-2"/>
      </object_component>
      <object_component id="oc-cd">
         <name>.text.DL_SYSCTL_setBORThreshold</name>
         <load_address>0x844</load_address>
         <readonly>true</readonly>
         <executable>true</executable>
         <run_address>0x844</run_address>
         <size>0x18</size>
         <alignment>0x4</alignment>
         <input_file_ref idref="fl-2"/>
      </object_component>
      <object_component id="oc-c7">
         <name>.text.DL_Timer_enablePower</name>
         <load_address>0x85c</load_address>
         <readonly>true</readonly>
         <executable>true</executable>
         <run_address>0x85c</run_address>
         <size>0x18</size>
         <alignment>0x4</alignment>
         <input_file_ref idref="fl-2"/>
      </object_component>
      <object_component id="oc-c4">
         <name>.text.DL_Timer_reset</name>
         <load_address>0x874</load_address>
         <readonly>true</readonly>
         <executable>true</executable>
         <run_address>0x874</run_address>
         <size>0x18</size>
         <alignment>0x4</alignment>
         <input_file_ref idref="fl-2"/>
      </object_component>
      <object_component id="oc-5d">
         <name>.text.DL_Timer_startCounter</name>
         <load_address>0x88c</load_address>
         <readonly>true</readonly>
         <executable>true</executable>
         <run_address>0x88c</run_address>
         <size>0x18</size>
         <alignment>0x4</alignment>
         <input_file_ref idref="fl-1"/>
      </object_component>
      <object_component id="oc-5c">
         <name>.text.DL_Timer_stopCounter</name>
         <load_address>0x8a4</load_address>
         <readonly>true</readonly>
         <executable>true</executable>
         <run_address>0x8a4</run_address>
         <size>0x18</size>
         <alignment>0x4</alignment>
         <input_file_ref idref="fl-1"/>
      </object_component>
      <object_component id="oc-f1">
         <name>.text.SYSCFG_DL_DMA_CH0_init</name>
         <load_address>0x8bc</load_address>
         <readonly>true</readonly>
         <executable>true</executable>
         <run_address>0x8bc</run_address>
         <size>0x18</size>
         <alignment>0x4</alignment>
         <input_file_ref idref="fl-2"/>
      </object_component>
      <object_component id="oc-ef">
         <name>.text.DL_ADC12_enableConversions</name>
         <load_address>0x8d4</load_address>
         <readonly>true</readonly>
         <executable>true</executable>
         <run_address>0x8d4</run_address>
         <size>0x16</size>
         <alignment>0x2</alignment>
         <input_file_ref idref="fl-2"/>
      </object_component>
      <object_component id="oc-d0">
         <name>.text.DL_SYSCTL_disableSYSPLL</name>
         <load_address>0x8ec</load_address>
         <readonly>true</readonly>
         <executable>true</executable>
         <run_address>0x8ec</run_address>
         <size>0x14</size>
         <alignment>0x4</alignment>
         <input_file_ref idref="fl-2"/>
      </object_component>
      <object_component id="oc-da">
         <name>.text.DL_Timer_enableClock</name>
         <load_address>0x900</load_address>
         <readonly>true</readonly>
         <executable>true</executable>
         <run_address>0x900</run_address>
         <size>0x14</size>
         <alignment>0x4</alignment>
         <input_file_ref idref="fl-2"/>
      </object_component>
      <object_component id="oc-5b">
         <name>.text.DL_ADC12_getPendingInterrupt</name>
         <load_address>0x914</load_address>
         <readonly>true</readonly>
         <executable>true</executable>
         <run_address>0x914</run_address>
         <size>0x12</size>
         <alignment>0x2</alignment>
         <input_file_ref idref="fl-1"/>
      </object_component>
      <object_component id="oc-cf">
         <name>.text.DL_SYSCTL_disableHFXT</name>
         <load_address>0x928</load_address>
         <readonly>true</readonly>
         <executable>true</executable>
         <run_address>0x928</run_address>
         <size>0x10</size>
         <alignment>0x4</alignment>
         <input_file_ref idref="fl-2"/>
      </object_component>
      <object_component id="oc-51">
         <name>.text:decompress:ZI</name>
         <load_address>0x938</load_address>
         <readonly>true</readonly>
         <executable>true</executable>
         <run_address>0x938</run_address>
         <size>0x10</size>
         <alignment>0x2</alignment>
         <input_file_ref idref="fl-28"/>
      </object_component>
      <object_component id="oc-a7">
         <name>.text:TI_memset_small</name>
         <load_address>0x948</load_address>
         <readonly>true</readonly>
         <executable>true</executable>
         <run_address>0x948</run_address>
         <size>0xe</size>
         <alignment>0x1</alignment>
         <input_file_ref idref="fl-96"/>
      </object_component>
      <object_component id="oc-64">
         <name>.text.__aeabi_memclr</name>
         <load_address>0x958</load_address>
         <readonly>true</readonly>
         <executable>true</executable>
         <run_address>0x958</run_address>
         <size>0xc</size>
         <alignment>0x4</alignment>
         <input_file_ref idref="fl-94"/>
      </object_component>
      <object_component id="oc-c9">
         <name>.text.DL_Common_delayCycles</name>
         <load_address>0x964</load_address>
         <readonly>true</readonly>
         <executable>true</executable>
         <run_address>0x964</run_address>
         <size>0xa</size>
         <alignment>0x2</alignment>
         <input_file_ref idref="fl-12"/>
      </object_component>
      <object_component id="oc-b2">
         <name>.text.SYSCFG_DL_DMA_init</name>
         <load_address>0x96e</load_address>
         <readonly>true</readonly>
         <executable>true</executable>
         <run_address>0x96e</run_address>
         <size>0x8</size>
         <alignment>0x2</alignment>
         <input_file_ref idref="fl-2"/>
      </object_component>
      <object_component id="oc-33">
         <name>.text.Default_Handler</name>
         <load_address>0x976</load_address>
         <readonly>true</readonly>
         <executable>true</executable>
         <run_address>0x976</run_address>
         <size>0x4</size>
         <alignment>0x2</alignment>
         <input_file_ref idref="fl-3"/>
      </object_component>
      <object_component id="oc-2f">
         <name>.text.Reset_Handler</name>
         <load_address>0x97a</load_address>
         <readonly>true</readonly>
         <executable>true</executable>
         <run_address>0x97a</run_address>
         <size>0x4</size>
         <alignment>0x2</alignment>
         <input_file_ref idref="fl-3"/>
      </object_component>
      <object_component id="oc-69">
         <name>.text._system_pre_init</name>
         <load_address>0x97e</load_address>
         <readonly>true</readonly>
         <executable>true</executable>
         <run_address>0x97e</run_address>
         <size>0x4</size>
         <alignment>0x2</alignment>
         <input_file_ref idref="fl-26"/>
      </object_component>
      <object_component id="oc-8d">
         <name>.text:abort</name>
         <load_address>0x982</load_address>
         <readonly>true</readonly>
         <executable>true</executable>
         <run_address>0x982</run_address>
         <size>0x4</size>
         <alignment>0x2</alignment>
         <input_file_ref idref="fl-2b"/>
      </object_component>
      <object_component id="oc-14c">
         <name>.cinit..bss.load</name>
         <load_address>0x9c0</load_address>
         <readonly>true</readonly>
         <run_address>0x9c0</run_address>
         <size>0x8</size>
         <alignment>0x4</alignment>
      </object_component>
      <object_component id="oc-14a">
         <name>__TI_handler_table</name>
         <load_address>0x9c8</load_address>
         <readonly>true</readonly>
         <run_address>0x9c8</run_address>
         <size>0x4</size>
         <alignment>0x4</alignment>
      </object_component>
      <object_component id="oc-14b">
         <name>__TI_cinit_table</name>
         <load_address>0x9cc</load_address>
         <readonly>true</readonly>
         <run_address>0x9cc</run_address>
         <size>0x8</size>
         <alignment>0x4</alignment>
      </object_component>
      <object_component id="oc-107">
         <name>.rodata.gDMA_CH0Config</name>
         <load_address>0x988</load_address>
         <readonly>true</readonly>
         <run_address>0x988</run_address>
         <size>0x18</size>
         <alignment>0x4</alignment>
         <input_file_ref idref="fl-2"/>
      </object_component>
      <object_component id="oc-de">
         <name>.rodata.gTIMER_0TimerConfig</name>
         <load_address>0x9a0</load_address>
         <readonly>true</readonly>
         <run_address>0x9a0</run_address>
         <size>0x14</size>
         <alignment>0x4</alignment>
         <input_file_ref idref="fl-2"/>
      </object_component>
      <object_component id="oc-f0">
         <name>.rodata.gADC12_0ClockConfig</name>
         <load_address>0x9b4</load_address>
         <readonly>true</readonly>
         <run_address>0x9b4</run_address>
         <size>0x8</size>
         <alignment>0x4</alignment>
         <input_file_ref idref="fl-2"/>
      </object_component>
      <object_component id="oc-dd">
         <name>.rodata.gTIMER_0ClockConfig</name>
         <load_address>0x9bc</load_address>
         <readonly>true</readonly>
         <run_address>0x9bc</run_address>
         <size>0x3</size>
         <alignment>0x1</alignment>
         <input_file_ref idref="fl-2"/>
      </object_component>
      <object_component id="oc-114">
         <name>.binit</name>
         <load_address>0x0</load_address>
         <readonly>true</readonly>
         <run_address>0x0</run_address>
         <size>0x0</size>
         <alignment>0x4</alignment>
      </object_component>
      <object_component id="oc-8c">
         <name>.common:gADCSamples</name>
         <uninitialized>true</uninitialized>
         <readwrite>true</readwrite>
         <run_address>0x20200000</run_address>
         <size>0x800</size>
         <alignment>0x2</alignment>
      </object_component>
      <object_component id="oc-b3">
         <name>.common:gTIMER_0Backup</name>
         <uninitialized>true</uninitialized>
         <readwrite>true</readwrite>
         <run_address>0x20200800</run_address>
         <size>0xbc</size>
         <alignment>0x4</alignment>
      </object_component>
      <object_component id="oc-1a">
         <name>.stack</name>
         <uninitialized>true</uninitialized>
         <readwrite>true</readwrite>
         <run_address>0x20207e00</run_address>
         <size>0x4</size>
         <alignment>0x4</alignment>
         <input_file_ref idref="fl-23"/>
      </object_component>
      <object_component id="oc-14e">
         <name>.stack</name>
         <uninitialized>true</uninitialized>
         <readwrite>true</readwrite>
         <run_address>0x20207e00</run_address>
         <size>0x0</size>
         <alignment>0x8</alignment>
      </object_component>
      <object_component id="oc-5e">
         <name>.debug_abbrev</name>
         <load_address>0x0</load_address>
         <run_address>0x0</run_address>
         <size>0x17a</size>
         <alignment>0x1</alignment>
         <input_file_ref idref="fl-1"/>
      </object_component>
      <object_component id="oc-b4">
         <name>.debug_abbrev</name>
         <load_address>0x17a</load_address>
         <run_address>0x17a</run_address>
         <size>0x1e9</size>
         <alignment>0x1</alignment>
         <input_file_ref idref="fl-2"/>
      </object_component>
      <object_component id="oc-39">
         <name>.debug_abbrev</name>
         <load_address>0x363</load_address>
         <run_address>0x363</run_address>
         <size>0x6d</size>
         <alignment>0x1</alignment>
         <input_file_ref idref="fl-3"/>
      </object_component>
      <object_component id="oc-101">
         <name>.debug_abbrev</name>
         <load_address>0x3d0</load_address>
         <run_address>0x3d0</run_address>
         <size>0x171</size>
         <alignment>0x1</alignment>
         <input_file_ref idref="fl-11"/>
      </object_component>
      <object_component id="oc-fb">
         <name>.debug_abbrev</name>
         <load_address>0x541</load_address>
         <run_address>0x541</run_address>
         <size>0x62</size>
         <alignment>0x1</alignment>
         <input_file_ref idref="fl-12"/>
      </object_component>
      <object_component id="oc-108">
         <name>.debug_abbrev</name>
         <load_address>0x5a3</load_address>
         <run_address>0x5a3</run_address>
         <size>0x182</size>
         <alignment>0x1</alignment>
         <input_file_ref idref="fl-13"/>
      </object_component>
      <object_component id="oc-ff">
         <name>.debug_abbrev</name>
         <load_address>0x725</load_address>
         <run_address>0x725</run_address>
         <size>0x258</size>
         <alignment>0x1</alignment>
         <input_file_ref idref="fl-14"/>
      </object_component>
      <object_component id="oc-3b">
         <name>.debug_abbrev</name>
         <load_address>0x97d</load_address>
         <run_address>0x97d</run_address>
         <size>0xaf</size>
         <alignment>0x1</alignment>
         <input_file_ref idref="fl-23"/>
      </object_component>
      <object_component id="oc-bc">
         <name>.debug_abbrev</name>
         <load_address>0xa2c</load_address>
         <run_address>0xa2c</run_address>
         <size>0x186</size>
         <alignment>0x1</alignment>
         <input_file_ref idref="fl-25"/>
      </object_component>
      <object_component id="oc-80">
         <name>.debug_abbrev</name>
         <load_address>0xbb2</load_address>
         <run_address>0xbb2</run_address>
         <size>0x39</size>
         <alignment>0x1</alignment>
         <input_file_ref idref="fl-26"/>
      </object_component>
      <object_component id="oc-62">
         <name>.debug_abbrev</name>
         <load_address>0xbeb</load_address>
         <run_address>0xbeb</run_address>
         <size>0xc2</size>
         <alignment>0x1</alignment>
         <input_file_ref idref="fl-28"/>
      </object_component>
      <object_component id="oc-b6">
         <name>.debug_abbrev</name>
         <load_address>0xcad</load_address>
         <run_address>0xcad</run_address>
         <size>0xb3</size>
         <alignment>0x1</alignment>
         <input_file_ref idref="fl-2b"/>
      </object_component>
      <object_component id="oc-7f">
         <name>.debug_abbrev</name>
         <load_address>0xd60</load_address>
         <run_address>0xd60</run_address>
         <size>0x25</size>
         <alignment>0x1</alignment>
         <input_file_ref idref="fl-94"/>
      </object_component>
      <object_component id="oc-c2">
         <name>.debug_abbrev</name>
         <load_address>0xd85</load_address>
         <run_address>0xd85</run_address>
         <size>0x25</size>
         <alignment>0x1</alignment>
         <input_file_ref idref="fl-96"/>
      </object_component>
      <object_component id="oc-150">
         <name>.debug_abbrev</name>
         <load_address>0xdaa</load_address>
         <run_address>0xdaa</run_address>
         <size>0xf</size>
         <alignment>0x0</alignment>
      </object_component>
      <object_component id="oc-37">
         <name>.debug_info</name>
         <load_address>0x0</load_address>
         <run_address>0x0</run_address>
         <size>0x12bc</size>
         <alignment>0x1</alignment>
         <input_file_ref idref="fl-1"/>
      </object_component>
      <object_component id="oc-85">
         <name>.debug_info</name>
         <load_address>0x12bc</load_address>
         <run_address>0x12bc</run_address>
         <size>0x38f5</size>
         <alignment>0x1</alignment>
         <input_file_ref idref="fl-2"/>
      </object_component>
      <object_component id="oc-19">
         <name>.debug_info</name>
         <load_address>0x4bb1</load_address>
         <run_address>0x4bb1</run_address>
         <size>0x80</size>
         <alignment>0x1</alignment>
         <input_file_ref idref="fl-3"/>
      </object_component>
      <object_component id="oc-e0">
         <name>.debug_info</name>
         <load_address>0x4c31</load_address>
         <run_address>0x4c31</run_address>
         <size>0x731</size>
         <alignment>0x1</alignment>
         <input_file_ref idref="fl-11"/>
      </object_component>
      <object_component id="oc-ca">
         <name>.debug_info</name>
         <load_address>0x5362</load_address>
         <run_address>0x5362</run_address>
         <size>0x75</size>
         <alignment>0x1</alignment>
         <input_file_ref idref="fl-12"/>
      </object_component>
      <object_component id="oc-105">
         <name>.debug_info</name>
         <load_address>0x53d7</load_address>
         <run_address>0x53d7</run_address>
         <size>0x6df</size>
         <alignment>0x1</alignment>
         <input_file_ref idref="fl-13"/>
      </object_component>
      <object_component id="oc-d4">
         <name>.debug_info</name>
         <load_address>0x5ab6</load_address>
         <run_address>0x5ab6</run_address>
         <size>0x2f93</size>
         <alignment>0x1</alignment>
         <input_file_ref idref="fl-14"/>
      </object_component>
      <object_component id="oc-1b">
         <name>.debug_info</name>
         <load_address>0x8a49</load_address>
         <run_address>0x8a49</run_address>
         <size>0x423</size>
         <alignment>0x1</alignment>
         <input_file_ref idref="fl-23"/>
      </object_component>
      <object_component id="oc-98">
         <name>.debug_info</name>
         <load_address>0x8e6c</load_address>
         <run_address>0x8e6c</run_address>
         <size>0x74a</size>
         <alignment>0x1</alignment>
         <input_file_ref idref="fl-25"/>
      </object_component>
      <object_component id="oc-6b">
         <name>.debug_info</name>
         <load_address>0x95b6</load_address>
         <run_address>0x95b6</run_address>
         <size>0x46</size>
         <alignment>0x1</alignment>
         <input_file_ref idref="fl-26"/>
      </object_component>
      <object_component id="oc-50">
         <name>.debug_info</name>
         <load_address>0x95fc</load_address>
         <run_address>0x95fc</run_address>
         <size>0x192</size>
         <alignment>0x1</alignment>
         <input_file_ref idref="fl-28"/>
      </object_component>
      <object_component id="oc-91">
         <name>.debug_info</name>
         <load_address>0x978e</load_address>
         <run_address>0x978e</run_address>
         <size>0xed</size>
         <alignment>0x1</alignment>
         <input_file_ref idref="fl-2b"/>
      </object_component>
      <object_component id="oc-67">
         <name>.debug_info</name>
         <load_address>0x987b</load_address>
         <run_address>0x987b</run_address>
         <size>0x1ba</size>
         <alignment>0x1</alignment>
         <input_file_ref idref="fl-94"/>
      </object_component>
      <object_component id="oc-a8">
         <name>.debug_info</name>
         <load_address>0x9a35</load_address>
         <run_address>0x9a35</run_address>
         <size>0x244</size>
         <alignment>0x1</alignment>
         <input_file_ref idref="fl-96"/>
      </object_component>
      <object_component id="oc-14f">
         <name>.debug_info</name>
         <load_address>0x9c79</load_address>
         <run_address>0x9c79</run_address>
         <size>0xaa</size>
         <alignment>0x0</alignment>
      </object_component>
      <object_component id="oc-38">
         <name>.debug_ranges</name>
         <load_address>0x0</load_address>
         <run_address>0x0</run_address>
         <size>0x58</size>
         <alignment>0x1</alignment>
         <input_file_ref idref="fl-1"/>
      </object_component>
      <object_component id="oc-86">
         <name>.debug_ranges</name>
         <load_address>0x58</load_address>
         <run_address>0x58</run_address>
         <size>0x130</size>
         <alignment>0x1</alignment>
         <input_file_ref idref="fl-2"/>
      </object_component>
      <object_component id="oc-31">
         <name>.debug_ranges</name>
         <load_address>0x188</load_address>
         <run_address>0x188</run_address>
         <size>0x18</size>
         <alignment>0x1</alignment>
         <input_file_ref idref="fl-3"/>
      </object_component>
      <object_component id="oc-e4">
         <name>.debug_ranges</name>
         <load_address>0x1a0</load_address>
         <run_address>0x1a0</run_address>
         <size>0x18</size>
         <alignment>0x1</alignment>
         <input_file_ref idref="fl-11"/>
      </object_component>
      <object_component id="oc-d7">
         <name>.debug_ranges</name>
         <load_address>0x1b8</load_address>
         <run_address>0x1b8</run_address>
         <size>0x170</size>
         <alignment>0x1</alignment>
         <input_file_ref idref="fl-14"/>
      </object_component>
      <object_component id="oc-3e">
         <name>.debug_ranges</name>
         <load_address>0x328</load_address>
         <run_address>0x328</run_address>
         <size>0x48</size>
         <alignment>0x1</alignment>
         <input_file_ref idref="fl-23"/>
      </object_component>
      <object_component id="oc-96">
         <name>.debug_ranges</name>
         <load_address>0x370</load_address>
         <run_address>0x370</run_address>
         <size>0xa8</size>
         <alignment>0x1</alignment>
         <input_file_ref idref="fl-25"/>
      </object_component>
      <object_component id="oc-4d">
         <name>.debug_ranges</name>
         <load_address>0x418</load_address>
         <run_address>0x418</run_address>
         <size>0x18</size>
         <alignment>0x1</alignment>
         <input_file_ref idref="fl-28"/>
      </object_component>
      <object_component id="oc-90">
         <name>.debug_ranges</name>
         <load_address>0x430</load_address>
         <run_address>0x430</run_address>
         <size>0x18</size>
         <alignment>0x1</alignment>
         <input_file_ref idref="fl-2b"/>
      </object_component>
      <object_component id="oc-68">
         <name>.debug_ranges</name>
         <load_address>0x448</load_address>
         <run_address>0x448</run_address>
         <size>0x28</size>
         <alignment>0x1</alignment>
         <input_file_ref idref="fl-94"/>
      </object_component>
      <object_component id="oc-ab">
         <name>.debug_ranges</name>
         <load_address>0x470</load_address>
         <run_address>0x470</run_address>
         <size>0x28</size>
         <alignment>0x1</alignment>
         <input_file_ref idref="fl-96"/>
      </object_component>
      <object_component id="oc-5f">
         <name>.debug_str</name>
         <load_address>0x0</load_address>
         <run_address>0x0</run_address>
         <size>0xb2d</size>
         <alignment>0x1</alignment>
         <input_file_ref idref="fl-1"/>
      </object_component>
      <object_component id="oc-b5">
         <name>.debug_str</name>
         <load_address>0xb2d</load_address>
         <run_address>0xb2d</run_address>
         <size>0x25a7</size>
         <alignment>0x1</alignment>
         <input_file_ref idref="fl-2"/>
      </object_component>
      <object_component id="oc-3a">
         <name>.debug_str</name>
         <load_address>0x30d4</load_address>
         <run_address>0x30d4</run_address>
         <size>0x161</size>
         <alignment>0x1</alignment>
         <input_file_ref idref="fl-3"/>
      </object_component>
      <object_component id="oc-102">
         <name>.debug_str</name>
         <load_address>0x3235</load_address>
         <run_address>0x3235</run_address>
         <size>0x63b</size>
         <alignment>0x1</alignment>
         <input_file_ref idref="fl-11"/>
      </object_component>
      <object_component id="oc-fc">
         <name>.debug_str</name>
         <load_address>0x3870</load_address>
         <run_address>0x3870</run_address>
         <size>0x177</size>
         <alignment>0x1</alignment>
         <input_file_ref idref="fl-12"/>
      </object_component>
      <object_component id="oc-109">
         <name>.debug_str</name>
         <load_address>0x39e7</load_address>
         <run_address>0x39e7</run_address>
         <size>0x686</size>
         <alignment>0x1</alignment>
         <input_file_ref idref="fl-13"/>
      </object_component>
      <object_component id="oc-100">
         <name>.debug_str</name>
         <load_address>0x406d</load_address>
         <run_address>0x406d</run_address>
         <size>0x1c3b</size>
         <alignment>0x1</alignment>
         <input_file_ref idref="fl-14"/>
      </object_component>
      <object_component id="oc-3c">
         <name>.debug_str</name>
         <load_address>0x5ca8</load_address>
         <run_address>0x5ca8</run_address>
         <size>0x225</size>
         <alignment>0x1</alignment>
         <input_file_ref idref="fl-23"/>
      </object_component>
      <object_component id="oc-bd">
         <name>.debug_str</name>
         <load_address>0x5ecd</load_address>
         <run_address>0x5ecd</run_address>
         <size>0x32f</size>
         <alignment>0x1</alignment>
         <input_file_ref idref="fl-25"/>
      </object_component>
      <object_component id="oc-81">
         <name>.debug_str</name>
         <load_address>0x61fc</load_address>
         <run_address>0x61fc</run_address>
         <size>0xf5</size>
         <alignment>0x1</alignment>
         <input_file_ref idref="fl-26"/>
      </object_component>
      <object_component id="oc-63">
         <name>.debug_str</name>
         <load_address>0x62f1</load_address>
         <run_address>0x62f1</run_address>
         <size>0x19b</size>
         <alignment>0x1</alignment>
         <input_file_ref idref="fl-28"/>
      </object_component>
      <object_component id="oc-b7">
         <name>.debug_str</name>
         <load_address>0x648c</load_address>
         <run_address>0x648c</run_address>
         <size>0x13f</size>
         <alignment>0x1</alignment>
         <input_file_ref idref="fl-2b"/>
      </object_component>
      <object_component id="oc-36">
         <name>.debug_frame</name>
         <load_address>0x0</load_address>
         <run_address>0x0</run_address>
         <size>0xe8</size>
         <alignment>0x4</alignment>
         <input_file_ref idref="fl-1"/>
      </object_component>
      <object_component id="oc-83">
         <name>.debug_frame</name>
         <load_address>0xe8</load_address>
         <run_address>0xe8</run_address>
         <size>0x35c</size>
         <alignment>0x4</alignment>
         <input_file_ref idref="fl-2"/>
      </object_component>
      <object_component id="oc-30">
         <name>.debug_frame</name>
         <load_address>0x444</load_address>
         <run_address>0x444</run_address>
         <size>0x30</size>
         <alignment>0x4</alignment>
         <input_file_ref idref="fl-3"/>
      </object_component>
      <object_component id="oc-e1">
         <name>.debug_frame</name>
         <load_address>0x474</load_address>
         <run_address>0x474</run_address>
         <size>0x4c</size>
         <alignment>0x4</alignment>
         <input_file_ref idref="fl-11"/>
      </object_component>
      <object_component id="oc-cb">
         <name>.debug_frame</name>
         <load_address>0x4c0</load_address>
         <run_address>0x4c0</run_address>
         <size>0x20</size>
         <alignment>0x4</alignment>
         <input_file_ref idref="fl-12"/>
      </object_component>
      <object_component id="oc-106">
         <name>.debug_frame</name>
         <load_address>0x4e0</load_address>
         <run_address>0x4e0</run_address>
         <size>0x30</size>
         <alignment>0x4</alignment>
         <input_file_ref idref="fl-13"/>
      </object_component>
      <object_component id="oc-d5">
         <name>.debug_frame</name>
         <load_address>0x510</load_address>
         <run_address>0x510</run_address>
         <size>0x400</size>
         <alignment>0x4</alignment>
         <input_file_ref idref="fl-14"/>
      </object_component>
      <object_component id="oc-53">
         <name>.debug_frame</name>
         <load_address>0x910</load_address>
         <run_address>0x910</run_address>
         <size>0x90</size>
         <alignment>0x4</alignment>
         <input_file_ref idref="fl-23"/>
      </object_component>
      <object_component id="oc-97">
         <name>.debug_frame</name>
         <load_address>0x9a0</load_address>
         <run_address>0x9a0</run_address>
         <size>0x100</size>
         <alignment>0x4</alignment>
         <input_file_ref idref="fl-25"/>
      </object_component>
      <object_component id="oc-6c">
         <name>.debug_frame</name>
         <load_address>0xaa0</load_address>
         <run_address>0xaa0</run_address>
         <size>0x20</size>
         <alignment>0x4</alignment>
         <input_file_ref idref="fl-26"/>
      </object_component>
      <object_component id="oc-4c">
         <name>.debug_frame</name>
         <load_address>0xac0</load_address>
         <run_address>0xac0</run_address>
         <size>0x38</size>
         <alignment>0x4</alignment>
         <input_file_ref idref="fl-28"/>
      </object_component>
      <object_component id="oc-8f">
         <name>.debug_frame</name>
         <load_address>0xaf8</load_address>
         <run_address>0xaf8</run_address>
         <size>0x30</size>
         <alignment>0x4</alignment>
         <input_file_ref idref="fl-2b"/>
      </object_component>
      <object_component id="oc-35">
         <name>.debug_line</name>
         <load_address>0x0</load_address>
         <run_address>0x0</run_address>
         <size>0x3db</size>
         <alignment>0x1</alignment>
         <input_file_ref idref="fl-1"/>
      </object_component>
      <object_component id="oc-84">
         <name>.debug_line</name>
         <load_address>0x3db</load_address>
         <run_address>0x3db</run_address>
         <size>0x8b6</size>
         <alignment>0x1</alignment>
         <input_file_ref idref="fl-2"/>
      </object_component>
      <object_component id="oc-32">
         <name>.debug_line</name>
         <load_address>0xc91</load_address>
         <run_address>0xc91</run_address>
         <size>0xba</size>
         <alignment>0x1</alignment>
         <input_file_ref idref="fl-3"/>
      </object_component>
      <object_component id="oc-e3">
         <name>.debug_line</name>
         <load_address>0xd4b</load_address>
         <run_address>0xd4b</run_address>
         <size>0x1f1</size>
         <alignment>0x1</alignment>
         <input_file_ref idref="fl-11"/>
      </object_component>
      <object_component id="oc-cc">
         <name>.debug_line</name>
         <load_address>0xf3c</load_address>
         <run_address>0xf3c</run_address>
         <size>0xe4</size>
         <alignment>0x1</alignment>
         <input_file_ref idref="fl-12"/>
      </object_component>
      <object_component id="oc-104">
         <name>.debug_line</name>
         <load_address>0x1020</load_address>
         <run_address>0x1020</run_address>
         <size>0x1b0</size>
         <alignment>0x1</alignment>
         <input_file_ref idref="fl-13"/>
      </object_component>
      <object_component id="oc-d6">
         <name>.debug_line</name>
         <load_address>0x11d0</load_address>
         <run_address>0x11d0</run_address>
         <size>0x15a5</size>
         <alignment>0x1</alignment>
         <input_file_ref idref="fl-14"/>
      </object_component>
      <object_component id="oc-3d">
         <name>.debug_line</name>
         <load_address>0x2775</load_address>
         <run_address>0x2775</run_address>
         <size>0x1fe</size>
         <alignment>0x1</alignment>
         <input_file_ref idref="fl-23"/>
      </object_component>
      <object_component id="oc-99">
         <name>.debug_line</name>
         <load_address>0x2973</load_address>
         <run_address>0x2973</run_address>
         <size>0x4fb</size>
         <alignment>0x1</alignment>
         <input_file_ref idref="fl-25"/>
      </object_component>
      <object_component id="oc-6a">
         <name>.debug_line</name>
         <load_address>0x2e6e</load_address>
         <run_address>0x2e6e</run_address>
         <size>0x3e</size>
         <alignment>0x1</alignment>
         <input_file_ref idref="fl-26"/>
      </object_component>
      <object_component id="oc-4f">
         <name>.debug_line</name>
         <load_address>0x2eac</load_address>
         <run_address>0x2eac</run_address>
         <size>0xf8</size>
         <alignment>0x1</alignment>
         <input_file_ref idref="fl-28"/>
      </object_component>
      <object_component id="oc-8e">
         <name>.debug_line</name>
         <load_address>0x2fa4</load_address>
         <run_address>0x2fa4</run_address>
         <size>0x6b</size>
         <alignment>0x1</alignment>
         <input_file_ref idref="fl-2b"/>
      </object_component>
      <object_component id="oc-66">
         <name>.debug_line</name>
         <load_address>0x300f</load_address>
         <run_address>0x300f</run_address>
         <size>0xba</size>
         <alignment>0x1</alignment>
         <input_file_ref idref="fl-94"/>
      </object_component>
      <object_component id="oc-aa">
         <name>.debug_line</name>
         <load_address>0x30c9</load_address>
         <run_address>0x30c9</run_address>
         <size>0x80</size>
         <alignment>0x1</alignment>
         <input_file_ref idref="fl-96"/>
      </object_component>
      <object_component id="oc-e2">
         <name>.debug_loc</name>
         <load_address>0x0</load_address>
         <run_address>0x0</run_address>
         <size>0xc7</size>
         <alignment>0x1</alignment>
         <input_file_ref idref="fl-11"/>
      </object_component>
      <object_component id="oc-fd">
         <name>.debug_loc</name>
         <load_address>0xc7</load_address>
         <run_address>0xc7</run_address>
         <size>0x13</size>
         <alignment>0x1</alignment>
         <input_file_ref idref="fl-12"/>
      </object_component>
      <object_component id="oc-10a">
         <name>.debug_loc</name>
         <load_address>0xda</load_address>
         <run_address>0xda</run_address>
         <size>0xbd</size>
         <alignment>0x1</alignment>
         <input_file_ref idref="fl-13"/>
      </object_component>
      <object_component id="oc-d8">
         <name>.debug_loc</name>
         <load_address>0x197</load_address>
         <run_address>0x197</run_address>
         <size>0x18ad</size>
         <alignment>0x1</alignment>
         <input_file_ref idref="fl-14"/>
      </object_component>
      <object_component id="oc-3f">
         <name>.debug_loc</name>
         <load_address>0x1a44</load_address>
         <run_address>0x1a44</run_address>
         <size>0xd8</size>
         <alignment>0x1</alignment>
         <input_file_ref idref="fl-23"/>
      </object_component>
      <object_component id="oc-95">
         <name>.debug_loc</name>
         <load_address>0x1b1c</load_address>
         <run_address>0x1b1c</run_address>
         <size>0x480</size>
         <alignment>0x1</alignment>
         <input_file_ref idref="fl-25"/>
      </object_component>
      <object_component id="oc-4e">
         <name>.debug_loc</name>
         <load_address>0x1f9c</load_address>
         <run_address>0x1f9c</run_address>
         <size>0x16c</size>
         <alignment>0x1</alignment>
         <input_file_ref idref="fl-28"/>
      </object_component>
      <object_component id="oc-93">
         <name>.debug_loc</name>
         <load_address>0x2108</load_address>
         <run_address>0x2108</run_address>
         <size>0x26</size>
         <alignment>0x1</alignment>
         <input_file_ref idref="fl-2b"/>
      </object_component>
      <object_component id="oc-65">
         <name>.debug_aranges</name>
         <load_address>0x0</load_address>
         <run_address>0x0</run_address>
         <size>0x28</size>
         <alignment>0x1</alignment>
         <input_file_ref idref="fl-94"/>
      </object_component>
      <object_component id="oc-a9">
         <name>.debug_aranges</name>
         <load_address>0x28</load_address>
         <run_address>0x28</run_address>
         <size>0x28</size>
         <alignment>0x1</alignment>
         <input_file_ref idref="fl-96"/>
      </object_component>
   </object_component_list>
   <logical_group_list>
      <logical_group id="lg-2" display="no" color="cyan">
         <name>.intvecs</name>
         <load_address>0x0</load_address>
         <run_address>0x0</run_address>
         <size>0xc0</size>
         <contents>
            <object_component_ref idref="oc-18"/>
         </contents>
      </logical_group>
      <logical_group id="lg-3" display="no" color="cyan">
         <name>.text</name>
         <load_address>0xc0</load_address>
         <run_address>0xc0</run_address>
         <size>0x8c8</size>
         <contents>
            <object_component_ref idref="oc-d9"/>
            <object_component_ref idref="oc-b1"/>
            <object_component_ref idref="oc-ad"/>
            <object_component_ref idref="oc-6d"/>
            <object_component_ref idref="oc-e5"/>
            <object_component_ref idref="oc-103"/>
            <object_component_ref idref="oc-e6"/>
            <object_component_ref idref="oc-ae"/>
            <object_component_ref idref="oc-b0"/>
            <object_component_ref idref="oc-df"/>
            <object_component_ref idref="oc-94"/>
            <object_component_ref idref="oc-dc"/>
            <object_component_ref idref="oc-34"/>
            <object_component_ref idref="oc-89"/>
            <object_component_ref idref="oc-ea"/>
            <object_component_ref idref="oc-8b"/>
            <object_component_ref idref="oc-af"/>
            <object_component_ref idref="oc-fe"/>
            <object_component_ref idref="oc-88"/>
            <object_component_ref idref="oc-87"/>
            <object_component_ref idref="oc-db"/>
            <object_component_ref idref="oc-82"/>
            <object_component_ref idref="oc-54"/>
            <object_component_ref idref="oc-8a"/>
            <object_component_ref idref="oc-e7"/>
            <object_component_ref idref="oc-ed"/>
            <object_component_ref idref="oc-e9"/>
            <object_component_ref idref="oc-eb"/>
            <object_component_ref idref="oc-ee"/>
            <object_component_ref idref="oc-d2"/>
            <object_component_ref idref="oc-ce"/>
            <object_component_ref idref="oc-d1"/>
            <object_component_ref idref="oc-d3"/>
            <object_component_ref idref="oc-ec"/>
            <object_component_ref idref="oc-c8"/>
            <object_component_ref idref="oc-c5"/>
            <object_component_ref idref="oc-e8"/>
            <object_component_ref idref="oc-c6"/>
            <object_component_ref idref="oc-c3"/>
            <object_component_ref idref="oc-cd"/>
            <object_component_ref idref="oc-c7"/>
            <object_component_ref idref="oc-c4"/>
            <object_component_ref idref="oc-5d"/>
            <object_component_ref idref="oc-5c"/>
            <object_component_ref idref="oc-f1"/>
            <object_component_ref idref="oc-ef"/>
            <object_component_ref idref="oc-d0"/>
            <object_component_ref idref="oc-da"/>
            <object_component_ref idref="oc-5b"/>
            <object_component_ref idref="oc-cf"/>
            <object_component_ref idref="oc-51"/>
            <object_component_ref idref="oc-a7"/>
            <object_component_ref idref="oc-64"/>
            <object_component_ref idref="oc-c9"/>
            <object_component_ref idref="oc-b2"/>
            <object_component_ref idref="oc-33"/>
            <object_component_ref idref="oc-2f"/>
            <object_component_ref idref="oc-69"/>
            <object_component_ref idref="oc-8d"/>
         </contents>
      </logical_group>
      <logical_group id="lg-4" display="no" color="cyan">
         <name>.const</name>
         <run_address>0x0</run_address>
         <size>0x0</size>
         <contents>
         </contents>
      </logical_group>
      <logical_group id="lg-5" display="no" color="cyan">
         <name>.cinit</name>
         <load_address>0x9c0</load_address>
         <run_address>0x9c0</run_address>
         <size>0x18</size>
         <contents>
            <object_component_ref idref="oc-14c"/>
            <object_component_ref idref="oc-14a"/>
            <object_component_ref idref="oc-14b"/>
         </contents>
      </logical_group>
      <logical_group id="lg-6" display="no" color="cyan">
         <name>.pinit</name>
         <run_address>0x0</run_address>
         <size>0x0</size>
         <contents>
         </contents>
      </logical_group>
      <logical_group id="lg-7" display="no" color="cyan">
         <name>.rodata</name>
         <load_address>0x988</load_address>
         <run_address>0x988</run_address>
         <size>0x38</size>
         <contents>
            <object_component_ref idref="oc-107"/>
            <object_component_ref idref="oc-de"/>
            <object_component_ref idref="oc-f0"/>
            <object_component_ref idref="oc-dd"/>
         </contents>
      </logical_group>
      <logical_group id="lg-8" display="no" color="cyan">
         <name>.ARM.exidx</name>
         <run_address>0x0</run_address>
         <size>0x0</size>
         <contents>
         </contents>
      </logical_group>
      <logical_group id="lg-9" display="no" color="cyan">
         <name>.init_array</name>
         <run_address>0x0</run_address>
         <size>0x0</size>
         <contents>
         </contents>
      </logical_group>
      <logical_group id="lg-a" display="no" color="cyan">
         <name>.binit</name>
         <load_address>0x0</load_address>
         <run_address>0x0</run_address>
         <size>0x0</size>
         <contents>
            <object_component_ref idref="oc-114"/>
         </contents>
      </logical_group>
      <logical_group id="lg-b" display="no" color="cyan">
         <name>.TI.ramfunc</name>
         <run_address>0x0</run_address>
         <size>0x0</size>
         <contents>
         </contents>
      </logical_group>
      <logical_group id="lg-c" display="no" color="cyan">
         <name>.vtable</name>
         <run_address>0x0</run_address>
         <size>0x0</size>
         <contents>
         </contents>
      </logical_group>
      <logical_group id="lg-d" display="no" color="cyan">
         <name>.args</name>
         <run_address>0x0</run_address>
         <size>0x0</size>
         <contents>
         </contents>
      </logical_group>
      <logical_group id="lg-e" display="no" color="cyan">
         <name>.data</name>
         <run_address>0x0</run_address>
         <size>0x0</size>
         <contents>
         </contents>
      </logical_group>
      <logical_group id="lg-f" display="no" color="cyan">
         <name>.bss</name>
         <run_address>0x20200000</run_address>
         <size>0x8bc</size>
         <contents>
            <object_component_ref idref="oc-8c"/>
            <object_component_ref idref="oc-b3"/>
         </contents>
      </logical_group>
      <logical_group id="lg-10" display="no" color="cyan">
         <name>.sysmem</name>
         <run_address>0x0</run_address>
         <size>0x0</size>
         <contents>
         </contents>
      </logical_group>
      <logical_group id="lg-11" display="no" color="cyan">
         <name>.stack</name>
         <run_address>0x20207e00</run_address>
         <size>0x200</size>
         <contents>
            <object_component_ref idref="oc-1a"/>
            <object_component_ref idref="oc-14e"/>
         </contents>
      </logical_group>
      <logical_group id="lg-12" display="no" color="cyan">
         <name>.BCRConfig</name>
         <run_address>0x0</run_address>
         <size>0x0</size>
         <contents>
         </contents>
      </logical_group>
      <logical_group id="lg-13" display="no" color="cyan">
         <name>.BSLConfig</name>
         <run_address>0x0</run_address>
         <size>0x0</size>
         <contents>
         </contents>
      </logical_group>
      <logical_group id="lg-10b" display="no" color="cyan">
         <name>.TI.noinit</name>
         <run_address>0x0</run_address>
         <size>0x0</size>
         <contents>
         </contents>
      </logical_group>
      <logical_group id="lg-10c" display="no" color="cyan">
         <name>.TI.persistent</name>
         <run_address>0x0</run_address>
         <size>0x0</size>
         <contents>
         </contents>
      </logical_group>
      <logical_group id="lg-10d" display="no" color="cyan">
         <name>.TI.local</name>
         <run_address>0x0</run_address>
         <size>0x0</size>
         <contents>
         </contents>
      </logical_group>
      <logical_group id="lg-10e" display="no" color="cyan">
         <name>.TI.onchip</name>
         <run_address>0x0</run_address>
         <size>0x0</size>
         <contents>
         </contents>
      </logical_group>
      <logical_group id="lg-10f" display="no" color="cyan">
         <name>.TI.offchip</name>
         <run_address>0x0</run_address>
         <size>0x0</size>
         <contents>
         </contents>
      </logical_group>
      <logical_group id="lg-110" display="no" color="cyan">
         <name>__llvm_prf_cnts</name>
         <run_address>0x20200000</run_address>
         <size>0x0</size>
         <contents>
         </contents>
      </logical_group>
      <logical_group id="lg-112" display="no" color="cyan">
         <name>__llvm_prf_bits</name>
         <run_address>0x20200000</run_address>
         <size>0x0</size>
         <contents>
         </contents>
      </logical_group>
      <logical_group id="lg-12e" display="never" color="cyan">
         <name>.debug_abbrev</name>
         <load_address>0x0</load_address>
         <run_address>0x0</run_address>
         <size>0xdb9</size>
         <contents>
            <object_component_ref idref="oc-5e"/>
            <object_component_ref idref="oc-b4"/>
            <object_component_ref idref="oc-39"/>
            <object_component_ref idref="oc-101"/>
            <object_component_ref idref="oc-fb"/>
            <object_component_ref idref="oc-108"/>
            <object_component_ref idref="oc-ff"/>
            <object_component_ref idref="oc-3b"/>
            <object_component_ref idref="oc-bc"/>
            <object_component_ref idref="oc-80"/>
            <object_component_ref idref="oc-62"/>
            <object_component_ref idref="oc-b6"/>
            <object_component_ref idref="oc-7f"/>
            <object_component_ref idref="oc-c2"/>
            <object_component_ref idref="oc-150"/>
         </contents>
      </logical_group>
      <logical_group id="lg-130" display="never" color="cyan">
         <name>.debug_info</name>
         <load_address>0x0</load_address>
         <run_address>0x0</run_address>
         <size>0x9d23</size>
         <contents>
            <object_component_ref idref="oc-37"/>
            <object_component_ref idref="oc-85"/>
            <object_component_ref idref="oc-19"/>
            <object_component_ref idref="oc-e0"/>
            <object_component_ref idref="oc-ca"/>
            <object_component_ref idref="oc-105"/>
            <object_component_ref idref="oc-d4"/>
            <object_component_ref idref="oc-1b"/>
            <object_component_ref idref="oc-98"/>
            <object_component_ref idref="oc-6b"/>
            <object_component_ref idref="oc-50"/>
            <object_component_ref idref="oc-91"/>
            <object_component_ref idref="oc-67"/>
            <object_component_ref idref="oc-a8"/>
            <object_component_ref idref="oc-14f"/>
         </contents>
      </logical_group>
      <logical_group id="lg-132" display="never" color="cyan">
         <name>.debug_ranges</name>
         <load_address>0x0</load_address>
         <run_address>0x0</run_address>
         <size>0x498</size>
         <contents>
            <object_component_ref idref="oc-38"/>
            <object_component_ref idref="oc-86"/>
            <object_component_ref idref="oc-31"/>
            <object_component_ref idref="oc-e4"/>
            <object_component_ref idref="oc-d7"/>
            <object_component_ref idref="oc-3e"/>
            <object_component_ref idref="oc-96"/>
            <object_component_ref idref="oc-4d"/>
            <object_component_ref idref="oc-90"/>
            <object_component_ref idref="oc-68"/>
            <object_component_ref idref="oc-ab"/>
         </contents>
      </logical_group>
      <logical_group id="lg-134" display="never" color="cyan">
         <name>.debug_str</name>
         <load_address>0x0</load_address>
         <run_address>0x0</run_address>
         <size>0x65cb</size>
         <contents>
            <object_component_ref idref="oc-5f"/>
            <object_component_ref idref="oc-b5"/>
            <object_component_ref idref="oc-3a"/>
            <object_component_ref idref="oc-102"/>
            <object_component_ref idref="oc-fc"/>
            <object_component_ref idref="oc-109"/>
            <object_component_ref idref="oc-100"/>
            <object_component_ref idref="oc-3c"/>
            <object_component_ref idref="oc-bd"/>
            <object_component_ref idref="oc-81"/>
            <object_component_ref idref="oc-63"/>
            <object_component_ref idref="oc-b7"/>
         </contents>
      </logical_group>
      <logical_group id="lg-136" display="never" color="cyan">
         <name>.debug_frame</name>
         <load_address>0x0</load_address>
         <run_address>0x0</run_address>
         <size>0xb28</size>
         <contents>
            <object_component_ref idref="oc-36"/>
            <object_component_ref idref="oc-83"/>
            <object_component_ref idref="oc-30"/>
            <object_component_ref idref="oc-e1"/>
            <object_component_ref idref="oc-cb"/>
            <object_component_ref idref="oc-106"/>
            <object_component_ref idref="oc-d5"/>
            <object_component_ref idref="oc-53"/>
            <object_component_ref idref="oc-97"/>
            <object_component_ref idref="oc-6c"/>
            <object_component_ref idref="oc-4c"/>
            <object_component_ref idref="oc-8f"/>
         </contents>
      </logical_group>
      <logical_group id="lg-138" display="never" color="cyan">
         <name>.debug_line</name>
         <load_address>0x0</load_address>
         <run_address>0x0</run_address>
         <size>0x3149</size>
         <contents>
            <object_component_ref idref="oc-35"/>
            <object_component_ref idref="oc-84"/>
            <object_component_ref idref="oc-32"/>
            <object_component_ref idref="oc-e3"/>
            <object_component_ref idref="oc-cc"/>
            <object_component_ref idref="oc-104"/>
            <object_component_ref idref="oc-d6"/>
            <object_component_ref idref="oc-3d"/>
            <object_component_ref idref="oc-99"/>
            <object_component_ref idref="oc-6a"/>
            <object_component_ref idref="oc-4f"/>
            <object_component_ref idref="oc-8e"/>
            <object_component_ref idref="oc-66"/>
            <object_component_ref idref="oc-aa"/>
         </contents>
      </logical_group>
      <logical_group id="lg-13a" display="never" color="cyan">
         <name>.debug_loc</name>
         <load_address>0x0</load_address>
         <run_address>0x0</run_address>
         <size>0x212e</size>
         <contents>
            <object_component_ref idref="oc-e2"/>
            <object_component_ref idref="oc-fd"/>
            <object_component_ref idref="oc-10a"/>
            <object_component_ref idref="oc-d8"/>
            <object_component_ref idref="oc-3f"/>
            <object_component_ref idref="oc-95"/>
            <object_component_ref idref="oc-4e"/>
            <object_component_ref idref="oc-93"/>
         </contents>
      </logical_group>
      <logical_group id="lg-144" display="never" color="cyan">
         <name>.debug_aranges</name>
         <load_address>0x0</load_address>
         <run_address>0x0</run_address>
         <size>0x50</size>
         <contents>
            <object_component_ref idref="oc-65"/>
            <object_component_ref idref="oc-a9"/>
         </contents>
      </logical_group>
      <logical_group id="lg-14d" display="no" color="cyan">
         <name>Veneer$$CMSE</name>
         <run_address>0x0</run_address>
         <size>0x0</size>
         <contents>
         </contents>
      </logical_group>
      <load_segment id="lg-159" display="no" color="cyan">
         <name>SEGMENT_0</name>
         <load_address>0x0</load_address>
         <run_address>0x0</run_address>
         <size>0x9d8</size>
         <flags>0x5</flags>
         <contents>
            <logical_group_ref idref="lg-2"/>
            <logical_group_ref idref="lg-3"/>
            <logical_group_ref idref="lg-7"/>
            <logical_group_ref idref="lg-5"/>
         </contents>
      </load_segment>
      <load_segment id="lg-15a" display="no" color="cyan">
         <name>SEGMENT_1</name>
         <run_address>0x20200000</run_address>
         <size>0x8bc</size>
         <flags>0x6</flags>
         <contents>
            <logical_group_ref idref="lg-f"/>
         </contents>
      </load_segment>
      <load_segment id="lg-15b" display="no" color="cyan">
         <name>SEGMENT_2</name>
         <run_address>0x20207e00</run_address>
         <size>0x200</size>
         <flags>0x6</flags>
         <contents>
            <logical_group_ref idref="lg-11"/>
         </contents>
      </load_segment>
   </logical_group_list>
   <placement_map>
      <memory_area display="yes" color="green">
         <name>FLASH</name>
         <page_id>0x0</page_id>
         <origin>0x0</origin>
         <length>0x20000</length>
         <used_space>0x9d8</used_space>
         <unused_space>0x1f628</unused_space>
         <attributes>RX</attributes>
         <usage_details>
            <allocated_space>
               <start_address>0x0</start_address>
               <size>0x0</size>
               <logical_group_ref idref="lg-a"/>
            </allocated_space>
            <allocated_space>
               <start_address>0x0</start_address>
               <size>0xc0</size>
               <logical_group_ref idref="lg-2"/>
            </allocated_space>
            <allocated_space>
               <start_address>0xc0</start_address>
               <size>0x8c8</size>
               <logical_group_ref idref="lg-3"/>
            </allocated_space>
            <allocated_space>
               <start_address>0x988</start_address>
               <size>0x38</size>
               <logical_group_ref idref="lg-7"/>
            </allocated_space>
            <allocated_space>
               <start_address>0x9c0</start_address>
               <size>0x18</size>
               <logical_group_ref idref="lg-5"/>
            </allocated_space>
            <available_space>
               <start_address>0x9d8</start_address>
               <size>0x1f628</size>
            </available_space>
         </usage_details>
      </memory_area>
      <memory_area display="yes" color="green">
         <name>SRAM</name>
         <page_id>0x0</page_id>
         <origin>0x20200000</origin>
         <length>0x8000</length>
         <used_space>0xabc</used_space>
         <unused_space>0x7544</unused_space>
         <attributes>RWX</attributes>
         <usage_details>
            <allocated_space>
               <start_address>0x20200000</start_address>
               <size>0x0</size>
               <logical_group_ref idref="lg-110"/>
            </allocated_space>
            <allocated_space>
               <start_address>0x20200000</start_address>
               <size>0x0</size>
               <logical_group_ref idref="lg-112"/>
            </allocated_space>
            <allocated_space>
               <start_address>0x20200000</start_address>
               <size>0x8bc</size>
               <logical_group_ref idref="lg-f"/>
            </allocated_space>
            <available_space>
               <start_address>0x202008bc</start_address>
               <size>0x7544</size>
            </available_space>
            <allocated_space>
               <start_address>0x20207e00</start_address>
               <size>0x200</size>
               <logical_group_ref idref="lg-11"/>
            </allocated_space>
         </usage_details>
      </memory_area>
      <memory_area display="yes" color="green">
         <name>BCR_CONFIG</name>
         <page_id>0x0</page_id>
         <origin>0x41c00000</origin>
         <length>0x80</length>
         <used_space>0x0</used_space>
         <unused_space>0x80</unused_space>
         <attributes>R</attributes>
         <usage_details>
         </usage_details>
      </memory_area>
      <memory_area display="yes" color="green">
         <name>BSL_CONFIG</name>
         <page_id>0x0</page_id>
         <origin>0x41c00100</origin>
         <length>0x80</length>
         <used_space>0x0</used_space>
         <unused_space>0x80</unused_space>
         <attributes>R</attributes>
         <usage_details>
         </usage_details>
      </memory_area>
   </placement_map>
   <cptbl_list>
      <cptbl>
         <name>__TI_cinit_table</name>
         <cprec>
            <name>.bss</name>
            <load_address>0x9c0</load_address>
            <load_size>0x8</load_size>
            <run_address>0x20200000</run_address>
            <run_size>0x8bc</run_size>
            <compression>zero_init</compression>
         </cprec>
      </cptbl>
   </cptbl_list>
   <handler_table>
      <handler_table_name>__TI_handler_table</handler_table_name>
      <handler>
         <index>0x0</index>
         <name>__TI_zero_init</name>
      </handler>
   </handler_table>
   <symbol_table>
      <symbol id="sm-1">
         <name>__start___llvm_prf_cnts</name>
         <value>0x20200000</value>
      </symbol>
      <symbol id="sm-2">
         <name>__stop___llvm_prf_cnts</name>
         <value>0x20200000</value>
      </symbol>
      <symbol id="sm-3">
         <name>__start___llvm_prf_bits</name>
         <value>0x20200000</value>
      </symbol>
      <symbol id="sm-4">
         <name>__stop___llvm_prf_bits</name>
         <value>0x20200000</value>
      </symbol>
      <symbol id="sm-5">
         <name>__TI_CINIT_Base</name>
         <value>0x9cc</value>
      </symbol>
      <symbol id="sm-6">
         <name>__TI_CINIT_Limit</name>
         <value>0x9d4</value>
      </symbol>
      <symbol id="sm-7">
         <name>__TI_CINIT_Warm</name>
         <value>0x9d4</value>
      </symbol>
      <symbol id="sm-8">
         <name>__TI_Handler_Table_Base</name>
         <value>0x9c8</value>
      </symbol>
      <symbol id="sm-9">
         <name>__TI_Handler_Table_Limit</name>
         <value>0x9cc</value>
      </symbol>
      <symbol id="sm-a">
         <name>binit</name>
         <value>0xffffffff</value>
      </symbol>
      <symbol id="sm-b">
         <name>__binit__</name>
         <value>0xffffffff</value>
      </symbol>
      <symbol id="sm-c">
         <name>__STACK_SIZE</name>
         <value>0x200</value>
      </symbol>
      <symbol id="sm-d">
         <name>__STACK_END</name>
         <value>0x20208000</value>
      </symbol>
      <symbol id="sm-e">
         <name>__TI_pprof_out_hndl</name>
         <value>0xffffffff</value>
      </symbol>
      <symbol id="sm-f">
         <name>__TI_prof_data_start</name>
         <value>0xffffffff</value>
      </symbol>
      <symbol id="sm-10">
         <name>__TI_prof_data_size</name>
         <value>0xffffffff</value>
      </symbol>
      <symbol id="sm-5d">
         <name>main</name>
         <value>0x28d</value>
         <object_component_ref idref="oc-6d"/>
      </symbol>
      <symbol id="sm-5e">
         <name>gADCSamples</name>
         <value>0x20200000</value>
      </symbol>
      <symbol id="sm-5f">
         <name>ADC0_IRQHandler</name>
         <value>0x4b9</value>
         <object_component_ref idref="oc-34"/>
      </symbol>
      <symbol id="sm-ea">
         <name>SYSCFG_DL_init</name>
         <value>0x63d</value>
         <object_component_ref idref="oc-82"/>
      </symbol>
      <symbol id="sm-eb">
         <name>SYSCFG_DL_initPower</name>
         <value>0x239</value>
         <object_component_ref idref="oc-ad"/>
      </symbol>
      <symbol id="sm-ec">
         <name>SYSCFG_DL_GPIO_init</name>
         <value>0x3bf</value>
         <object_component_ref idref="oc-ae"/>
      </symbol>
      <symbol id="sm-ed">
         <name>SYSCFG_DL_SYSCTL_init</name>
         <value>0x571</value>
         <object_component_ref idref="oc-af"/>
      </symbol>
      <symbol id="sm-ee">
         <name>SYSCFG_DL_TIMER_0_init</name>
         <value>0x3c1</value>
         <object_component_ref idref="oc-b0"/>
      </symbol>
      <symbol id="sm-ef">
         <name>SYSCFG_DL_ADC12_0_init</name>
         <value>0x1a9</value>
         <object_component_ref idref="oc-b1"/>
      </symbol>
      <symbol id="sm-f0">
         <name>SYSCFG_DL_DMA_init</name>
         <value>0x96f</value>
         <object_component_ref idref="oc-b2"/>
      </symbol>
      <symbol id="sm-f1">
         <name>gTIMER_0Backup</name>
         <value>0x20200800</value>
      </symbol>
      <symbol id="sm-f2">
         <name>SYSCFG_DL_DMA_CH0_init</name>
         <value>0x8bd</value>
         <object_component_ref idref="oc-f1"/>
      </symbol>
      <symbol id="sm-fd">
         <name>Default_Handler</name>
         <value>0x977</value>
         <object_component_ref idref="oc-33"/>
      </symbol>
      <symbol id="sm-fe">
         <name>Reset_Handler</name>
         <value>0x97b</value>
         <object_component_ref idref="oc-2f"/>
      </symbol>
      <symbol id="sm-ff">
         <name>interruptVectors</name>
         <value>0x0</value>
         <object_component_ref idref="oc-18"/>
      </symbol>
      <symbol id="sm-100">
         <name>NMI_Handler</name>
         <value>0x977</value>
         <object_component_ref idref="oc-33"/>
      </symbol>
      <symbol id="sm-101">
         <name>HardFault_Handler</name>
         <value>0x977</value>
         <object_component_ref idref="oc-33"/>
      </symbol>
      <symbol id="sm-102">
         <name>SVC_Handler</name>
         <value>0x977</value>
         <object_component_ref idref="oc-33"/>
      </symbol>
      <symbol id="sm-103">
         <name>PendSV_Handler</name>
         <value>0x977</value>
         <object_component_ref idref="oc-33"/>
      </symbol>
      <symbol id="sm-104">
         <name>SysTick_Handler</name>
         <value>0x977</value>
         <object_component_ref idref="oc-33"/>
      </symbol>
      <symbol id="sm-105">
         <name>GROUP0_IRQHandler</name>
         <value>0x977</value>
         <object_component_ref idref="oc-33"/>
      </symbol>
      <symbol id="sm-106">
         <name>GROUP1_IRQHandler</name>
         <value>0x977</value>
         <object_component_ref idref="oc-33"/>
      </symbol>
      <symbol id="sm-107">
         <name>TIMG8_IRQHandler</name>
         <value>0x977</value>
         <object_component_ref idref="oc-33"/>
      </symbol>
      <symbol id="sm-108">
         <name>UART3_IRQHandler</name>
         <value>0x977</value>
         <object_component_ref idref="oc-33"/>
      </symbol>
      <symbol id="sm-109">
         <name>ADC1_IRQHandler</name>
         <value>0x977</value>
         <object_component_ref idref="oc-33"/>
      </symbol>
      <symbol id="sm-10a">
         <name>CANFD0_IRQHandler</name>
         <value>0x977</value>
         <object_component_ref idref="oc-33"/>
      </symbol>
      <symbol id="sm-10b">
         <name>DAC0_IRQHandler</name>
         <value>0x977</value>
         <object_component_ref idref="oc-33"/>
      </symbol>
      <symbol id="sm-10c">
         <name>SPI0_IRQHandler</name>
         <value>0x977</value>
         <object_component_ref idref="oc-33"/>
      </symbol>
      <symbol id="sm-10d">
         <name>SPI1_IRQHandler</name>
         <value>0x977</value>
         <object_component_ref idref="oc-33"/>
      </symbol>
      <symbol id="sm-10e">
         <name>UART1_IRQHandler</name>
         <value>0x977</value>
         <object_component_ref idref="oc-33"/>
      </symbol>
      <symbol id="sm-10f">
         <name>UART2_IRQHandler</name>
         <value>0x977</value>
         <object_component_ref idref="oc-33"/>
      </symbol>
      <symbol id="sm-110">
         <name>UART0_IRQHandler</name>
         <value>0x977</value>
         <object_component_ref idref="oc-33"/>
      </symbol>
      <symbol id="sm-111">
         <name>TIMG0_IRQHandler</name>
         <value>0x977</value>
         <object_component_ref idref="oc-33"/>
      </symbol>
      <symbol id="sm-112">
         <name>TIMG6_IRQHandler</name>
         <value>0x977</value>
         <object_component_ref idref="oc-33"/>
      </symbol>
      <symbol id="sm-113">
         <name>TIMA0_IRQHandler</name>
         <value>0x977</value>
         <object_component_ref idref="oc-33"/>
      </symbol>
      <symbol id="sm-114">
         <name>TIMA1_IRQHandler</name>
         <value>0x977</value>
         <object_component_ref idref="oc-33"/>
      </symbol>
      <symbol id="sm-115">
         <name>TIMG7_IRQHandler</name>
         <value>0x977</value>
         <object_component_ref idref="oc-33"/>
      </symbol>
      <symbol id="sm-116">
         <name>TIMG12_IRQHandler</name>
         <value>0x977</value>
         <object_component_ref idref="oc-33"/>
      </symbol>
      <symbol id="sm-117">
         <name>I2C0_IRQHandler</name>
         <value>0x977</value>
         <object_component_ref idref="oc-33"/>
      </symbol>
      <symbol id="sm-118">
         <name>I2C1_IRQHandler</name>
         <value>0x977</value>
         <object_component_ref idref="oc-33"/>
      </symbol>
      <symbol id="sm-119">
         <name>AES_IRQHandler</name>
         <value>0x977</value>
         <object_component_ref idref="oc-33"/>
      </symbol>
      <symbol id="sm-11a">
         <name>RTC_IRQHandler</name>
         <value>0x977</value>
         <object_component_ref idref="oc-33"/>
      </symbol>
      <symbol id="sm-11b">
         <name>DMA_IRQHandler</name>
         <value>0x977</value>
         <object_component_ref idref="oc-33"/>
      </symbol>
      <symbol id="sm-11c">
         <name>__TI_ATRegion0_src_addr</name>
         <value>0x0</value>
      </symbol>
      <symbol id="sm-11d">
         <name>__TI_ATRegion0_trg_addr</name>
         <value>0x0</value>
      </symbol>
      <symbol id="sm-11e">
         <name>__TI_ATRegion0_region_sz</name>
         <value>0x0</value>
      </symbol>
      <symbol id="sm-11f">
         <name>__TI_ATRegion1_src_addr</name>
         <value>0x0</value>
      </symbol>
      <symbol id="sm-120">
         <name>__TI_ATRegion1_trg_addr</name>
         <value>0x0</value>
      </symbol>
      <symbol id="sm-121">
         <name>__TI_ATRegion1_region_sz</name>
         <value>0x0</value>
      </symbol>
      <symbol id="sm-122">
         <name>__TI_ATRegion2_src_addr</name>
         <value>0x0</value>
      </symbol>
      <symbol id="sm-123">
         <name>__TI_ATRegion2_trg_addr</name>
         <value>0x0</value>
      </symbol>
      <symbol id="sm-124">
         <name>__TI_ATRegion2_region_sz</name>
         <value>0x0</value>
      </symbol>
      <symbol id="sm-12f">
         <name>DL_ADC12_setClockConfig</name>
         <value>0x405</value>
         <object_component_ref idref="oc-df"/>
      </symbol>
      <symbol id="sm-138">
         <name>DL_Common_delayCycles</name>
         <value>0x965</value>
         <object_component_ref idref="oc-c9"/>
      </symbol>
      <symbol id="sm-142">
         <name>DL_DMA_initChannel</name>
         <value>0x329</value>
         <object_component_ref idref="oc-103"/>
      </symbol>
      <symbol id="sm-152">
         <name>DL_Timer_setClockConfig</name>
         <value>0x795</value>
         <object_component_ref idref="oc-d3"/>
      </symbol>
      <symbol id="sm-153">
         <name>DL_Timer_initTimerMode</name>
         <value>0xc1</value>
         <object_component_ref idref="oc-d9"/>
      </symbol>
      <symbol id="sm-15e">
         <name>_c_int00_noargs</name>
         <value>0x665</value>
         <object_component_ref idref="oc-54"/>
      </symbol>
      <symbol id="sm-15f">
         <name>__stack</name>
         <value>0x20207e00</value>
         <object_component_ref idref="oc-1a"/>
      </symbol>
      <symbol id="sm-16b">
         <name>__TI_auto_init_nobinit_nopinit</name>
         <value>0x445</value>
         <object_component_ref idref="oc-94"/>
      </symbol>
      <symbol id="sm-173">
         <name>_system_pre_init</name>
         <value>0x97f</value>
         <object_component_ref idref="oc-69"/>
      </symbol>
      <symbol id="sm-17e">
         <name>__TI_zero_init</name>
         <value>0x939</value>
         <object_component_ref idref="oc-51"/>
      </symbol>
      <symbol id="sm-18a">
         <name>abort</name>
         <value>0x983</value>
         <object_component_ref idref="oc-8d"/>
      </symbol>
      <symbol id="sm-18b">
         <name>C$$EXIT</name>
         <value>0x982</value>
         <object_component_ref idref="oc-8d"/>
      </symbol>
      <symbol id="sm-194">
         <name>__aeabi_memclr</name>
         <value>0x959</value>
         <object_component_ref idref="oc-64"/>
      </symbol>
      <symbol id="sm-195">
         <name>__aeabi_memclr4</name>
         <value>0x959</value>
         <object_component_ref idref="oc-64"/>
      </symbol>
      <symbol id="sm-196">
         <name>__aeabi_memclr8</name>
         <value>0x959</value>
         <object_component_ref idref="oc-64"/>
      </symbol>
      <symbol id="sm-19f">
         <name>TI_memset_small</name>
         <value>0x949</value>
         <object_component_ref idref="oc-a7"/>
      </symbol>
      <symbol id="sm-1a0">
         <name>__TI_static_base__</name>
         <value>0x0</value>
      </symbol>
      <symbol id="sm-1a2">
         <name>__mpu_init</name>
         <value>0x0</value>
      </symbol>
      <symbol id="sm-1a3">
         <name>_system_post_cinit</name>
         <value>0x0</value>
      </symbol>
   </symbol_table>
   <title>Link successful</title>
</link_info>
