******************************************************************************
            TI ARM Clang Linker PC v3.2.2                      
******************************************************************************
>> Linked Fri Sep 20 19:54:04 2024

OUTPUT FILE NAME:   <compete_get_rms.out>
ENTRY POINT SYMBOL: "_c_int00_noargs"  address: 0000ab9d


MEMORY CONFIGURATION

         name            origin    length      used     unused   attr    fill
----------------------  --------  ---------  --------  --------  ----  --------
  FLASH                 00000000   00020000  0000b210  00014df0  R  X
  SRAM                  20200000   00008000  00007364  00000c9c  RW X
  BCR_CONFIG            41c00000   00000080  00000000  00000080  R   
  BSL_CONFIG            41c00100   00000080  00000000  00000080  R   


SEGMENT ALLOCATION MAP

run origin  load origin   length   init length attrs members
----------  ----------- ---------- ----------- ----- -------
00000000    00000000    0000b210   0000b210    r-x
  00000000    00000000    000000c0   000000c0    r-- .intvecs
  000000c0    000000c0    00005ff0   00005ff0    r-- .rodata
  000060b0    000060b0    00005130   00005130    r-x .text
  0000b1e0    0000b1e0    00000030   00000030    r-- .cinit
20200000    20200000    00007165   00000000    rw-
  20200000    20200000    0000715b   00000000    rw- .bss
  2020715c    2020715c    00000009   00000000    rw- .data
20207e00    20207e00    00000200   00000000    rw-
  20207e00    20207e00    00000200   00000000    rw- .stack


SECTION ALLOCATION MAP

 output                                  attributes/
section   page    origin      length       input sections
--------  ----  ----------  ----------   ----------------
.intvecs   0    00000000    000000c0     
                  00000000    000000c0     startup_mspm0g350x_ticlang.o (.intvecs)

.text      0    000060b0    00005130     
                  000060b0    000008fc     arm_cortexM0l_math.a : arm_cfft_radix8_f32.o (.text.arm_radix8_butterfly_f32)
                  000069ac    00000774                          : arm_cfft_f32.o (.text.arm_cfft_radix8by4_f32)
                  00007120    00000658     libc.a : k_rem_pio2.c.obj (.text.__kernel_rem_pio2)
                  00007778    00000440            : s_cos.c.obj (.text.cos)
                  00007bb8    000002f8            : s_atan.c.obj (.text.atan)
                  00007eb0    000002b0     arm_cortexM0l_math.a : arm_cfft_f32.o (.text.arm_cfft_radix8by2_f32)
                  00008160    000001c8                          : arm_cfft_f32.o (.text.arm_cfft_f32)
                  00008328    000001b4     empty.o (.text.ADC1_IRQHandler)
                  000084dc    000001a0     arm_cortexM0l_math.a : arm_cmplx_mag_f32.o (.text.arm_cmplx_mag_f32)
                  0000867c    00000198     libc.a : e_atan2.c.obj (.text.atan2)
                  00008814    00000192     libclang_rt.builtins.a : adddf3.S.obj (.text.adddf3_subdf3)
                  000089a6    00000002                            : aeabi_div0.c.obj (.text.__aeabi_idiv0)
                  000089a8    00000184     libc.a : e_sqrt.c.obj (.text.sqrt)
                  00008b2c    00000168            : k_sin.c.obj (.text.__kernel_sin)
                  00008c94    00000150            : k_cos.c.obj (.text.__kernel_cos)
                  00008de4    00000144            : s_floor.c.obj (.text.floor)
                  00008f28    00000134     arm_cortexM0l_math.a : arm_bitreversal2.o (.text.arm_bitreversal_32)
                  0000905c    0000012c     oled.o (.text.I2C0_IRQHandler)
                  00009188    00000128     empty.o (.text.main)
                  000092b0    0000010c     libclang_rt.builtins.a : divdf3.S.obj (.text.__divdf3)
                  000093bc    00000100     empty.o (.text.ADC0_IRQHandler)
                  000094bc    000000e8     driverlib.a : dl_timer.o (.text.DL_Timer_initTimerMode)
                  000095a4    000000e4     empty.o (.text.Measure_THD)
                  00009688    000000e4     libclang_rt.builtins.a : muldf3.S.obj (.text.__muldf3)
                  0000976c    000000e0     driverlib.a : dl_timer.o (.text.DL_Timer_initCaptureCombinedMode)
                  0000984c    000000d8     libc.a : s_scalbn.c.obj (.text.scalbn)
                  00009924    000000d8     libclang_rt.builtins.a : addsf3.S.obj (.text)
                  000099fc    000000cc     empty.o (.text.Gather_Energy)
                  00009ac8    000000c4     empty.o (.text.Get_Rms)
                  00009b8c    000000bc     empty.o (.text.MeasureAmplitude)
                  00009c48    000000a8     libc.a : e_sqrtf.c.obj (.text.sqrtf)
                  00009cf0    0000009c     ti_msp_dl_config.o (.text.SYSCFG_DL_ADC12_0_init)
                  00009d8c    00000098     ti_msp_dl_config.o (.text.SYSCFG_DL_ADC12_1_init)
                  00009e24    0000008c     ti_msp_dl_config.o (.text.SYSCFG_DL_initPower)
                  00009eb0    0000008c     libclang_rt.builtins.a : mulsf3.S.obj (.text.__mulsf3)
                  00009f3c    00000084     ti_msp_dl_config.o (.text.__NVIC_SetPriority)
                  00009fc0    00000082     libclang_rt.builtins.a : divsf3.S.obj (.text.__divsf3)
                  0000a042    00000002     --HOLE-- [fill = 0]
                  0000a044    00000078     empty.o (.text.TIMG0_IRQHandler)
                  0000a0bc    00000078     libc.a : copy_decompress_lzss.c.obj (.text:decompress:lzss)
                  0000a134    0000000c     ti_msp_dl_config.o (.text.SYSCFG_DL_DMA_init)
                  0000a140    00000074     libclang_rt.builtins.a : truncdfsf2.S.obj (.text.__truncdfsf2)
                  0000a1b4    00000070                            : comparedf2.c.obj (.text.__gedf2)
                  0000a224    0000006c                            : comparedf2.c.obj (.text.__ledf2)
                  0000a290    00000064     ti_msp_dl_config.o (.text.SYSCFG_DL_I2C_OLED_init)
                  0000a2f4    00000062     libclang_rt.builtins.a : aeabi_dcmp.S.obj (.text.__aeabi_dcmp)
                  0000a356    00000002     --HOLE-- [fill = 0]
                  0000a358    00000062                            : aeabi_fcmp.S.obj (.text.__aeabi_fcmp)
                  0000a3ba    00000060     arm_cortexM0l_math.a : arm_max_f32.o (.text.arm_max_f32)
                  0000a41a    0000005e     driverlib.a : dl_i2c.o (.text.DL_I2C_fillControllerTXFIFO)
                  0000a478    00000058     ti_msp_dl_config.o (.text.SYSCFG_DL_TIMER_0_init)
                  0000a4d0    00000056     libclang_rt.builtins.a : aeabi_idivmod.S.obj (.text.__aeabi_idivmod)
                  0000a526    00000002     --HOLE-- [fill = 0]
                  0000a528    0000004c     ti_msp_dl_config.o (.text.DL_ADC12_initSingleSample)
                  0000a574    0000004c     driverlib.a : dl_dma.o (.text.DL_DMA_initChannel)
                  0000a5c0    0000004a     empty.o (.text.CreateFFTData)
                  0000a60a    0000004a     ti_msp_dl_config.o (.text.DL_ADC12_configConversionMem)
                  0000a654    0000004a     libclang_rt.builtins.a : fixdfsi.S.obj (.text.__fixdfsi)
                  0000a69e    00000044     ti_msp_dl_config.o (.text.SYSCFG_DL_GPIO_init)
                  0000a6e2    00000002     --HOLE-- [fill = 0]
                  0000a6e4    00000040     driverlib.a : dl_adc12.o (.text.DL_ADC12_setClockConfig)
                  0000a724    00000040     libclang_rt.builtins.a : aeabi_uidivmod.S.obj (.text.__aeabi_uidivmod)
                  0000a764    00000040                            : extendsfdf2.S.obj (.text.__extendsfdf2)
                  0000a7a4    0000003c     ti_msp_dl_config.o (.text.DL_GPIO_initPeripheralInputFunctionFeatures)
                  0000a7e0    0000003c     libclang_rt.builtins.a : floatsisf.S.obj (.text.__floatsisf)
                  0000a81c    0000003c                            : comparesf2.S.obj (.text.__gtsf2)
                  0000a858    0000003c     libc.a : autoinit.c.obj (.text:__TI_auto_init_nobinit_nopinit)
                  0000a894    0000003a     libclang_rt.builtins.a : comparesf2.S.obj (.text.__eqsf2)
                  0000a8ce    00000002     --HOLE-- [fill = 0]
                  0000a8d0    0000003a                            : muldsi3.S.obj (.text.__muldsi3)
                  0000a90a    00000002     --HOLE-- [fill = 0]
                  0000a90c    00000038     ti_msp_dl_config.o (.text.DL_Timer_setPublisherChanID)
                  0000a944    00000034     ti_msp_dl_config.o (.text.SYSCFG_DL_init)
                  0000a978    00000030     empty.o (.text.DL_DMA_setTransferSize)
                  0000a9a8    0000002c     ti_msp_dl_config.o (.text.DL_ADC12_setDMASamplesCnt)
                  0000a9d4    0000002c     ti_msp_dl_config.o (.text.SYSCFG_DL_CAPTURE_0_init)
                  0000aa00    0000002c     empty.o (.text.__NVIC_EnableIRQ)
                  0000aa2c    0000002c     libclang_rt.builtins.a : floatsidf.S.obj (.text.__floatsidf)
                  0000aa58    0000002a     ti_msp_dl_config.o (.text.SYSCFG_DL_SYSCTL_init)
                  0000aa82    00000028     ti_msp_dl_config.o (.text.DL_Common_updateReg)
                  0000aaaa    00000002     --HOLE-- [fill = 0]
                  0000aaac    00000028     empty.o (.text.DL_DMA_setDestAddr)
                  0000aad4    00000028     empty.o (.text.DL_DMA_setSrcAddr)
                  0000aafc    00000028     ti_msp_dl_config.o (.text.DL_I2C_setControllerRXFIFOThreshold)
                  0000ab24    00000028     ti_msp_dl_config.o (.text.DL_I2C_setControllerTXFIFOThreshold)
                  0000ab4c    00000028     ti_msp_dl_config.o (.text.DL_Timer_enableEvent)
                  0000ab74    00000028     libclang_rt.builtins.a : floatunsisf.S.obj (.text.__floatunsisf)
                  0000ab9c    00000028     libc.a : boot_cortex_m.c.obj (.text:_c_int00_noargs)
                  0000abc4    00000026     empty.o (.text.DL_DMA_enableChannel)
                  0000abea    00000026     ti_msp_dl_config.o (.text.DL_I2C_setAnalogGlitchFilterPulseWidth)
                  0000ac10    00000026     driverlib.a : dl_i2c.o (.text.DL_I2C_setClockConfig)
                  0000ac36    00000002     --HOLE-- [fill = 0]
                  0000ac38    00000020     ti_msp_dl_config.o (.text.DL_GPIO_initPeripheralInputFunction)
                  0000ac58    0000001e     ti_msp_dl_config.o (.text.DL_ADC12_setPowerDownMode)
                  0000ac76    00000002     --HOLE-- [fill = 0]
                  0000ac78    0000001c     ti_msp_dl_config.o (.text.DL_ADC12_clearInterruptStatus)
                  0000ac94    0000001c     ti_msp_dl_config.o (.text.DL_ADC12_enableDMA)
                  0000acb0    0000001c     ti_msp_dl_config.o (.text.DL_ADC12_enableDMATrigger)
                  0000accc    0000001c     ti_msp_dl_config.o (.text.DL_ADC12_enableInterrupt)
                  0000ace8    0000001c     ti_msp_dl_config.o (.text.DL_GPIO_enableHiZ)
                  0000ad04    0000001c     oled.o (.text.DL_I2C_disableInterrupt)
                  0000ad20    0000001c     ti_msp_dl_config.o (.text.DL_I2C_enableInterrupt)
                  0000ad3c    0000001c     oled.o (.text.DL_I2C_isControllerRXFIFOEmpty)
                  0000ad58    0000001c     ti_msp_dl_config.o (.text.DL_SYSCTL_setMCLKDivider)
                  0000ad74    0000001c     ti_msp_dl_config.o (.text.DL_SYSCTL_setSYSOSCFreq)
                  0000ad90    0000001c     ti_msp_dl_config.o (.text.DL_SYSCTL_setULPCLKDivider)
                  0000adac    0000001c     driverlib.a : dl_timer.o (.text.DL_Timer_setClockConfig)
                  0000adc8    0000001c     empty.o (.text.DL_Timer_setCoreHaltBehavior)
                  0000ade4    0000001a     ti_msp_dl_config.o (.text.DL_ADC12_setSubscriberChanID)
                  0000adfe    00000002     --HOLE-- [fill = 0]
                  0000ae00    00000018     ti_msp_dl_config.o (.text.DL_ADC12_enablePower)
                  0000ae18    00000018     ti_msp_dl_config.o (.text.DL_ADC12_reset)
                  0000ae30    00000018     ti_msp_dl_config.o (.text.DL_ADC12_setSampleTime0)
                  0000ae48    00000018     ti_msp_dl_config.o (.text.DL_GPIO_enablePower)
                  0000ae60    00000018     ti_msp_dl_config.o (.text.DL_GPIO_reset)
                  0000ae78    00000018     ti_msp_dl_config.o (.text.DL_I2C_enableAnalogGlitchFilter)
                  0000ae90    00000018     ti_msp_dl_config.o (.text.DL_I2C_enableController)
                  0000aea8    00000018     ti_msp_dl_config.o (.text.DL_I2C_enableControllerClockStretching)
                  0000aec0    00000018     ti_msp_dl_config.o (.text.DL_I2C_enablePower)
                  0000aed8    00000018     ti_msp_dl_config.o (.text.DL_I2C_reset)
                  0000aef0    00000018     ti_msp_dl_config.o (.text.DL_I2C_setTimerPeriod)
                  0000af08    00000018     ti_msp_dl_config.o (.text.DL_SYSCTL_setBORThreshold)
                  0000af20    00000018     ti_msp_dl_config.o (.text.DL_Timer_enablePower)
                  0000af38    00000018     ti_msp_dl_config.o (.text.DL_Timer_reset)
                  0000af50    00000018     empty.o (.text.DL_Timer_startCounter)
                  0000af68    00000018     empty.o (.text.DL_Timer_stopCounter)
                  0000af80    00000018     ti_msp_dl_config.o (.text.SYSCFG_DL_DMA_CH0_init)
                  0000af98    00000018     ti_msp_dl_config.o (.text.SYSCFG_DL_DMA_CH1_init)
                  0000afb0    00000016     ti_msp_dl_config.o (.text.DL_ADC12_enableConversions)
                  0000afc6    00000016     libc.a : k_rem_pio2.c.obj (.text.OUTLINED_FUNCTION_0)
                  0000afdc    00000010     libclang_rt.builtins.a : adddf3.S.obj (.tramp.__aeabi_dadd.1)
                  0000afec    00000014     oled.o (.text.DL_I2C_receiveControllerData)
                  0000b000    00000014     ti_msp_dl_config.o (.text.DL_I2C_resetControllerTransfer)
                  0000b014    00000014     ti_msp_dl_config.o (.text.DL_SYSCTL_disableSYSPLL)
                  0000b028    00000014     ti_msp_dl_config.o (.text.DL_Timer_enableClock)
                  0000b03c    00000014     empty.o (.text.DL_Timer_getLoadValue)
                  0000b050    00000014     empty.o (.text.DL_Timer_setTimerCount)
                  0000b064    00000012     empty.o (.text.DL_ADC12_getPendingInterrupt)
                  0000b076    00000012     oled.o (.text.DL_I2C_getPendingInterrupt)
                  0000b088    00000012     empty.o (.text.DL_Timer_getPendingInterrupt)
                  0000b09a    00000012     libc.a : memcpy16.S.obj (.text:TI_memcpy_small)
                  0000b0ac    00000012            : copy_decompress_none.c.obj (.text:decompress:none)
                  0000b0be    00000002     --HOLE-- [fill = 0]
                  0000b0c0    00000010     ti_msp_dl_config.o (.text.DL_SYSCTL_disableHFXT)
                  0000b0d0    00000010     driverlib.a : dl_timer.o (.text.DL_Timer_getCaptureCompareValue)
                  0000b0e0    00000010     libc.a : copy_zero_init.c.obj (.text:decompress:ZI)
                  0000b0f0    0000000e            : s_cos.c.obj (.text.OUTLINED_FUNCTION_0)
                  0000b0fe    00000002     --HOLE-- [fill = 0]
                  0000b100    00000010     libclang_rt.builtins.a : adddf3.S.obj (.tramp.__aeabi_dsub.1)
                  0000b110    0000000e     libc.a : k_rem_pio2.c.obj (.text.OUTLINED_FUNCTION_2)
                  0000b11e    0000000e            : memset16.S.obj (.text:TI_memset_small)
                  0000b12c    0000000c     libclang_rt.builtins.a : aeabi_memset.S.obj (.text.__aeabi_memclr)
                  0000b138    0000000a     driverlib.a : dl_common.o (.text.DL_Common_delayCycles)
                  0000b142    0000000a     libc.a : s_atan.c.obj (.text.OUTLINED_FUNCTION_0)
                  0000b14c    00000010     libclang_rt.builtins.a : muldf3.S.obj (.tramp.__aeabi_dmul.1)
                  0000b15c    0000000a     libc.a : k_rem_pio2.c.obj (.text.OUTLINED_FUNCTION_1)
                  0000b166    0000000a            : s_cos.c.obj (.text.OUTLINED_FUNCTION_6)
                  0000b170    00000010            : k_sin.c.obj (.tramp.__kernel_sin.1)
                  0000b180    00000008            : s_atan.c.obj (.text.OUTLINED_FUNCTION_2)
                  0000b188    00000008            : aeabi_portable.c.obj (.text.__aeabi_errno_addr)
                  0000b190    00000008     libclang_rt.builtins.a : aeabi_memcpy.S.obj (.text.__aeabi_memcpy)
                  0000b198    00000006     libc.a : k_cos.c.obj (.text.OUTLINED_FUNCTION_0)
                  0000b19e    00000006            : k_sin.c.obj (.text.OUTLINED_FUNCTION_0)
                  0000b1a4    00000006            : s_atan.c.obj (.text.OUTLINED_FUNCTION_1)
                  0000b1aa    00000006            : s_cos.c.obj (.text.OUTLINED_FUNCTION_1)
                  0000b1b0    00000006            : s_cos.c.obj (.text.OUTLINED_FUNCTION_3)
                  0000b1b6    00000006            : s_cos.c.obj (.text.OUTLINED_FUNCTION_5)
                  0000b1bc    00000004     startup_mspm0g350x_ticlang.o (.text.Default_Handler)
                  0000b1c0    00000004     libc.a : s_cos.c.obj (.text.OUTLINED_FUNCTION_2)
                  0000b1c4    00000004            : s_cos.c.obj (.text.OUTLINED_FUNCTION_4)
                  0000b1c8    00000004     startup_mspm0g350x_ticlang.o (.text.Reset_Handler)
                  0000b1cc    00000004     libc.a : pre_init.c.obj (.text._system_pre_init)
                  0000b1d0    00000004            : exit.c.obj (.text:abort)
                  0000b1d4    0000000c     --HOLE-- [fill = 0]

.cinit     0    0000b1e0    00000030     
                  0000b1e0    0000000c     (__TI_handler_table)
                  0000b1ec    00000008     (.cinit..bss.load) [load image, compression = zero_init]
                  0000b1f4    00000007     (.cinit..data.load) [load image, compression = lzss]
                  0000b1fb    00000001     --HOLE-- [fill = 0]
                  0000b1fc    00000010     (__TI_cinit_table)
                  0000b20c    00000004     --HOLE-- [fill = 0]

.rodata    0    000000c0    00005ff0     
                  000000c0    00004000     arm_cortexM0l_math.a : arm_common_tables.o (.rodata.twiddleCoef_2048)
                  000040c0    00001dc0                          : arm_common_tables.o (.rodata.armBitRevIndexTable2048)
                  00005e80    00000108     libc.a : k_rem_pio2.c.obj (.rodata.ipio2)
                  00005f88    00000040            : k_rem_pio2.c.obj (.rodata.PIo2)
                  00005fc8    00000040            : s_atan.c.obj (.rodata.cst32)
                  00006008    00000018     ti_msp_dl_config.o (.rodata.gDMA_CH0Config)
                  00006020    00000018     ti_msp_dl_config.o (.rodata.gDMA_CH1Config)
                  00006038    00000014     ti_msp_dl_config.o (.rodata.gTIMER_0TimerConfig)
                  0000604c    00000010     arm_cortexM0l_math.a : arm_const_structs.o (.rodata.arm_cfft_sR_f32_len2048)
                  0000605c    00000010     libc.a : k_rem_pio2.c.obj (.rodata.cst16)
                  0000606c    00000010     ti_msp_dl_config.o (.rodata.gCAPTURE_0CaptureConfig)
                  0000607c    0000000c     driverlib.a : dl_timer.o (.rodata..Lswitch.table.DL_Timer_initCaptureCombinedMode.1)
                  00006088    0000000c                 : dl_timer.o (.rodata..Lswitch.table.DL_Timer_initCompareMode)
                  00006094    00000008     ti_msp_dl_config.o (.rodata.gADC12_0ClockConfig)
                  0000609c    00000008     ti_msp_dl_config.o (.rodata.gADC12_1ClockConfig)
                  000060a4    00000003     ti_msp_dl_config.o (.rodata.gCAPTURE_0ClockConfig)
                  000060a7    00000003     ti_msp_dl_config.o (.rodata.gTIMER_0ClockConfig)
                  000060aa    00000002     ti_msp_dl_config.o (.rodata.gI2C_OLEDClockConfig)
                  000060ac    00000004     --HOLE-- [fill = 0]

.init_array 
*          0    00000000    00000000     UNINITIALIZED

.binit     0    00000000    00000000     

.bss       0    20200000    0000715b     UNINITIALIZED
                  20200000    00004000     (.common:fft_data_in)
                  20204000    00001000     (.common:fft_data_out)
                  20205000    00001000     (.common:gADC_I)
                  20206000    00001000     (.common:gADC_U)
                  20207000    000000bc     (.common:gTIMER_0Backup)
                  202070bc    00000028     (.common:I_wave)
                  202070e4    00000010     (.common:gRxPacket)
                  202070f4    00000010     (.common:gTxPacket)
                  20207104    00000004     empty.o (.bss.main.pwmDuty)
                  20207108    00000004     empty.o (.bss.main.pwmPeriod)
                  2020710c    00000004     (.common:D_phase)
                  20207110    00000004     (.common:I_A)
                  20207114    00000004     (.common:I_dc)
                  20207118    00000004     (.common:I_eff)
                  2020711c    00000004     (.common:I_phase)
                  20207120    00000004     (.common:I_rms)
                  20207124    00000004     (.common:I_sum)
                  20207128    00000004     (.common:P)
                  2020712c    00000004     (.common:U_A)
                  20207130    00000004     (.common:U_eff)
                  20207134    00000004     (.common:U_phase)
                  20207138    00000004     (.common:gCaptureCnt)
                  2020713c    00000004     (.common:gLoadValue)
                  20207140    00000004     (.common:gRxCount)
                  20207144    00000004     (.common:gRxLen)
                  20207148    00000004     (.common:gTxCount)
                  2020714c    00000004     (.common:gTxLen)
                  20207150    00000004     (.common:index_1)
                  20207154    00000004     (.common:power_factor)
                  20207158    00000001     (.common:gCheckCaptures)
                  20207159    00000001     (.common:gI2cControllerStatus)
                  2020715a    00000001     (.common:gSynced)

.data      0    2020715c    00000009     UNINITIALIZED
                  2020715c    00000004     empty.o (.data.THD)
                  20207160    00000004     libc.a : aeabi_portable.c.obj (.data.__aeabi_errno)
                  20207164    00000001     empty.o (.data.ADC_flag)

.stack     0    20207e00    00000200     UNINITIALIZED
                  20207e00    00000004     libc.a : boot_cortex_m.c.obj (.stack)
                  20207e04    000001fc     --HOLE--

__llvm_prf_cnts 
*          0    20200000    00000000     UNINITIALIZED

__llvm_prf_bits 
*          0    20200000    00000000     UNINITIALIZED

MODULE SUMMARY

       Module                         code    ro data   rw data
       ------                         ----    -------   -------
    .\
       empty.o                        2360    0         28787  
       ti_msp_dl_config.o             2316    108       188    
       startup_mspm0g350x_ticlang.o   8       192       0      
    +--+------------------------------+-------+---------+---------+
       Total:                         4684    300       28975  
                                                               
    .\system\
       oled.o                         394     0         49     
    +--+------------------------------+-------+---------+---------+
       Total:                         394     0         49     
                                                               
    C:/TI/mspm0_sdk_2_01_00_03/source/third_party/CMSIS/DSP/lib/ticlang/m0p/arm_cortexM0l_math.a
       arm_common_tables.o            0       24000     0      
       arm_cfft_f32.o                 3052    0         0      
       arm_cfft_radix8_f32.o          2300    0         0      
       arm_cmplx_mag_f32.o            416     0         0      
       arm_bitreversal2.o             308     0         0      
       arm_max_f32.o                  96      0         0      
       arm_const_structs.o            0       16        0      
    +--+------------------------------+-------+---------+---------+
       Total:                         6172    24016     0      
                                                               
    C:/TI/mspm0_sdk_2_01_00_03/source/ti/driverlib/lib/ticlang/m0p/mspm0g1x0x_g3x0x/driverlib.a
       dl_timer.o                     500     24        0      
       dl_i2c.o                       132     0         0      
       dl_dma.o                       76      0         0      
       dl_adc12.o                     64      0         0      
       dl_common.o                    10      0         0      
    +--+------------------------------+-------+---------+---------+
       Total:                         782     24        0      
                                                               
    C:\TI\ccstheia141\ccs\tools\compiler\ti-cgt-armllvm_3.2.2.LTS\lib\armv6m-ti-none-eabi/c/libc.a
       k_rem_pio2.c.obj               1670    344       0      
       s_cos.c.obj                    1138    0         0      
       s_atan.c.obj                   784     64        0      
       e_atan2.c.obj                  408     0         0      
       e_sqrt.c.obj                   388     0         0      
       k_sin.c.obj                    382     0         0      
       k_cos.c.obj                    342     0         0      
       s_floor.c.obj                  324     0         0      
       s_scalbn.c.obj                 216     0         0      
       e_sqrtf.c.obj                  168     0         0      
       copy_decompress_lzss.c.obj     120     0         0      
       autoinit.c.obj                 60      0         0      
       boot_cortex_m.c.obj            40      0         0      
       copy_decompress_none.c.obj     18      0         0      
       memcpy16.S.obj                 18      0         0      
       copy_zero_init.c.obj           16      0         0      
       memset16.S.obj                 14      0         0      
       aeabi_portable.c.obj           8       0         4      
       exit.c.obj                     4       0         0      
       pre_init.c.obj                 4       0         0      
    +--+------------------------------+-------+---------+---------+
       Total:                         6122    408       4      
                                                               
    C:\TI\ccstheia141\ccs\tools\compiler\ti-cgt-armllvm_3.2.2.LTS\lib\clang/15.0.7/lib/armv6m-ti-none-eabi/libclang_rt.builtins.a
       adddf3.S.obj                   434     0         0      
       divdf3.S.obj                   268     0         0      
       muldf3.S.obj                   244     0         0      
       comparedf2.c.obj               220     0         0      
       addsf3.S.obj                   216     0         0      
       mulsf3.S.obj                   140     0         0      
       divsf3.S.obj                   130     0         0      
       comparesf2.S.obj               118     0         0      
       truncdfsf2.S.obj               116     0         0      
       aeabi_dcmp.S.obj               98      0         0      
       aeabi_fcmp.S.obj               98      0         0      
       aeabi_idivmod.S.obj            86      0         0      
       fixdfsi.S.obj                  74      0         0      
       aeabi_uidivmod.S.obj           64      0         0      
       extendsfdf2.S.obj              64      0         0      
       floatsisf.S.obj                60      0         0      
       muldsi3.S.obj                  58      0         0      
       floatsidf.S.obj                44      0         0      
       floatunsisf.S.obj              40      0         0      
       aeabi_memset.S.obj             12      0         0      
       aeabi_memcpy.S.obj             8       0         0      
       aeabi_div0.c.obj               2       0         0      
    +--+------------------------------+-------+---------+---------+
       Total:                         2594    0         0      
                                                               
       Stack:                         0       0         512    
       Linker Generated:              0       43        0      
    +--+------------------------------+-------+---------+---------+
       Grand Total:                   20748   24791     29540  


LINKER GENERATED COPY TABLES

__TI_cinit_table @ 0000b1fc records: 2, size/record: 8, table size: 16
	.bss: load addr=0000b1ec, load size=00000008 bytes, run addr=20200000, run size=0000715b bytes, compression=zero_init
	.data: load addr=0000b1f4, load size=00000007 bytes, run addr=2020715c, run size=00000009 bytes, compression=lzss


LINKER GENERATED HANDLER TABLE

__TI_handler_table @ 0000b1e0 records: 3, size/record: 4, table size: 12
	index: 0, handler: __TI_decompress_lzss
	index: 1, handler: __TI_decompress_none
	index: 2, handler: __TI_zero_init


FAR CALL TRAMPOLINES

callee name               trampoline name
   callee addr  tramp addr   call addr  call info
--------------  -----------  ---------  ----------------
__aeabi_dadd              $Tramp$TT$L$PI$$__aeabi_dadd
   0000881f     0000afdc     0000afda   libc.a : k_rem_pio2.c.obj (.text.OUTLINED_FUNCTION_0)
                             0000b164          : k_rem_pio2.c.obj (.text.OUTLINED_FUNCTION_1)
                             0000b1a8          : s_atan.c.obj (.text.OUTLINED_FUNCTION_1)
                             0000b1ae          : s_cos.c.obj (.text.OUTLINED_FUNCTION_1)
                             0000b1c2          : s_cos.c.obj (.text.OUTLINED_FUNCTION_2)
__aeabi_dsub              $Tramp$TT$L$PI$$__aeabi_dsub
   00008815     0000b100     0000b0fc   libc.a : s_cos.c.obj (.text.OUTLINED_FUNCTION_0)
                             0000b1ba          : s_cos.c.obj (.text.OUTLINED_FUNCTION_5)
                             0000b1c6          : s_cos.c.obj (.text.OUTLINED_FUNCTION_4)
__aeabi_dmul              $Tramp$TT$L$PI$$__aeabi_dmul
   00009689     0000b14c     0000b14a   libc.a : s_atan.c.obj (.text.OUTLINED_FUNCTION_0)
                             0000b186          : s_atan.c.obj (.text.OUTLINED_FUNCTION_2)
                             0000b19c          : k_cos.c.obj (.text.OUTLINED_FUNCTION_0)
                             0000b1a2          : k_sin.c.obj (.text.OUTLINED_FUNCTION_0)
                             0000b1b4          : s_cos.c.obj (.text.OUTLINED_FUNCTION_3)
__kernel_sin              $Tramp$TT$L$PI$$__kernel_sin
   00008b2d     0000b170     0000b16e   libc.a : s_cos.c.obj (.text.OUTLINED_FUNCTION_6)

[4 trampolines]
[14 trampoline calls]


GLOBAL SYMBOLS: SORTED ALPHABETICALLY BY Name 

address   name                            
-------   ----                            
000093bd  ADC0_IRQHandler                 
00008329  ADC1_IRQHandler                 
20207164  ADC_flag                        
0000b1bd  AES_IRQHandler                  
0000b1d0  C$$EXIT                         
0000b1bd  CANFD0_IRQHandler               
0000a5c1  CreateFFTData                   
0000b1bd  DAC0_IRQHandler                 
0000a6e5  DL_ADC12_setClockConfig         
0000b139  DL_Common_delayCycles           
0000a575  DL_DMA_initChannel              
0000a41b  DL_I2C_fillControllerTXFIFO     
0000ac11  DL_I2C_setClockConfig           
0000b0d1  DL_Timer_getCaptureCompareValue 
0000976d  DL_Timer_initCaptureCombinedMode
000094bd  DL_Timer_initTimerMode          
0000adad  DL_Timer_setClockConfig         
0000b1bd  DMA_IRQHandler                  
2020710c  D_phase                         
0000b1bd  Default_Handler                 
0000b1bd  GROUP0_IRQHandler               
0000b1bd  GROUP1_IRQHandler               
000099fd  Gather_Energy                   
00009ac9  Get_Rms                         
0000b1bd  HardFault_Handler               
0000905d  I2C0_IRQHandler                 
0000b1bd  I2C1_IRQHandler                 
20207110  I_A                             
20207114  I_dc                            
20207118  I_eff                           
2020711c  I_phase                         
20207120  I_rms                           
20207124  I_sum                           
202070bc  I_wave                          
00009b8d  MeasureAmplitude                
000095a5  Measure_THD                     
0000b1bd  NMI_Handler                     
20207128  P                               
0000b1bd  PendSV_Handler                  
0000b1bd  RTC_IRQHandler                  
0000b1c9  Reset_Handler                   
0000b1bd  SPI0_IRQHandler                 
0000b1bd  SPI1_IRQHandler                 
0000b1bd  SVC_Handler                     
00009cf1  SYSCFG_DL_ADC12_0_init          
00009d8d  SYSCFG_DL_ADC12_1_init          
0000a9d5  SYSCFG_DL_CAPTURE_0_init        
0000af81  SYSCFG_DL_DMA_CH0_init          
0000af99  SYSCFG_DL_DMA_CH1_init          
0000a135  SYSCFG_DL_DMA_init              
0000a69f  SYSCFG_DL_GPIO_init             
0000a291  SYSCFG_DL_I2C_OLED_init         
0000aa59  SYSCFG_DL_SYSCTL_init           
0000a479  SYSCFG_DL_TIMER_0_init          
0000a945  SYSCFG_DL_init                  
00009e25  SYSCFG_DL_initPower             
0000b1bd  SysTick_Handler                 
2020715c  THD                             
0000b1bd  TIMA0_IRQHandler                
0000b1bd  TIMA1_IRQHandler                
0000a045  TIMG0_IRQHandler                
0000b1bd  TIMG12_IRQHandler               
0000b1bd  TIMG6_IRQHandler                
0000b1bd  TIMG7_IRQHandler                
0000b1bd  TIMG8_IRQHandler                
0000b09b  TI_memcpy_small                 
0000b11f  TI_memset_small                 
0000b1bd  UART0_IRQHandler                
0000b1bd  UART1_IRQHandler                
0000b1bd  UART2_IRQHandler                
0000b1bd  UART3_IRQHandler                
2020712c  U_A                             
20207130  U_eff                           
20207134  U_phase                         
20208000  __STACK_END                     
00000200  __STACK_SIZE                    
00000000  __TI_ATRegion0_region_sz        
00000000  __TI_ATRegion0_src_addr         
00000000  __TI_ATRegion0_trg_addr         
00000000  __TI_ATRegion1_region_sz        
00000000  __TI_ATRegion1_src_addr         
00000000  __TI_ATRegion1_trg_addr         
00000000  __TI_ATRegion2_region_sz        
00000000  __TI_ATRegion2_src_addr         
00000000  __TI_ATRegion2_trg_addr         
0000b1fc  __TI_CINIT_Base                 
0000b20c  __TI_CINIT_Limit                
0000b20c  __TI_CINIT_Warm                 
0000b1e0  __TI_Handler_Table_Base         
0000b1ec  __TI_Handler_Table_Limit        
0000a859  __TI_auto_init_nobinit_nopinit  
0000a0bd  __TI_decompress_lzss            
0000b0ad  __TI_decompress_none            
ffffffff  __TI_pprof_out_hndl             
ffffffff  __TI_prof_data_size             
ffffffff  __TI_prof_data_start            
00000000  __TI_static_base__              
0000b0e1  __TI_zero_init                  
0000881f  __adddf3                        
0000992f  __addsf3                        
0000a141  __aeabi_d2f                     
0000a655  __aeabi_d2iz                    
0000881f  __aeabi_dadd                    
0000a2f5  __aeabi_dcmpeq                  
0000a331  __aeabi_dcmpge                  
0000a345  __aeabi_dcmpgt                  
0000a31d  __aeabi_dcmple                  
0000a309  __aeabi_dcmplt                  
000092b1  __aeabi_ddiv                    
00009689  __aeabi_dmul                    
00008815  __aeabi_dsub                    
20207160  __aeabi_errno                   
0000b189  __aeabi_errno_addr              
0000a765  __aeabi_f2d                     
0000992f  __aeabi_fadd                    
0000a359  __aeabi_fcmpeq                  
0000a395  __aeabi_fcmpge                  
0000a3a9  __aeabi_fcmpgt                  
0000a381  __aeabi_fcmple                  
0000a36d  __aeabi_fcmplt                  
00009fc1  __aeabi_fdiv                    
00009eb1  __aeabi_fmul                    
00009925  __aeabi_fsub                    
0000aa2d  __aeabi_i2d                     
0000a7e1  __aeabi_i2f                     
0000a4d1  __aeabi_idiv                    
000089a7  __aeabi_idiv0                   
0000a4d1  __aeabi_idivmod                 
0000b12d  __aeabi_memclr                  
0000b12d  __aeabi_memclr4                 
0000b12d  __aeabi_memclr8                 
0000b191  __aeabi_memcpy                  
0000b191  __aeabi_memcpy4                 
0000b191  __aeabi_memcpy8                 
0000ab75  __aeabi_ui2f                    
0000a725  __aeabi_uidiv                   
0000a725  __aeabi_uidivmod                
ffffffff  __binit__                       
0000a225  __cmpdf2                        
0000a895  __cmpsf2                        
000092b1  __divdf3                        
00009fc1  __divsf3                        
0000a225  __eqdf2                         
0000a895  __eqsf2                         
0000a765  __extendsfdf2                   
0000a655  __fixdfsi                       
0000aa2d  __floatsidf                     
0000a7e1  __floatsisf                     
0000ab75  __floatunsisf                   
0000a1b5  __gedf2                         
0000a81d  __gesf2                         
0000a1b5  __gtdf2                         
0000a81d  __gtsf2                         
00008c95  __kernel_cos                    
00007121  __kernel_rem_pio2               
00008b2d  __kernel_sin                    
0000a225  __ledf2                         
0000a895  __lesf2                         
0000a225  __ltdf2                         
0000a895  __ltsf2                         
UNDEFED   __mpu_init                      
00009689  __muldf3                        
0000a8d1  __muldsi3                       
00009eb1  __mulsf3                        
0000a225  __nedf2                         
0000a895  __nesf2                         
20207e00  __stack                         
20200000  __start___llvm_prf_bits         
20200000  __start___llvm_prf_cnts         
20200000  __stop___llvm_prf_bits          
20200000  __stop___llvm_prf_cnts          
00008815  __subdf3                        
00009925  __subsf3                        
0000a141  __truncdfsf2                    
0000ab9d  _c_int00_noargs                 
UNDEFED   _system_post_cinit              
0000b1cd  _system_pre_init                
0000b1d1  abort                           
000040c0  armBitRevIndexTable2048         
00008f29  arm_bitreversal_32              
00008161  arm_cfft_f32                    
00007eb1  arm_cfft_radix8by2_f32          
000069ad  arm_cfft_radix8by4_f32          
0000604c  arm_cfft_sR_f32_len2048         
000084dd  arm_cmplx_mag_f32               
0000a3bb  arm_max_f32                     
000060b1  arm_radix8_butterfly_f32        
00007bb9  atan                            
0000867d  atan2                           
0000867d  atan2l                          
00007bb9  atanl                           
ffffffff  binit                           
00007779  cos                             
00007779  cosl                            
20200000  fft_data_in                     
20204000  fft_data_out                    
00008de5  floor                           
00008de5  floorl                          
20205000  gADC_I                          
20206000  gADC_U                          
20207138  gCaptureCnt                     
20207158  gCheckCaptures                  
20207159  gI2cControllerStatus            
2020713c  gLoadValue                      
20207140  gRxCount                        
20207144  gRxLen                          
202070e4  gRxPacket                       
2020715a  gSynced                         
20207000  gTIMER_0Backup                  
20207148  gTxCount                        
2020714c  gTxLen                          
202070f4  gTxPacket                       
20207150  index_1                         
00000000  interruptVectors                
0000984d  ldexp                           
0000984d  ldexpl                          
00009189  main                            
20207154  power_factor                    
0000984d  scalbn                          
0000984d  scalbnl                         
000089a9  sqrt                            
00009c49  sqrtf                           
000089a9  sqrtl                           
000000c0  twiddleCoef_2048                


GLOBAL SYMBOLS: SORTED BY Symbol Address 

address   name                            
-------   ----                            
00000000  __TI_ATRegion0_region_sz        
00000000  __TI_ATRegion0_src_addr         
00000000  __TI_ATRegion0_trg_addr         
00000000  __TI_ATRegion1_region_sz        
00000000  __TI_ATRegion1_src_addr         
00000000  __TI_ATRegion1_trg_addr         
00000000  __TI_ATRegion2_region_sz        
00000000  __TI_ATRegion2_src_addr         
00000000  __TI_ATRegion2_trg_addr         
00000000  __TI_static_base__              
00000000  interruptVectors                
000000c0  twiddleCoef_2048                
00000200  __STACK_SIZE                    
000040c0  armBitRevIndexTable2048         
0000604c  arm_cfft_sR_f32_len2048         
000060b1  arm_radix8_butterfly_f32        
000069ad  arm_cfft_radix8by4_f32          
00007121  __kernel_rem_pio2               
00007779  cos                             
00007779  cosl                            
00007bb9  atan                            
00007bb9  atanl                           
00007eb1  arm_cfft_radix8by2_f32          
00008161  arm_cfft_f32                    
00008329  ADC1_IRQHandler                 
000084dd  arm_cmplx_mag_f32               
0000867d  atan2                           
0000867d  atan2l                          
00008815  __aeabi_dsub                    
00008815  __subdf3                        
0000881f  __adddf3                        
0000881f  __aeabi_dadd                    
000089a7  __aeabi_idiv0                   
000089a9  sqrt                            
000089a9  sqrtl                           
00008b2d  __kernel_sin                    
00008c95  __kernel_cos                    
00008de5  floor                           
00008de5  floorl                          
00008f29  arm_bitreversal_32              
0000905d  I2C0_IRQHandler                 
00009189  main                            
000092b1  __aeabi_ddiv                    
000092b1  __divdf3                        
000093bd  ADC0_IRQHandler                 
000094bd  DL_Timer_initTimerMode          
000095a5  Measure_THD                     
00009689  __aeabi_dmul                    
00009689  __muldf3                        
0000976d  DL_Timer_initCaptureCombinedMode
0000984d  ldexp                           
0000984d  ldexpl                          
0000984d  scalbn                          
0000984d  scalbnl                         
00009925  __aeabi_fsub                    
00009925  __subsf3                        
0000992f  __addsf3                        
0000992f  __aeabi_fadd                    
000099fd  Gather_Energy                   
00009ac9  Get_Rms                         
00009b8d  MeasureAmplitude                
00009c49  sqrtf                           
00009cf1  SYSCFG_DL_ADC12_0_init          
00009d8d  SYSCFG_DL_ADC12_1_init          
00009e25  SYSCFG_DL_initPower             
00009eb1  __aeabi_fmul                    
00009eb1  __mulsf3                        
00009fc1  __aeabi_fdiv                    
00009fc1  __divsf3                        
0000a045  TIMG0_IRQHandler                
0000a0bd  __TI_decompress_lzss            
0000a135  SYSCFG_DL_DMA_init              
0000a141  __aeabi_d2f                     
0000a141  __truncdfsf2                    
0000a1b5  __gedf2                         
0000a1b5  __gtdf2                         
0000a225  __cmpdf2                        
0000a225  __eqdf2                         
0000a225  __ledf2                         
0000a225  __ltdf2                         
0000a225  __nedf2                         
0000a291  SYSCFG_DL_I2C_OLED_init         
0000a2f5  __aeabi_dcmpeq                  
0000a309  __aeabi_dcmplt                  
0000a31d  __aeabi_dcmple                  
0000a331  __aeabi_dcmpge                  
0000a345  __aeabi_dcmpgt                  
0000a359  __aeabi_fcmpeq                  
0000a36d  __aeabi_fcmplt                  
0000a381  __aeabi_fcmple                  
0000a395  __aeabi_fcmpge                  
0000a3a9  __aeabi_fcmpgt                  
0000a3bb  arm_max_f32                     
0000a41b  DL_I2C_fillControllerTXFIFO     
0000a479  SYSCFG_DL_TIMER_0_init          
0000a4d1  __aeabi_idiv                    
0000a4d1  __aeabi_idivmod                 
0000a575  DL_DMA_initChannel              
0000a5c1  CreateFFTData                   
0000a655  __aeabi_d2iz                    
0000a655  __fixdfsi                       
0000a69f  SYSCFG_DL_GPIO_init             
0000a6e5  DL_ADC12_setClockConfig         
0000a725  __aeabi_uidiv                   
0000a725  __aeabi_uidivmod                
0000a765  __aeabi_f2d                     
0000a765  __extendsfdf2                   
0000a7e1  __aeabi_i2f                     
0000a7e1  __floatsisf                     
0000a81d  __gesf2                         
0000a81d  __gtsf2                         
0000a859  __TI_auto_init_nobinit_nopinit  
0000a895  __cmpsf2                        
0000a895  __eqsf2                         
0000a895  __lesf2                         
0000a895  __ltsf2                         
0000a895  __nesf2                         
0000a8d1  __muldsi3                       
0000a945  SYSCFG_DL_init                  
0000a9d5  SYSCFG_DL_CAPTURE_0_init        
0000aa2d  __aeabi_i2d                     
0000aa2d  __floatsidf                     
0000aa59  SYSCFG_DL_SYSCTL_init           
0000ab75  __aeabi_ui2f                    
0000ab75  __floatunsisf                   
0000ab9d  _c_int00_noargs                 
0000ac11  DL_I2C_setClockConfig           
0000adad  DL_Timer_setClockConfig         
0000af81  SYSCFG_DL_DMA_CH0_init          
0000af99  SYSCFG_DL_DMA_CH1_init          
0000b09b  TI_memcpy_small                 
0000b0ad  __TI_decompress_none            
0000b0d1  DL_Timer_getCaptureCompareValue 
0000b0e1  __TI_zero_init                  
0000b11f  TI_memset_small                 
0000b12d  __aeabi_memclr                  
0000b12d  __aeabi_memclr4                 
0000b12d  __aeabi_memclr8                 
0000b139  DL_Common_delayCycles           
0000b189  __aeabi_errno_addr              
0000b191  __aeabi_memcpy                  
0000b191  __aeabi_memcpy4                 
0000b191  __aeabi_memcpy8                 
0000b1bd  AES_IRQHandler                  
0000b1bd  CANFD0_IRQHandler               
0000b1bd  DAC0_IRQHandler                 
0000b1bd  DMA_IRQHandler                  
0000b1bd  Default_Handler                 
0000b1bd  GROUP0_IRQHandler               
0000b1bd  GROUP1_IRQHandler               
0000b1bd  HardFault_Handler               
0000b1bd  I2C1_IRQHandler                 
0000b1bd  NMI_Handler                     
0000b1bd  PendSV_Handler                  
0000b1bd  RTC_IRQHandler                  
0000b1bd  SPI0_IRQHandler                 
0000b1bd  SPI1_IRQHandler                 
0000b1bd  SVC_Handler                     
0000b1bd  SysTick_Handler                 
0000b1bd  TIMA0_IRQHandler                
0000b1bd  TIMA1_IRQHandler                
0000b1bd  TIMG12_IRQHandler               
0000b1bd  TIMG6_IRQHandler                
0000b1bd  TIMG7_IRQHandler                
0000b1bd  TIMG8_IRQHandler                
0000b1bd  UART0_IRQHandler                
0000b1bd  UART1_IRQHandler                
0000b1bd  UART2_IRQHandler                
0000b1bd  UART3_IRQHandler                
0000b1c9  Reset_Handler                   
0000b1cd  _system_pre_init                
0000b1d0  C$$EXIT                         
0000b1d1  abort                           
0000b1e0  __TI_Handler_Table_Base         
0000b1ec  __TI_Handler_Table_Limit        
0000b1fc  __TI_CINIT_Base                 
0000b20c  __TI_CINIT_Limit                
0000b20c  __TI_CINIT_Warm                 
20200000  __start___llvm_prf_bits         
20200000  __start___llvm_prf_cnts         
20200000  __stop___llvm_prf_bits          
20200000  __stop___llvm_prf_cnts          
20200000  fft_data_in                     
20204000  fft_data_out                    
20205000  gADC_I                          
20206000  gADC_U                          
20207000  gTIMER_0Backup                  
202070bc  I_wave                          
202070e4  gRxPacket                       
202070f4  gTxPacket                       
2020710c  D_phase                         
20207110  I_A                             
20207114  I_dc                            
20207118  I_eff                           
2020711c  I_phase                         
20207120  I_rms                           
20207124  I_sum                           
20207128  P                               
2020712c  U_A                             
20207130  U_eff                           
20207134  U_phase                         
20207138  gCaptureCnt                     
2020713c  gLoadValue                      
20207140  gRxCount                        
20207144  gRxLen                          
20207148  gTxCount                        
2020714c  gTxLen                          
20207150  index_1                         
20207154  power_factor                    
20207158  gCheckCaptures                  
20207159  gI2cControllerStatus            
2020715a  gSynced                         
2020715c  THD                             
20207160  __aeabi_errno                   
20207164  ADC_flag                        
20207e00  __stack                         
20208000  __STACK_END                     
ffffffff  __TI_pprof_out_hndl             
ffffffff  __TI_prof_data_size             
ffffffff  __TI_prof_data_start            
ffffffff  __binit__                       
ffffffff  binit                           
UNDEFED   __mpu_init                      
UNDEFED   _system_post_cinit              

[224 symbols]
