<?xml version="1.0" encoding="ISO-8859-1" ?>
<link_info>
   <banner>TI ARM Clang Linker PC v3.2.2.LTS</banner>
   <copyright>Copyright (c) 1996-2018 Texas Instruments Incorporated</copyright>
   <link_time>0x66ed625c</link_time>
   <link_errors>0x0</link_errors>
   <output_file>C:\Users\34808\workspace_ccstheia\compete_get_rms\Debug\compete_get_rms.out</output_file>
   <entry_point>
      <name>_c_int00_noargs</name>
      <address>0xab9d</address>
   </entry_point>
   <input_file_list>
      <input_file id="fl-1">
         <path>C:\Users\34808\workspace_ccstheia\compete_get_rms\Debug\.\</path>
         <kind>object</kind>
         <file>empty.o</file>
         <name>empty.o</name>
      </input_file>
      <input_file id="fl-2">
         <path>C:\Users\34808\workspace_ccstheia\compete_get_rms\Debug\.\</path>
         <kind>object</kind>
         <file>ti_msp_dl_config.o</file>
         <name>ti_msp_dl_config.o</name>
      </input_file>
      <input_file id="fl-3">
         <path>C:\Users\34808\workspace_ccstheia\compete_get_rms\Debug\.\</path>
         <kind>object</kind>
         <file>startup_mspm0g350x_ticlang.o</file>
         <name>startup_mspm0g350x_ticlang.o</name>
      </input_file>
      <input_file id="fl-4">
         <path>C:\Users\34808\workspace_ccstheia\compete_get_rms\Debug\.\system\</path>
         <kind>object</kind>
         <file>my_delay.o</file>
         <name>my_delay.o</name>
      </input_file>
      <input_file id="fl-5">
         <path>C:\Users\34808\workspace_ccstheia\compete_get_rms\Debug\.\system\</path>
         <kind>object</kind>
         <file>oled.o</file>
         <name>oled.o</name>
      </input_file>
      <input_file id="fl-13">
         <path>C:\Users\34808\workspace_ccstheia\compete_get_rms\Debug\</path>
         <kind>object</kind>
         <file>&lt;internal&gt;</file>
         <name>&lt;internal&gt;</name>
      </input_file>
      <input_file id="fl-14">
         <path>C:\TI\mspm0_sdk_2_01_00_03\source\third_party\CMSIS\DSP\lib\ticlang\m0p\</path>
         <kind>archive</kind>
         <file>arm_cortexM0l_math.a</file>
         <name>arm_const_structs.o</name>
      </input_file>
      <input_file id="fl-15">
         <path>C:\TI\mspm0_sdk_2_01_00_03\source\third_party\CMSIS\DSP\lib\ticlang\m0p\</path>
         <kind>archive</kind>
         <file>arm_cortexM0l_math.a</file>
         <name>arm_cmplx_mag_f32.o</name>
      </input_file>
      <input_file id="fl-16">
         <path>C:\TI\mspm0_sdk_2_01_00_03\source\third_party\CMSIS\DSP\lib\ticlang\m0p\</path>
         <kind>archive</kind>
         <file>arm_cortexM0l_math.a</file>
         <name>arm_max_f32.o</name>
      </input_file>
      <input_file id="fl-17">
         <path>C:\TI\mspm0_sdk_2_01_00_03\source\third_party\CMSIS\DSP\lib\ticlang\m0p\</path>
         <kind>archive</kind>
         <file>arm_cortexM0l_math.a</file>
         <name>arm_cfft_f32.o</name>
      </input_file>
      <input_file id="fl-18">
         <path>C:\TI\mspm0_sdk_2_01_00_03\source\third_party\CMSIS\DSP\lib\ticlang\m0p\</path>
         <kind>archive</kind>
         <file>arm_cortexM0l_math.a</file>
         <name>arm_cfft_radix8_f32.o</name>
      </input_file>
      <input_file id="fl-19">
         <path>C:\TI\mspm0_sdk_2_01_00_03\source\third_party\CMSIS\DSP\lib\ticlang\m0p\</path>
         <kind>archive</kind>
         <file>arm_cortexM0l_math.a</file>
         <name>arm_common_tables.o</name>
      </input_file>
      <input_file id="fl-1a">
         <path>C:\TI\mspm0_sdk_2_01_00_03\source\third_party\CMSIS\DSP\lib\ticlang\m0p\</path>
         <kind>archive</kind>
         <file>arm_cortexM0l_math.a</file>
         <name>arm_bitreversal2.o</name>
      </input_file>
      <input_file id="fl-1b">
         <path>C:\TI\mspm0_sdk_2_01_00_03\source\ti\driverlib\lib\ticlang\m0p\mspm0g1x0x_g3x0x\</path>
         <kind>archive</kind>
         <file>driverlib.a</file>
         <name>dl_adc12.o</name>
      </input_file>
      <input_file id="fl-1c">
         <path>C:\TI\mspm0_sdk_2_01_00_03\source\ti\driverlib\lib\ticlang\m0p\mspm0g1x0x_g3x0x\</path>
         <kind>archive</kind>
         <file>driverlib.a</file>
         <name>dl_common.o</name>
      </input_file>
      <input_file id="fl-1d">
         <path>C:\TI\mspm0_sdk_2_01_00_03\source\ti\driverlib\lib\ticlang\m0p\mspm0g1x0x_g3x0x\</path>
         <kind>archive</kind>
         <file>driverlib.a</file>
         <name>dl_dma.o</name>
      </input_file>
      <input_file id="fl-1e">
         <path>C:\TI\mspm0_sdk_2_01_00_03\source\ti\driverlib\lib\ticlang\m0p\mspm0g1x0x_g3x0x\</path>
         <kind>archive</kind>
         <file>driverlib.a</file>
         <name>dl_i2c.o</name>
      </input_file>
      <input_file id="fl-1f">
         <path>C:\TI\mspm0_sdk_2_01_00_03\source\ti\driverlib\lib\ticlang\m0p\mspm0g1x0x_g3x0x\</path>
         <kind>archive</kind>
         <file>driverlib.a</file>
         <name>dl_timer.o</name>
      </input_file>
      <input_file id="fl-2e">
         <path>C:\TI\ccstheia141\ccs\tools\compiler\ti-cgt-armllvm_3.2.2.LTS\lib\armv6m-ti-none-eabi\c\</path>
         <kind>archive</kind>
         <file>libc.a</file>
         <name>sprintf.c.obj</name>
      </input_file>
      <input_file id="fl-2f">
         <path>C:\TI\ccstheia141\ccs\tools\compiler\ti-cgt-armllvm_3.2.2.LTS\lib\armv6m-ti-none-eabi\c\</path>
         <kind>archive</kind>
         <file>libc.a</file>
         <name>e_sqrtf.c.obj</name>
      </input_file>
      <input_file id="fl-30">
         <path>C:\TI\ccstheia141\ccs\tools\compiler\ti-cgt-armllvm_3.2.2.LTS\lib\armv6m-ti-none-eabi\c\</path>
         <kind>archive</kind>
         <file>libc.a</file>
         <name>e_atan2.c.obj</name>
      </input_file>
      <input_file id="fl-31">
         <path>C:\TI\ccstheia141\ccs\tools\compiler\ti-cgt-armllvm_3.2.2.LTS\lib\armv6m-ti-none-eabi\c\</path>
         <kind>archive</kind>
         <file>libc.a</file>
         <name>e_sqrt.c.obj</name>
      </input_file>
      <input_file id="fl-32">
         <path>C:\TI\ccstheia141\ccs\tools\compiler\ti-cgt-armllvm_3.2.2.LTS\lib\armv6m-ti-none-eabi\c\</path>
         <kind>archive</kind>
         <file>libc.a</file>
         <name>s_atan.c.obj</name>
      </input_file>
      <input_file id="fl-33">
         <path>C:\TI\ccstheia141\ccs\tools\compiler\ti-cgt-armllvm_3.2.2.LTS\lib\armv6m-ti-none-eabi\c\</path>
         <kind>archive</kind>
         <file>libc.a</file>
         <name>s_cos.c.obj</name>
      </input_file>
      <input_file id="fl-34">
         <path>C:\TI\ccstheia141\ccs\tools\compiler\ti-cgt-armllvm_3.2.2.LTS\lib\armv6m-ti-none-eabi\c\</path>
         <kind>archive</kind>
         <file>libc.a</file>
         <name>aeabi_portable.c.obj</name>
      </input_file>
      <input_file id="fl-35">
         <path>C:\TI\ccstheia141\ccs\tools\compiler\ti-cgt-armllvm_3.2.2.LTS\lib\armv6m-ti-none-eabi\c\</path>
         <kind>archive</kind>
         <file>libc.a</file>
         <name>k_rem_pio2.c.obj</name>
      </input_file>
      <input_file id="fl-36">
         <path>C:\TI\ccstheia141\ccs\tools\compiler\ti-cgt-armllvm_3.2.2.LTS\lib\armv6m-ti-none-eabi\c\</path>
         <kind>archive</kind>
         <file>libc.a</file>
         <name>assert.c.obj</name>
      </input_file>
      <input_file id="fl-37">
         <path>C:\TI\ccstheia141\ccs\tools\compiler\ti-cgt-armllvm_3.2.2.LTS\lib\armv6m-ti-none-eabi\c\</path>
         <kind>archive</kind>
         <file>libc.a</file>
         <name>defs.c.obj</name>
      </input_file>
      <input_file id="fl-38">
         <path>C:\TI\ccstheia141\ccs\tools\compiler\ti-cgt-armllvm_3.2.2.LTS\lib\armv6m-ti-none-eabi\c\</path>
         <kind>archive</kind>
         <file>libc.a</file>
         <name>memory.c.obj</name>
      </input_file>
      <input_file id="fl-39">
         <path>C:\TI\ccstheia141\ccs\tools\compiler\ti-cgt-armllvm_3.2.2.LTS\lib\armv6m-ti-none-eabi\c\</path>
         <kind>archive</kind>
         <file>libc.a</file>
         <name>boot_cortex_m.c.obj</name>
      </input_file>
      <input_file id="fl-3a">
         <path>C:\TI\ccstheia141\ccs\tools\compiler\ti-cgt-armllvm_3.2.2.LTS\lib\armv6m-ti-none-eabi\c\</path>
         <kind>archive</kind>
         <file>libc.a</file>
         <name>mathacl_init.c.obj</name>
      </input_file>
      <input_file id="fl-3b">
         <path>C:\TI\ccstheia141\ccs\tools\compiler\ti-cgt-armllvm_3.2.2.LTS\lib\armv6m-ti-none-eabi\c\</path>
         <kind>archive</kind>
         <file>libc.a</file>
         <name>autoinit.c.obj</name>
      </input_file>
      <input_file id="fl-3c">
         <path>C:\TI\ccstheia141\ccs\tools\compiler\ti-cgt-armllvm_3.2.2.LTS\lib\armv6m-ti-none-eabi\c\</path>
         <kind>archive</kind>
         <file>libc.a</file>
         <name>pre_init.c.obj</name>
      </input_file>
      <input_file id="fl-3d">
         <path>C:\TI\ccstheia141\ccs\tools\compiler\ti-cgt-armllvm_3.2.2.LTS\lib\armv6m-ti-none-eabi\c\</path>
         <kind>archive</kind>
         <file>libc.a</file>
         <name>cpy_tbl.c.obj</name>
      </input_file>
      <input_file id="fl-3e">
         <path>C:\TI\ccstheia141\ccs\tools\compiler\ti-cgt-armllvm_3.2.2.LTS\lib\armv6m-ti-none-eabi\c\</path>
         <kind>archive</kind>
         <file>libc.a</file>
         <name>copy_zero_init.c.obj</name>
      </input_file>
      <input_file id="fl-3f">
         <path>C:\TI\ccstheia141\ccs\tools\compiler\ti-cgt-armllvm_3.2.2.LTS\lib\armv6m-ti-none-eabi\c\</path>
         <kind>archive</kind>
         <file>libc.a</file>
         <name>copy_decompress_none.c.obj</name>
      </input_file>
      <input_file id="fl-40">
         <path>C:\TI\ccstheia141\ccs\tools\compiler\ti-cgt-armllvm_3.2.2.LTS\lib\armv6m-ti-none-eabi\c\</path>
         <kind>archive</kind>
         <file>libc.a</file>
         <name>copy_decompress_lzss.c.obj</name>
      </input_file>
      <input_file id="fl-41">
         <path>C:\TI\ccstheia141\ccs\tools\compiler\ti-cgt-armllvm_3.2.2.LTS\lib\armv6m-ti-none-eabi\c\</path>
         <kind>archive</kind>
         <file>libc.a</file>
         <name>_printfi.c.obj</name>
      </input_file>
      <input_file id="fl-42">
         <path>C:\TI\ccstheia141\ccs\tools\compiler\ti-cgt-armllvm_3.2.2.LTS\lib\armv6m-ti-none-eabi\c\</path>
         <kind>archive</kind>
         <file>libc.a</file>
         <name>fflush.c.obj</name>
      </input_file>
      <input_file id="fl-43">
         <path>C:\TI\ccstheia141\ccs\tools\compiler\ti-cgt-armllvm_3.2.2.LTS\lib\armv6m-ti-none-eabi\c\</path>
         <kind>archive</kind>
         <file>libc.a</file>
         <name>fputs.c.obj</name>
      </input_file>
      <input_file id="fl-44">
         <path>C:\TI\ccstheia141\ccs\tools\compiler\ti-cgt-armllvm_3.2.2.LTS\lib\armv6m-ti-none-eabi\c\</path>
         <kind>archive</kind>
         <file>libc.a</file>
         <name>_io_perm.c.obj</name>
      </input_file>
      <input_file id="fl-45">
         <path>C:\TI\ccstheia141\ccs\tools\compiler\ti-cgt-armllvm_3.2.2.LTS\lib\armv6m-ti-none-eabi\c\</path>
         <kind>archive</kind>
         <file>libc.a</file>
         <name>setvbuf.c.obj</name>
      </input_file>
      <input_file id="fl-46">
         <path>C:\TI\ccstheia141\ccs\tools\compiler\ti-cgt-armllvm_3.2.2.LTS\lib\armv6m-ti-none-eabi\c\</path>
         <kind>archive</kind>
         <file>libc.a</file>
         <name>k_cos.c.obj</name>
      </input_file>
      <input_file id="fl-47">
         <path>C:\TI\ccstheia141\ccs\tools\compiler\ti-cgt-armllvm_3.2.2.LTS\lib\armv6m-ti-none-eabi\c\</path>
         <kind>archive</kind>
         <file>libc.a</file>
         <name>k_sin.c.obj</name>
      </input_file>
      <input_file id="fl-48">
         <path>C:\TI\ccstheia141\ccs\tools\compiler\ti-cgt-armllvm_3.2.2.LTS\lib\armv6m-ti-none-eabi\c\</path>
         <kind>archive</kind>
         <file>libc.a</file>
         <name>s_floor.c.obj</name>
      </input_file>
      <input_file id="fl-49">
         <path>C:\TI\ccstheia141\ccs\tools\compiler\ti-cgt-armllvm_3.2.2.LTS\lib\armv6m-ti-none-eabi\c\</path>
         <kind>archive</kind>
         <file>libc.a</file>
         <name>s_frexp.c.obj</name>
      </input_file>
      <input_file id="fl-4a">
         <path>C:\TI\ccstheia141\ccs\tools\compiler\ti-cgt-armllvm_3.2.2.LTS\lib\armv6m-ti-none-eabi\c\</path>
         <kind>archive</kind>
         <file>libc.a</file>
         <name>s_scalbn.c.obj</name>
      </input_file>
      <input_file id="fl-4b">
         <path>C:\TI\ccstheia141\ccs\tools\compiler\ti-cgt-armllvm_3.2.2.LTS\lib\armv6m-ti-none-eabi\c\</path>
         <kind>archive</kind>
         <file>libc.a</file>
         <name>exit.c.obj</name>
      </input_file>
      <input_file id="fl-4c">
         <path>C:\TI\ccstheia141\ccs\tools\compiler\ti-cgt-armllvm_3.2.2.LTS\lib\armv6m-ti-none-eabi\c\</path>
         <kind>archive</kind>
         <file>libc.a</file>
         <name>_lock.c.obj</name>
      </input_file>
      <input_file id="fl-4d">
         <path>C:\TI\ccstheia141\ccs\tools\compiler\ti-cgt-armllvm_3.2.2.LTS\lib\armv6m-ti-none-eabi\c\</path>
         <kind>archive</kind>
         <file>libc.a</file>
         <name>_ltoa.c.obj</name>
      </input_file>
      <input_file id="fl-4e">
         <path>C:\TI\ccstheia141\ccs\tools\compiler\ti-cgt-armllvm_3.2.2.LTS\lib\armv6m-ti-none-eabi\c\</path>
         <kind>archive</kind>
         <file>libc.a</file>
         <name>args_main.c.obj</name>
      </input_file>
      <input_file id="fl-4f">
         <path>C:\TI\ccstheia141\ccs\tools\compiler\ti-cgt-armllvm_3.2.2.LTS\lib\armv6m-ti-none-eabi\c\</path>
         <kind>archive</kind>
         <file>libc.a</file>
         <name>atoi.c.obj</name>
      </input_file>
      <input_file id="fl-50">
         <path>C:\TI\ccstheia141\ccs\tools\compiler\ti-cgt-armllvm_3.2.2.LTS\lib\armv6m-ti-none-eabi\c\</path>
         <kind>archive</kind>
         <file>libc.a</file>
         <name>memccpy.c.obj</name>
      </input_file>
      <input_file id="fl-51">
         <path>C:\TI\ccstheia141\ccs\tools\compiler\ti-cgt-armllvm_3.2.2.LTS\lib\armv6m-ti-none-eabi\c\</path>
         <kind>archive</kind>
         <file>libc.a</file>
         <name>wcslen.c.obj</name>
      </input_file>
      <input_file id="fl-52">
         <path>C:\TI\ccstheia141\ccs\tools\compiler\ti-cgt-armllvm_3.2.2.LTS\lib\armv6m-ti-none-eabi\c\</path>
         <kind>archive</kind>
         <file>libc.a</file>
         <name>fopen.c.obj</name>
      </input_file>
      <input_file id="fl-53">
         <path>C:\TI\ccstheia141\ccs\tools\compiler\ti-cgt-armllvm_3.2.2.LTS\lib\armv6m-ti-none-eabi\c\</path>
         <kind>archive</kind>
         <file>libc.a</file>
         <name>fseek.c.obj</name>
      </input_file>
      <input_file id="fl-54">
         <path>C:\TI\ccstheia141\ccs\tools\compiler\ti-cgt-armllvm_3.2.2.LTS\lib\armv6m-ti-none-eabi\c\</path>
         <kind>archive</kind>
         <file>libc.a</file>
         <name>aeabi_ctype.S.obj</name>
      </input_file>
      <input_file id="fl-55">
         <path>C:\TI\ccstheia141\ccs\tools\compiler\ti-cgt-armllvm_3.2.2.LTS\lib\armv6m-ti-none-eabi\c\</path>
         <kind>archive</kind>
         <file>libc.a</file>
         <name>fclose.c.obj</name>
      </input_file>
      <input_file id="fl-bb">
         <path>C:\TI\ccstheia141\ccs\tools\compiler\ti-cgt-armllvm_3.2.2.LTS\lib\armv6m-ti-none-eabi\c\</path>
         <kind>archive</kind>
         <file>libsysbm.a</file>
         <name>write.c.obj</name>
      </input_file>
      <input_file id="fl-bc">
         <path>C:\TI\ccstheia141\ccs\tools\compiler\ti-cgt-armllvm_3.2.2.LTS\lib\armv6m-ti-none-eabi\c\</path>
         <kind>archive</kind>
         <file>libsysbm.a</file>
         <name>host_device.c.obj</name>
      </input_file>
      <input_file id="fl-bd">
         <path>C:\TI\ccstheia141\ccs\tools\compiler\ti-cgt-armllvm_3.2.2.LTS\lib\armv6m-ti-none-eabi\c\</path>
         <kind>archive</kind>
         <file>libsysbm.a</file>
         <name>remove.c.obj</name>
      </input_file>
      <input_file id="fl-be">
         <path>C:\TI\ccstheia141\ccs\tools\compiler\ti-cgt-armllvm_3.2.2.LTS\lib\armv6m-ti-none-eabi\c\</path>
         <kind>archive</kind>
         <file>libsysbm.a</file>
         <name>open.c.obj</name>
      </input_file>
      <input_file id="fl-bf">
         <path>C:\TI\ccstheia141\ccs\tools\compiler\ti-cgt-armllvm_3.2.2.LTS\lib\armv6m-ti-none-eabi\c\</path>
         <kind>archive</kind>
         <file>libsysbm.a</file>
         <name>lseek.c.obj</name>
      </input_file>
      <input_file id="fl-c0">
         <path>C:\TI\ccstheia141\ccs\tools\compiler\ti-cgt-armllvm_3.2.2.LTS\lib\armv6m-ti-none-eabi\c\</path>
         <kind>archive</kind>
         <file>libsysbm.a</file>
         <name>close.c.obj</name>
      </input_file>
      <input_file id="fl-c1">
         <path>C:\TI\ccstheia141\ccs\tools\compiler\ti-cgt-armllvm_3.2.2.LTS\lib\armv6m-ti-none-eabi\c\</path>
         <kind>archive</kind>
         <file>libsysbm.a</file>
         <name>unlink.c.obj</name>
      </input_file>
      <input_file id="fl-c2">
         <path>C:\TI\ccstheia141\ccs\tools\compiler\ti-cgt-armllvm_3.2.2.LTS\lib\armv6m-ti-none-eabi\c\</path>
         <kind>archive</kind>
         <file>libsysbm.a</file>
         <name>hostclose.c.obj</name>
      </input_file>
      <input_file id="fl-c3">
         <path>C:\TI\ccstheia141\ccs\tools\compiler\ti-cgt-armllvm_3.2.2.LTS\lib\armv6m-ti-none-eabi\c\</path>
         <kind>archive</kind>
         <file>libsysbm.a</file>
         <name>hostlseek.c.obj</name>
      </input_file>
      <input_file id="fl-c4">
         <path>C:\TI\ccstheia141\ccs\tools\compiler\ti-cgt-armllvm_3.2.2.LTS\lib\armv6m-ti-none-eabi\c\</path>
         <kind>archive</kind>
         <file>libsysbm.a</file>
         <name>hostopen.c.obj</name>
      </input_file>
      <input_file id="fl-c5">
         <path>C:\TI\ccstheia141\ccs\tools\compiler\ti-cgt-armllvm_3.2.2.LTS\lib\armv6m-ti-none-eabi\c\</path>
         <kind>archive</kind>
         <file>libsysbm.a</file>
         <name>hostread.c.obj</name>
      </input_file>
      <input_file id="fl-c6">
         <path>C:\TI\ccstheia141\ccs\tools\compiler\ti-cgt-armllvm_3.2.2.LTS\lib\armv6m-ti-none-eabi\c\</path>
         <kind>archive</kind>
         <file>libsysbm.a</file>
         <name>hostrename.c.obj</name>
      </input_file>
      <input_file id="fl-c7">
         <path>C:\TI\ccstheia141\ccs\tools\compiler\ti-cgt-armllvm_3.2.2.LTS\lib\armv6m-ti-none-eabi\c\</path>
         <kind>archive</kind>
         <file>libsysbm.a</file>
         <name>hostunlink.c.obj</name>
      </input_file>
      <input_file id="fl-c8">
         <path>C:\TI\ccstheia141\ccs\tools\compiler\ti-cgt-armllvm_3.2.2.LTS\lib\armv6m-ti-none-eabi\c\</path>
         <kind>archive</kind>
         <file>libsysbm.a</file>
         <name>hostwrite.c.obj</name>
      </input_file>
      <input_file id="fl-c9">
         <path>C:\TI\ccstheia141\ccs\tools\compiler\ti-cgt-armllvm_3.2.2.LTS\lib\armv6m-ti-none-eabi\c\</path>
         <kind>archive</kind>
         <file>libsysbm.a</file>
         <name>trgmsg.c.obj</name>
      </input_file>
      <input_file id="fl-ca">
         <path>C:\TI\ccstheia141\ccs\tools\compiler\ti-cgt-armllvm_3.2.2.LTS\lib\clang\15.0.7\lib\armv6m-ti-none-eabi\</path>
         <kind>archive</kind>
         <file>libclang_rt.builtins.a</file>
         <name>addsf3.S.obj</name>
      </input_file>
      <input_file id="fl-cb">
         <path>C:\TI\ccstheia141\ccs\tools\compiler\ti-cgt-armllvm_3.2.2.LTS\lib\clang\15.0.7\lib\armv6m-ti-none-eabi\</path>
         <kind>archive</kind>
         <file>libclang_rt.builtins.a</file>
         <name>adddf3.S.obj</name>
      </input_file>
      <input_file id="fl-cc">
         <path>C:\TI\ccstheia141\ccs\tools\compiler\ti-cgt-armllvm_3.2.2.LTS\lib\clang\15.0.7\lib\armv6m-ti-none-eabi\</path>
         <kind>archive</kind>
         <file>libclang_rt.builtins.a</file>
         <name>muldf3.S.obj</name>
      </input_file>
      <input_file id="fl-cd">
         <path>C:\TI\ccstheia141\ccs\tools\compiler\ti-cgt-armllvm_3.2.2.LTS\lib\clang\15.0.7\lib\armv6m-ti-none-eabi\</path>
         <kind>archive</kind>
         <file>libclang_rt.builtins.a</file>
         <name>muldsi3.S.obj</name>
      </input_file>
      <input_file id="fl-ce">
         <path>C:\TI\ccstheia141\ccs\tools\compiler\ti-cgt-armllvm_3.2.2.LTS\lib\clang\15.0.7\lib\armv6m-ti-none-eabi\</path>
         <kind>archive</kind>
         <file>libclang_rt.builtins.a</file>
         <name>mulsf3.S.obj</name>
      </input_file>
      <input_file id="fl-cf">
         <path>C:\TI\ccstheia141\ccs\tools\compiler\ti-cgt-armllvm_3.2.2.LTS\lib\clang\15.0.7\lib\armv6m-ti-none-eabi\</path>
         <kind>archive</kind>
         <file>libclang_rt.builtins.a</file>
         <name>divsf3.S.obj</name>
      </input_file>
      <input_file id="fl-d0">
         <path>C:\TI\ccstheia141\ccs\tools\compiler\ti-cgt-armllvm_3.2.2.LTS\lib\clang\15.0.7\lib\armv6m-ti-none-eabi\</path>
         <kind>archive</kind>
         <file>libclang_rt.builtins.a</file>
         <name>divdf3.S.obj</name>
      </input_file>
      <input_file id="fl-d1">
         <path>C:\TI\ccstheia141\ccs\tools\compiler\ti-cgt-armllvm_3.2.2.LTS\lib\clang\15.0.7\lib\armv6m-ti-none-eabi\</path>
         <kind>archive</kind>
         <file>libclang_rt.builtins.a</file>
         <name>extendsfdf2.S.obj</name>
      </input_file>
      <input_file id="fl-d2">
         <path>C:\TI\ccstheia141\ccs\tools\compiler\ti-cgt-armllvm_3.2.2.LTS\lib\clang\15.0.7\lib\armv6m-ti-none-eabi\</path>
         <kind>archive</kind>
         <file>libclang_rt.builtins.a</file>
         <name>fixdfsi.S.obj</name>
      </input_file>
      <input_file id="fl-d3">
         <path>C:\TI\ccstheia141\ccs\tools\compiler\ti-cgt-armllvm_3.2.2.LTS\lib\clang\15.0.7\lib\armv6m-ti-none-eabi\</path>
         <kind>archive</kind>
         <file>libclang_rt.builtins.a</file>
         <name>floatsidf.S.obj</name>
      </input_file>
      <input_file id="fl-d4">
         <path>C:\TI\ccstheia141\ccs\tools\compiler\ti-cgt-armllvm_3.2.2.LTS\lib\clang\15.0.7\lib\armv6m-ti-none-eabi\</path>
         <kind>archive</kind>
         <file>libclang_rt.builtins.a</file>
         <name>floatsisf.S.obj</name>
      </input_file>
      <input_file id="fl-d5">
         <path>C:\TI\ccstheia141\ccs\tools\compiler\ti-cgt-armllvm_3.2.2.LTS\lib\clang\15.0.7\lib\armv6m-ti-none-eabi\</path>
         <kind>archive</kind>
         <file>libclang_rt.builtins.a</file>
         <name>floatunsisf.S.obj</name>
      </input_file>
      <input_file id="fl-d6">
         <path>C:\TI\ccstheia141\ccs\tools\compiler\ti-cgt-armllvm_3.2.2.LTS\lib\clang\15.0.7\lib\armv6m-ti-none-eabi\</path>
         <kind>archive</kind>
         <file>libclang_rt.builtins.a</file>
         <name>muldi3.S.obj</name>
      </input_file>
      <input_file id="fl-d7">
         <path>C:\TI\ccstheia141\ccs\tools\compiler\ti-cgt-armllvm_3.2.2.LTS\lib\clang\15.0.7\lib\armv6m-ti-none-eabi\</path>
         <kind>archive</kind>
         <file>libclang_rt.builtins.a</file>
         <name>truncdfsf2.S.obj</name>
      </input_file>
      <input_file id="fl-d8">
         <path>C:\TI\ccstheia141\ccs\tools\compiler\ti-cgt-armllvm_3.2.2.LTS\lib\clang\15.0.7\lib\armv6m-ti-none-eabi\</path>
         <kind>archive</kind>
         <file>libclang_rt.builtins.a</file>
         <name>aeabi_dcmp.S.obj</name>
      </input_file>
      <input_file id="fl-d9">
         <path>C:\TI\ccstheia141\ccs\tools\compiler\ti-cgt-armllvm_3.2.2.LTS\lib\clang\15.0.7\lib\armv6m-ti-none-eabi\</path>
         <kind>archive</kind>
         <file>libclang_rt.builtins.a</file>
         <name>aeabi_fcmp.S.obj</name>
      </input_file>
      <input_file id="fl-da">
         <path>C:\TI\ccstheia141\ccs\tools\compiler\ti-cgt-armllvm_3.2.2.LTS\lib\clang\15.0.7\lib\armv6m-ti-none-eabi\</path>
         <kind>archive</kind>
         <file>libclang_rt.builtins.a</file>
         <name>aeabi_idivmod.S.obj</name>
      </input_file>
      <input_file id="fl-db">
         <path>C:\TI\ccstheia141\ccs\tools\compiler\ti-cgt-armllvm_3.2.2.LTS\lib\clang\15.0.7\lib\armv6m-ti-none-eabi\</path>
         <kind>archive</kind>
         <file>libclang_rt.builtins.a</file>
         <name>aeabi_memcpy.S.obj</name>
      </input_file>
      <input_file id="fl-dc">
         <path>C:\TI\ccstheia141\ccs\tools\compiler\ti-cgt-armllvm_3.2.2.LTS\lib\clang\15.0.7\lib\armv6m-ti-none-eabi\</path>
         <kind>archive</kind>
         <file>libclang_rt.builtins.a</file>
         <name>aeabi_memset.S.obj</name>
      </input_file>
      <input_file id="fl-dd">
         <path>C:\TI\ccstheia141\ccs\tools\compiler\ti-cgt-armllvm_3.2.2.LTS\lib\clang\15.0.7\lib\armv6m-ti-none-eabi\</path>
         <kind>archive</kind>
         <file>libclang_rt.builtins.a</file>
         <name>aeabi_uidivmod.S.obj</name>
      </input_file>
      <input_file id="fl-de">
         <path>C:\TI\ccstheia141\ccs\tools\compiler\ti-cgt-armllvm_3.2.2.LTS\lib\clang\15.0.7\lib\armv6m-ti-none-eabi\</path>
         <kind>archive</kind>
         <file>libclang_rt.builtins.a</file>
         <name>aeabi_uldivmod.S.obj</name>
      </input_file>
      <input_file id="fl-df">
         <path>C:\TI\ccstheia141\ccs\tools\compiler\ti-cgt-armllvm_3.2.2.LTS\lib\clang\15.0.7\lib\armv6m-ti-none-eabi\</path>
         <kind>archive</kind>
         <file>libclang_rt.builtins.a</file>
         <name>comparesf2.S.obj</name>
      </input_file>
      <input_file id="fl-e0">
         <path>C:\TI\ccstheia141\ccs\tools\compiler\ti-cgt-armllvm_3.2.2.LTS\lib\clang\15.0.7\lib\armv6m-ti-none-eabi\</path>
         <kind>archive</kind>
         <file>libclang_rt.builtins.a</file>
         <name>udivmoddi4.S.obj</name>
      </input_file>
      <input_file id="fl-e1">
         <path>C:\TI\ccstheia141\ccs\tools\compiler\ti-cgt-armllvm_3.2.2.LTS\lib\clang\15.0.7\lib\armv6m-ti-none-eabi\</path>
         <kind>archive</kind>
         <file>libclang_rt.builtins.a</file>
         <name>ashldi3.S.obj</name>
      </input_file>
      <input_file id="fl-e2">
         <path>C:\TI\ccstheia141\ccs\tools\compiler\ti-cgt-armllvm_3.2.2.LTS\lib\clang\15.0.7\lib\armv6m-ti-none-eabi\</path>
         <kind>archive</kind>
         <file>libclang_rt.builtins.a</file>
         <name>comparedf2.c.obj</name>
      </input_file>
      <input_file id="fl-e3">
         <path>C:\TI\ccstheia141\ccs\tools\compiler\ti-cgt-armllvm_3.2.2.LTS\lib\clang\15.0.7\lib\armv6m-ti-none-eabi\</path>
         <kind>archive</kind>
         <file>libclang_rt.builtins.a</file>
         <name>aeabi_div0.c.obj</name>
      </input_file>
      <input_file id="fl-e4">
         <path>C:\TI\ccstheia141\ccs\tools\compiler\ti-cgt-armllvm_3.2.2.LTS\lib\armv6m-ti-none-eabi\c\</path>
         <kind>archive</kind>
         <file>libc.a</file>
         <name>getdevice.c.obj</name>
      </input_file>
      <input_file id="fl-e5">
         <path>C:\TI\ccstheia141\ccs\tools\compiler\ti-cgt-armllvm_3.2.2.LTS\lib\armv6m-ti-none-eabi\c\</path>
         <kind>archive</kind>
         <file>libc.a</file>
         <name>memcpy16.S.obj</name>
      </input_file>
      <input_file id="fl-e6">
         <path>C:\TI\ccstheia141\ccs\tools\compiler\ti-cgt-armllvm_3.2.2.LTS\lib\armv6m-ti-none-eabi\c\</path>
         <kind>archive</kind>
         <file>libc.a</file>
         <name>memset16.S.obj</name>
      </input_file>
   </input_file_list>
   <object_component_list>
      <object_component id="oc-18">
         <name>.intvecs</name>
         <load_address>0x0</load_address>
         <readonly>true</readonly>
         <run_address>0x0</run_address>
         <size>0xc0</size>
         <alignment>0x4</alignment>
         <input_file_ref idref="fl-3"/>
      </object_component>
      <object_component id="oc-f3">
         <name>.text.arm_radix8_butterfly_f32</name>
         <load_address>0x60b0</load_address>
         <readonly>true</readonly>
         <executable>true</executable>
         <run_address>0x60b0</run_address>
         <size>0x8fc</size>
         <alignment>0x4</alignment>
         <input_file_ref idref="fl-18"/>
      </object_component>
      <object_component id="oc-f1">
         <name>.text.arm_cfft_radix8by4_f32</name>
         <load_address>0x69ac</load_address>
         <readonly>true</readonly>
         <executable>true</executable>
         <run_address>0x69ac</run_address>
         <size>0x774</size>
         <alignment>0x2</alignment>
         <input_file_ref idref="fl-17"/>
      </object_component>
      <object_component id="oc-147">
         <name>.text.__kernel_rem_pio2</name>
         <load_address>0x7120</load_address>
         <readonly>true</readonly>
         <executable>true</executable>
         <run_address>0x7120</run_address>
         <size>0x658</size>
         <alignment>0x4</alignment>
         <input_file_ref idref="fl-35"/>
      </object_component>
      <object_component id="oc-93">
         <name>.text.cos</name>
         <load_address>0x7778</load_address>
         <readonly>true</readonly>
         <executable>true</executable>
         <run_address>0x7778</run_address>
         <size>0x440</size>
         <alignment>0x4</alignment>
         <input_file_ref idref="fl-33"/>
      </object_component>
      <object_component id="oc-118">
         <name>.text.atan</name>
         <load_address>0x7bb8</load_address>
         <readonly>true</readonly>
         <executable>true</executable>
         <run_address>0x7bb8</run_address>
         <size>0x2f8</size>
         <alignment>0x4</alignment>
         <input_file_ref idref="fl-32"/>
      </object_component>
      <object_component id="oc-f2">
         <name>.text.arm_cfft_radix8by2_f32</name>
         <load_address>0x7eb0</load_address>
         <readonly>true</readonly>
         <executable>true</executable>
         <run_address>0x7eb0</run_address>
         <size>0x2b0</size>
         <alignment>0x2</alignment>
         <input_file_ref idref="fl-17"/>
      </object_component>
      <object_component id="oc-65">
         <name>.text.arm_cfft_f32</name>
         <load_address>0x8160</load_address>
         <readonly>true</readonly>
         <executable>true</executable>
         <run_address>0x8160</run_address>
         <size>0x1c8</size>
         <alignment>0x4</alignment>
         <input_file_ref idref="fl-17"/>
      </object_component>
      <object_component id="oc-39">
         <name>.text.ADC1_IRQHandler</name>
         <load_address>0x8328</load_address>
         <readonly>true</readonly>
         <executable>true</executable>
         <run_address>0x8328</run_address>
         <size>0x1b4</size>
         <alignment>0x4</alignment>
         <input_file_ref idref="fl-1"/>
      </object_component>
      <object_component id="oc-6b">
         <name>.text.arm_cmplx_mag_f32</name>
         <load_address>0x84dc</load_address>
         <readonly>true</readonly>
         <executable>true</executable>
         <run_address>0x84dc</run_address>
         <size>0x1a0</size>
         <alignment>0x4</alignment>
         <input_file_ref idref="fl-15"/>
      </object_component>
      <object_component id="oc-78">
         <name>.text.atan2</name>
         <load_address>0x867c</load_address>
         <readonly>true</readonly>
         <executable>true</executable>
         <run_address>0x867c</run_address>
         <size>0x198</size>
         <alignment>0x4</alignment>
         <input_file_ref idref="fl-30"/>
      </object_component>
      <object_component id="oc-9d">
         <name>.text.adddf3_subdf3</name>
         <load_address>0x8814</load_address>
         <readonly>true</readonly>
         <executable>true</executable>
         <run_address>0x8814</run_address>
         <size>0x192</size>
         <alignment>0x4</alignment>
         <input_file_ref idref="fl-cb"/>
      </object_component>
      <object_component id="oc-195">
         <name>.text.__aeabi_idiv0</name>
         <load_address>0x89a6</load_address>
         <readonly>true</readonly>
         <executable>true</executable>
         <run_address>0x89a6</run_address>
         <size>0x2</size>
         <alignment>0x2</alignment>
         <input_file_ref idref="fl-e3"/>
      </object_component>
      <object_component id="oc-122">
         <name>.text.sqrt</name>
         <load_address>0x89a8</load_address>
         <readonly>true</readonly>
         <executable>true</executable>
         <run_address>0x89a8</run_address>
         <size>0x184</size>
         <alignment>0x4</alignment>
         <input_file_ref idref="fl-31"/>
      </object_component>
      <object_component id="oc-1d8">
         <name>.text.__kernel_sin</name>
         <load_address>0x8b2c</load_address>
         <readonly>true</readonly>
         <executable>true</executable>
         <run_address>0x8b2c</run_address>
         <size>0x168</size>
         <alignment>0x4</alignment>
         <input_file_ref idref="fl-47"/>
      </object_component>
      <object_component id="oc-133">
         <name>.text.__kernel_cos</name>
         <load_address>0x8c94</load_address>
         <readonly>true</readonly>
         <executable>true</executable>
         <run_address>0x8c94</run_address>
         <size>0x150</size>
         <alignment>0x4</alignment>
         <input_file_ref idref="fl-46"/>
      </object_component>
      <object_component id="oc-1cc">
         <name>.text.floor</name>
         <load_address>0x8de4</load_address>
         <readonly>true</readonly>
         <executable>true</executable>
         <run_address>0x8de4</run_address>
         <size>0x144</size>
         <alignment>0x4</alignment>
         <input_file_ref idref="fl-48"/>
      </object_component>
      <object_component id="oc-f7">
         <name>.text.arm_bitreversal_32</name>
         <load_address>0x8f28</load_address>
         <readonly>true</readonly>
         <executable>true</executable>
         <run_address>0x8f28</run_address>
         <size>0x134</size>
         <alignment>0x2</alignment>
         <input_file_ref idref="fl-1a"/>
      </object_component>
      <object_component id="oc-3b">
         <name>.text.I2C0_IRQHandler</name>
         <load_address>0x905c</load_address>
         <readonly>true</readonly>
         <executable>true</executable>
         <run_address>0x905c</run_address>
         <size>0x12c</size>
         <alignment>0x4</alignment>
         <input_file_ref idref="fl-5"/>
      </object_component>
      <object_component id="oc-de">
         <name>.text.main</name>
         <load_address>0x9188</load_address>
         <readonly>true</readonly>
         <executable>true</executable>
         <run_address>0x9188</run_address>
         <size>0x128</size>
         <alignment>0x4</alignment>
         <input_file_ref idref="fl-1"/>
      </object_component>
      <object_component id="oc-10f">
         <name>.text.__divdf3</name>
         <load_address>0x92b0</load_address>
         <readonly>true</readonly>
         <executable>true</executable>
         <run_address>0x92b0</run_address>
         <size>0x10c</size>
         <alignment>0x4</alignment>
         <input_file_ref idref="fl-d0"/>
      </object_component>
      <object_component id="oc-34">
         <name>.text.ADC0_IRQHandler</name>
         <load_address>0x93bc</load_address>
         <readonly>true</readonly>
         <executable>true</executable>
         <run_address>0x93bc</run_address>
         <size>0x100</size>
         <alignment>0x4</alignment>
         <input_file_ref idref="fl-1"/>
      </object_component>
      <object_component id="oc-22d">
         <name>.text.DL_Timer_initTimerMode</name>
         <load_address>0x94bc</load_address>
         <readonly>true</readonly>
         <executable>true</executable>
         <run_address>0x94bc</run_address>
         <size>0xe8</size>
         <alignment>0x4</alignment>
         <input_file_ref idref="fl-1f"/>
      </object_component>
      <object_component id="oc-81">
         <name>.text.Measure_THD</name>
         <load_address>0x95a4</load_address>
         <readonly>true</readonly>
         <executable>true</executable>
         <run_address>0x95a4</run_address>
         <size>0xe4</size>
         <alignment>0x4</alignment>
         <input_file_ref idref="fl-1"/>
      </object_component>
      <object_component id="oc-99">
         <name>.text.__muldf3</name>
         <load_address>0x9688</load_address>
         <readonly>true</readonly>
         <executable>true</executable>
         <run_address>0x9688</run_address>
         <size>0xe4</size>
         <alignment>0x4</alignment>
         <input_file_ref idref="fl-cc"/>
      </object_component>
      <object_component id="oc-229">
         <name>.text.DL_Timer_initCaptureCombinedMode</name>
         <load_address>0x976c</load_address>
         <readonly>true</readonly>
         <executable>true</executable>
         <run_address>0x976c</run_address>
         <size>0xe0</size>
         <alignment>0x4</alignment>
         <input_file_ref idref="fl-1f"/>
      </object_component>
      <object_component id="oc-1c8">
         <name>.text.scalbn</name>
         <load_address>0x984c</load_address>
         <readonly>true</readonly>
         <executable>true</executable>
         <run_address>0x984c</run_address>
         <size>0xd8</size>
         <alignment>0x4</alignment>
         <input_file_ref idref="fl-4a"/>
      </object_component>
      <object_component id="oc-8f">
         <name>.text</name>
         <load_address>0x9924</load_address>
         <readonly>true</readonly>
         <executable>true</executable>
         <run_address>0x9924</run_address>
         <size>0xd8</size>
         <alignment>0x4</alignment>
         <input_file_ref idref="fl-ca"/>
      </object_component>
      <object_component id="oc-80">
         <name>.text.Gather_Energy</name>
         <load_address>0x99fc</load_address>
         <readonly>true</readonly>
         <executable>true</executable>
         <run_address>0x99fc</run_address>
         <size>0xcc</size>
         <alignment>0x2</alignment>
         <input_file_ref idref="fl-1"/>
      </object_component>
      <object_component id="oc-82">
         <name>.text.Get_Rms</name>
         <load_address>0x9ac8</load_address>
         <readonly>true</readonly>
         <executable>true</executable>
         <run_address>0x9ac8</run_address>
         <size>0xc4</size>
         <alignment>0x4</alignment>
         <input_file_ref idref="fl-1"/>
      </object_component>
      <object_component id="oc-6f">
         <name>.text.MeasureAmplitude</name>
         <load_address>0x9b8c</load_address>
         <readonly>true</readonly>
         <executable>true</executable>
         <run_address>0x9b8c</run_address>
         <size>0xbc</size>
         <alignment>0x4</alignment>
         <input_file_ref idref="fl-1"/>
      </object_component>
      <object_component id="oc-103">
         <name>.text.sqrtf</name>
         <load_address>0x9c48</load_address>
         <readonly>true</readonly>
         <executable>true</executable>
         <run_address>0x9c48</run_address>
         <size>0xa8</size>
         <alignment>0x4</alignment>
         <input_file_ref idref="fl-2f"/>
      </object_component>
      <object_component id="oc-1ed">
         <name>.text.SYSCFG_DL_ADC12_0_init</name>
         <load_address>0x9cf0</load_address>
         <readonly>true</readonly>
         <executable>true</executable>
         <run_address>0x9cf0</run_address>
         <size>0x9c</size>
         <alignment>0x4</alignment>
         <input_file_ref idref="fl-2"/>
      </object_component>
      <object_component id="oc-1ee">
         <name>.text.SYSCFG_DL_ADC12_1_init</name>
         <load_address>0x9d8c</load_address>
         <readonly>true</readonly>
         <executable>true</executable>
         <run_address>0x9d8c</run_address>
         <size>0x98</size>
         <alignment>0x4</alignment>
         <input_file_ref idref="fl-2"/>
      </object_component>
      <object_component id="oc-1e7">
         <name>.text.SYSCFG_DL_initPower</name>
         <load_address>0x9e24</load_address>
         <readonly>true</readonly>
         <executable>true</executable>
         <run_address>0x9e24</run_address>
         <size>0x8c</size>
         <alignment>0x4</alignment>
         <input_file_ref idref="fl-2"/>
      </object_component>
      <object_component id="oc-a5">
         <name>.text.__mulsf3</name>
         <load_address>0x9eb0</load_address>
         <readonly>true</readonly>
         <executable>true</executable>
         <run_address>0x9eb0</run_address>
         <size>0x8c</size>
         <alignment>0x4</alignment>
         <input_file_ref idref="fl-ce"/>
      </object_component>
      <object_component id="oc-24d">
         <name>.text.__NVIC_SetPriority</name>
         <load_address>0x9f3c</load_address>
         <readonly>true</readonly>
         <executable>true</executable>
         <run_address>0x9f3c</run_address>
         <size>0x84</size>
         <alignment>0x4</alignment>
         <input_file_ref idref="fl-2"/>
      </object_component>
      <object_component id="oc-fd">
         <name>.text.__divsf3</name>
         <load_address>0x9fc0</load_address>
         <readonly>true</readonly>
         <executable>true</executable>
         <run_address>0x9fc0</run_address>
         <size>0x82</size>
         <alignment>0x4</alignment>
         <input_file_ref idref="fl-cf"/>
      </object_component>
      <object_component id="oc-3a">
         <name>.text.TIMG0_IRQHandler</name>
         <load_address>0xa044</load_address>
         <readonly>true</readonly>
         <executable>true</executable>
         <run_address>0xa044</run_address>
         <size>0x78</size>
         <alignment>0x4</alignment>
         <input_file_ref idref="fl-1"/>
      </object_component>
      <object_component id="oc-1c">
         <name>.text:decompress:lzss</name>
         <load_address>0xa0bc</load_address>
         <readonly>true</readonly>
         <executable>true</executable>
         <run_address>0xa0bc</run_address>
         <size>0x78</size>
         <alignment>0x4</alignment>
         <input_file_ref idref="fl-40"/>
      </object_component>
      <object_component id="oc-1ef">
         <name>.text.SYSCFG_DL_DMA_init</name>
         <load_address>0xa134</load_address>
         <readonly>true</readonly>
         <executable>true</executable>
         <run_address>0xa134</run_address>
         <size>0xc</size>
         <alignment>0x2</alignment>
         <input_file_ref idref="fl-2"/>
      </object_component>
      <object_component id="oc-7c">
         <name>.text.__truncdfsf2</name>
         <load_address>0xa140</load_address>
         <readonly>true</readonly>
         <executable>true</executable>
         <run_address>0xa140</run_address>
         <size>0x74</size>
         <alignment>0x10</alignment>
         <input_file_ref idref="fl-d7"/>
      </object_component>
      <object_component id="oc-1c2">
         <name>.text.__gedf2</name>
         <load_address>0xa1b4</load_address>
         <readonly>true</readonly>
         <executable>true</executable>
         <run_address>0xa1b4</run_address>
         <size>0x70</size>
         <alignment>0x4</alignment>
         <input_file_ref idref="fl-e2"/>
      </object_component>
      <object_component id="oc-1bc">
         <name>.text.__ledf2</name>
         <load_address>0xa224</load_address>
         <readonly>true</readonly>
         <executable>true</executable>
         <run_address>0xa224</run_address>
         <size>0x6c</size>
         <alignment>0x4</alignment>
         <input_file_ref idref="fl-e2"/>
      </object_component>
      <object_component id="oc-1ec">
         <name>.text.SYSCFG_DL_I2C_OLED_init</name>
         <load_address>0xa290</load_address>
         <readonly>true</readonly>
         <executable>true</executable>
         <run_address>0xa290</run_address>
         <size>0x64</size>
         <alignment>0x4</alignment>
         <input_file_ref idref="fl-2"/>
      </object_component>
      <object_component id="oc-143">
         <name>.text.__aeabi_dcmp</name>
         <load_address>0xa2f4</load_address>
         <readonly>true</readonly>
         <executable>true</executable>
         <run_address>0xa2f4</run_address>
         <size>0x62</size>
         <alignment>0x4</alignment>
         <input_file_ref idref="fl-d8"/>
      </object_component>
      <object_component id="oc-a1">
         <name>.text.__aeabi_fcmp</name>
         <load_address>0xa358</load_address>
         <readonly>true</readonly>
         <executable>true</executable>
         <run_address>0xa358</run_address>
         <size>0x62</size>
         <alignment>0x4</alignment>
         <input_file_ref idref="fl-d9"/>
      </object_component>
      <object_component id="oc-70">
         <name>.text.arm_max_f32</name>
         <load_address>0xa3ba</load_address>
         <readonly>true</readonly>
         <executable>true</executable>
         <run_address>0xa3ba</run_address>
         <size>0x60</size>
         <alignment>0x2</alignment>
         <input_file_ref idref="fl-16"/>
      </object_component>
      <object_component id="oc-c2">
         <name>.text.DL_I2C_fillControllerTXFIFO</name>
         <load_address>0xa41a</load_address>
         <readonly>true</readonly>
         <executable>true</executable>
         <run_address>0xa41a</run_address>
         <size>0x5e</size>
         <alignment>0x2</alignment>
         <input_file_ref idref="fl-1e"/>
      </object_component>
      <object_component id="oc-1eb">
         <name>.text.SYSCFG_DL_TIMER_0_init</name>
         <load_address>0xa478</load_address>
         <readonly>true</readonly>
         <executable>true</executable>
         <run_address>0xa478</run_address>
         <size>0x58</size>
         <alignment>0x4</alignment>
         <input_file_ref idref="fl-2"/>
      </object_component>
      <object_component id="oc-1c4">
         <name>.text.__aeabi_idivmod</name>
         <load_address>0xa4d0</load_address>
         <readonly>true</readonly>
         <executable>true</executable>
         <run_address>0xa4d0</run_address>
         <size>0x56</size>
         <alignment>0x4</alignment>
         <input_file_ref idref="fl-da"/>
      </object_component>
      <object_component id="oc-243">
         <name>.text.DL_ADC12_initSingleSample</name>
         <load_address>0xa528</load_address>
         <readonly>true</readonly>
         <executable>true</executable>
         <run_address>0xa528</run_address>
         <size>0x4c</size>
         <alignment>0x4</alignment>
         <input_file_ref idref="fl-2"/>
      </object_component>
      <object_component id="oc-264">
         <name>.text.DL_DMA_initChannel</name>
         <load_address>0xa574</load_address>
         <readonly>true</readonly>
         <executable>true</executable>
         <run_address>0xa574</run_address>
         <size>0x4c</size>
         <alignment>0x4</alignment>
         <input_file_ref idref="fl-1d"/>
      </object_component>
      <object_component id="oc-64">
         <name>.text.CreateFFTData</name>
         <load_address>0xa5c0</load_address>
         <readonly>true</readonly>
         <executable>true</executable>
         <run_address>0xa5c0</run_address>
         <size>0x4a</size>
         <alignment>0x2</alignment>
         <input_file_ref idref="fl-1"/>
      </object_component>
      <object_component id="oc-244">
         <name>.text.DL_ADC12_configConversionMem</name>
         <load_address>0xa60a</load_address>
         <readonly>true</readonly>
         <executable>true</executable>
         <run_address>0xa60a</run_address>
         <size>0x4a</size>
         <alignment>0x2</alignment>
         <input_file_ref idref="fl-2"/>
      </object_component>
      <object_component id="oc-12f">
         <name>.text.__fixdfsi</name>
         <load_address>0xa654</load_address>
         <readonly>true</readonly>
         <executable>true</executable>
         <run_address>0xa654</run_address>
         <size>0x4a</size>
         <alignment>0x4</alignment>
         <input_file_ref idref="fl-d2"/>
      </object_component>
      <object_component id="oc-1e8">
         <name>.text.SYSCFG_DL_GPIO_init</name>
         <load_address>0xa69e</load_address>
         <readonly>true</readonly>
         <executable>true</executable>
         <run_address>0xa69e</run_address>
         <size>0x44</size>
         <alignment>0x2</alignment>
         <input_file_ref idref="fl-2"/>
      </object_component>
      <object_component id="oc-23d">
         <name>.text.DL_ADC12_setClockConfig</name>
         <load_address>0xa6e4</load_address>
         <readonly>true</readonly>
         <executable>true</executable>
         <run_address>0xa6e4</run_address>
         <size>0x40</size>
         <alignment>0x4</alignment>
         <input_file_ref idref="fl-1b"/>
      </object_component>
      <object_component id="oc-ed">
         <name>.text.__aeabi_uidivmod</name>
         <load_address>0xa724</load_address>
         <readonly>true</readonly>
         <executable>true</executable>
         <run_address>0xa724</run_address>
         <size>0x40</size>
         <alignment>0x4</alignment>
         <input_file_ref idref="fl-dd"/>
      </object_component>
      <object_component id="oc-74">
         <name>.text.__extendsfdf2</name>
         <load_address>0xa764</load_address>
         <readonly>true</readonly>
         <executable>true</executable>
         <run_address>0xa764</run_address>
         <size>0x40</size>
         <alignment>0x4</alignment>
         <input_file_ref idref="fl-d1"/>
      </object_component>
      <object_component id="oc-220">
         <name>.text.DL_GPIO_initPeripheralInputFunctionFeatures</name>
         <load_address>0xa7a4</load_address>
         <readonly>true</readonly>
         <executable>true</executable>
         <run_address>0xa7a4</run_address>
         <size>0x3c</size>
         <alignment>0x4</alignment>
         <input_file_ref idref="fl-2"/>
      </object_component>
      <object_component id="oc-10b">
         <name>.text.__floatsisf</name>
         <load_address>0xa7e0</load_address>
         <readonly>true</readonly>
         <executable>true</executable>
         <run_address>0xa7e0</run_address>
         <size>0x3c</size>
         <alignment>0x4</alignment>
         <input_file_ref idref="fl-d4"/>
      </object_component>
      <object_component id="oc-15b">
         <name>.text.__gtsf2</name>
         <load_address>0xa81c</load_address>
         <readonly>true</readonly>
         <executable>true</executable>
         <run_address>0xa81c</run_address>
         <size>0x3c</size>
         <alignment>0x4</alignment>
         <input_file_ref idref="fl-df"/>
      </object_component>
      <object_component id="oc-182">
         <name>.text:__TI_auto_init_nobinit_nopinit</name>
         <load_address>0xa858</load_address>
         <readonly>true</readonly>
         <executable>true</executable>
         <run_address>0xa858</run_address>
         <size>0x3c</size>
         <alignment>0x4</alignment>
         <input_file_ref idref="fl-3b"/>
      </object_component>
      <object_component id="oc-156">
         <name>.text.__eqsf2</name>
         <load_address>0xa894</load_address>
         <readonly>true</readonly>
         <executable>true</executable>
         <run_address>0xa894</run_address>
         <size>0x3a</size>
         <alignment>0x4</alignment>
         <input_file_ref idref="fl-df"/>
      </object_component>
      <object_component id="oc-150">
         <name>.text.__muldsi3</name>
         <load_address>0xa8d0</load_address>
         <readonly>true</readonly>
         <executable>true</executable>
         <run_address>0xa8d0</run_address>
         <size>0x3a</size>
         <alignment>0x4</alignment>
         <input_file_ref idref="fl-cd"/>
      </object_component>
      <object_component id="oc-22f">
         <name>.text.DL_Timer_setPublisherChanID</name>
         <load_address>0xa90c</load_address>
         <readonly>true</readonly>
         <executable>true</executable>
         <run_address>0xa90c</run_address>
         <size>0x38</size>
         <alignment>0x4</alignment>
         <input_file_ref idref="fl-2"/>
      </object_component>
      <object_component id="oc-16c">
         <name>.text.SYSCFG_DL_init</name>
         <load_address>0xa944</load_address>
         <readonly>true</readonly>
         <executable>true</executable>
         <run_address>0xa944</run_address>
         <size>0x34</size>
         <alignment>0x4</alignment>
         <input_file_ref idref="fl-2"/>
      </object_component>
      <object_component id="oc-173">
         <name>.text.DL_DMA_setTransferSize</name>
         <load_address>0xa978</load_address>
         <readonly>true</readonly>
         <executable>true</executable>
         <run_address>0xa978</run_address>
         <size>0x30</size>
         <alignment>0x4</alignment>
         <input_file_ref idref="fl-1"/>
      </object_component>
      <object_component id="oc-248">
         <name>.text.DL_ADC12_setDMASamplesCnt</name>
         <load_address>0xa9a8</load_address>
         <readonly>true</readonly>
         <executable>true</executable>
         <run_address>0xa9a8</run_address>
         <size>0x2c</size>
         <alignment>0x4</alignment>
         <input_file_ref idref="fl-2"/>
      </object_component>
      <object_component id="oc-1ea">
         <name>.text.SYSCFG_DL_CAPTURE_0_init</name>
         <load_address>0xa9d4</load_address>
         <readonly>true</readonly>
         <executable>true</executable>
         <run_address>0xa9d4</run_address>
         <size>0x2c</size>
         <alignment>0x4</alignment>
         <input_file_ref idref="fl-2"/>
      </object_component>
      <object_component id="oc-175">
         <name>.text.__NVIC_EnableIRQ</name>
         <load_address>0xaa00</load_address>
         <readonly>true</readonly>
         <executable>true</executable>
         <run_address>0xaa00</run_address>
         <size>0x2c</size>
         <alignment>0x4</alignment>
         <input_file_ref idref="fl-1"/>
      </object_component>
      <object_component id="oc-13c">
         <name>.text.__floatsidf</name>
         <load_address>0xaa2c</load_address>
         <readonly>true</readonly>
         <executable>true</executable>
         <run_address>0xaa2c</run_address>
         <size>0x2c</size>
         <alignment>0x4</alignment>
         <input_file_ref idref="fl-d3"/>
      </object_component>
      <object_component id="oc-1e9">
         <name>.text.SYSCFG_DL_SYSCTL_init</name>
         <load_address>0xaa58</load_address>
         <readonly>true</readonly>
         <executable>true</executable>
         <run_address>0xaa58</run_address>
         <size>0x2a</size>
         <alignment>0x2</alignment>
         <input_file_ref idref="fl-2"/>
      </object_component>
      <object_component id="oc-25f">
         <name>.text.DL_Common_updateReg</name>
         <load_address>0xaa82</load_address>
         <readonly>true</readonly>
         <executable>true</executable>
         <run_address>0xaa82</run_address>
         <size>0x28</size>
         <alignment>0x2</alignment>
         <input_file_ref idref="fl-2"/>
      </object_component>
      <object_component id="oc-172">
         <name>.text.DL_DMA_setDestAddr</name>
         <load_address>0xaaac</load_address>
         <readonly>true</readonly>
         <executable>true</executable>
         <run_address>0xaaac</run_address>
         <size>0x28</size>
         <alignment>0x4</alignment>
         <input_file_ref idref="fl-1"/>
      </object_component>
      <object_component id="oc-171">
         <name>.text.DL_DMA_setSrcAddr</name>
         <load_address>0xaad4</load_address>
         <readonly>true</readonly>
         <executable>true</executable>
         <run_address>0xaad4</run_address>
         <size>0x28</size>
         <alignment>0x4</alignment>
         <input_file_ref idref="fl-1"/>
      </object_component>
      <object_component id="oc-238">
         <name>.text.DL_I2C_setControllerRXFIFOThreshold</name>
         <load_address>0xaafc</load_address>
         <readonly>true</readonly>
         <executable>true</executable>
         <run_address>0xaafc</run_address>
         <size>0x28</size>
         <alignment>0x4</alignment>
         <input_file_ref idref="fl-2"/>
      </object_component>
      <object_component id="oc-237">
         <name>.text.DL_I2C_setControllerTXFIFOThreshold</name>
         <load_address>0xab24</load_address>
         <readonly>true</readonly>
         <executable>true</executable>
         <run_address>0xab24</run_address>
         <size>0x28</size>
         <alignment>0x4</alignment>
         <input_file_ref idref="fl-2"/>
      </object_component>
      <object_component id="oc-22e">
         <name>.text.DL_Timer_enableEvent</name>
         <load_address>0xab4c</load_address>
         <readonly>true</readonly>
         <executable>true</executable>
         <run_address>0xab4c</run_address>
         <size>0x28</size>
         <alignment>0x4</alignment>
         <input_file_ref idref="fl-2"/>
      </object_component>
      <object_component id="oc-e9">
         <name>.text.__floatunsisf</name>
         <load_address>0xab74</load_address>
         <readonly>true</readonly>
         <executable>true</executable>
         <run_address>0xab74</run_address>
         <size>0x28</size>
         <alignment>0x4</alignment>
         <input_file_ref idref="fl-d5"/>
      </object_component>
      <object_component id="oc-5b">
         <name>.text:_c_int00_noargs</name>
         <load_address>0xab9c</load_address>
         <readonly>true</readonly>
         <executable>true</executable>
         <run_address>0xab9c</run_address>
         <size>0x28</size>
         <alignment>0x4</alignment>
         <input_file_ref idref="fl-39"/>
      </object_component>
      <object_component id="oc-174">
         <name>.text.DL_DMA_enableChannel</name>
         <load_address>0xabc4</load_address>
         <readonly>true</readonly>
         <executable>true</executable>
         <run_address>0xabc4</run_address>
         <size>0x26</size>
         <alignment>0x2</alignment>
         <input_file_ref idref="fl-1"/>
      </object_component>
      <object_component id="oc-233">
         <name>.text.DL_I2C_setAnalogGlitchFilterPulseWidth</name>
         <load_address>0xabea</load_address>
         <readonly>true</readonly>
         <executable>true</executable>
         <run_address>0xabea</run_address>
         <size>0x26</size>
         <alignment>0x2</alignment>
         <input_file_ref idref="fl-2"/>
      </object_component>
      <object_component id="oc-232">
         <name>.text.DL_I2C_setClockConfig</name>
         <load_address>0xac10</load_address>
         <readonly>true</readonly>
         <executable>true</executable>
         <run_address>0xac10</run_address>
         <size>0x26</size>
         <alignment>0x2</alignment>
         <input_file_ref idref="fl-1e"/>
      </object_component>
      <object_component id="oc-21f">
         <name>.text.DL_GPIO_initPeripheralInputFunction</name>
         <load_address>0xac38</load_address>
         <readonly>true</readonly>
         <executable>true</executable>
         <run_address>0xac38</run_address>
         <size>0x20</size>
         <alignment>0x4</alignment>
         <input_file_ref idref="fl-2"/>
      </object_component>
      <object_component id="oc-245">
         <name>.text.DL_ADC12_setPowerDownMode</name>
         <load_address>0xac58</load_address>
         <readonly>true</readonly>
         <executable>true</executable>
         <run_address>0xac58</run_address>
         <size>0x1e</size>
         <alignment>0x2</alignment>
         <input_file_ref idref="fl-2"/>
      </object_component>
      <object_component id="oc-24b">
         <name>.text.DL_ADC12_clearInterruptStatus</name>
         <load_address>0xac78</load_address>
         <readonly>true</readonly>
         <executable>true</executable>
         <run_address>0xac78</run_address>
         <size>0x1c</size>
         <alignment>0x4</alignment>
         <input_file_ref idref="fl-2"/>
      </object_component>
      <object_component id="oc-247">
         <name>.text.DL_ADC12_enableDMA</name>
         <load_address>0xac94</load_address>
         <readonly>true</readonly>
         <executable>true</executable>
         <run_address>0xac94</run_address>
         <size>0x1c</size>
         <alignment>0x4</alignment>
         <input_file_ref idref="fl-2"/>
      </object_component>
      <object_component id="oc-249">
         <name>.text.DL_ADC12_enableDMATrigger</name>
         <load_address>0xacb0</load_address>
         <readonly>true</readonly>
         <executable>true</executable>
         <run_address>0xacb0</run_address>
         <size>0x1c</size>
         <alignment>0x4</alignment>
         <input_file_ref idref="fl-2"/>
      </object_component>
      <object_component id="oc-24c">
         <name>.text.DL_ADC12_enableInterrupt</name>
         <load_address>0xaccc</load_address>
         <readonly>true</readonly>
         <executable>true</executable>
         <run_address>0xaccc</run_address>
         <size>0x1c</size>
         <alignment>0x4</alignment>
         <input_file_ref idref="fl-2"/>
      </object_component>
      <object_component id="oc-221">
         <name>.text.DL_GPIO_enableHiZ</name>
         <load_address>0xace8</load_address>
         <readonly>true</readonly>
         <executable>true</executable>
         <run_address>0xace8</run_address>
         <size>0x1c</size>
         <alignment>0x4</alignment>
         <input_file_ref idref="fl-2"/>
      </object_component>
      <object_component id="oc-bf">
         <name>.text.DL_I2C_disableInterrupt</name>
         <load_address>0xad04</load_address>
         <readonly>true</readonly>
         <executable>true</executable>
         <run_address>0xad04</run_address>
         <size>0x1c</size>
         <alignment>0x4</alignment>
         <input_file_ref idref="fl-5"/>
      </object_component>
      <object_component id="oc-23a">
         <name>.text.DL_I2C_enableInterrupt</name>
         <load_address>0xad20</load_address>
         <readonly>true</readonly>
         <executable>true</executable>
         <run_address>0xad20</run_address>
         <size>0x1c</size>
         <alignment>0x4</alignment>
         <input_file_ref idref="fl-2"/>
      </object_component>
      <object_component id="oc-c0">
         <name>.text.DL_I2C_isControllerRXFIFOEmpty</name>
         <load_address>0xad3c</load_address>
         <readonly>true</readonly>
         <executable>true</executable>
         <run_address>0xad3c</run_address>
         <size>0x1c</size>
         <alignment>0x4</alignment>
         <input_file_ref idref="fl-5"/>
      </object_component>
      <object_component id="oc-227">
         <name>.text.DL_SYSCTL_setMCLKDivider</name>
         <load_address>0xad58</load_address>
         <readonly>true</readonly>
         <executable>true</executable>
         <run_address>0xad58</run_address>
         <size>0x1c</size>
         <alignment>0x4</alignment>
         <input_file_ref idref="fl-2"/>
      </object_component>
      <object_component id="oc-223">
         <name>.text.DL_SYSCTL_setSYSOSCFreq</name>
         <load_address>0xad74</load_address>
         <readonly>true</readonly>
         <executable>true</executable>
         <run_address>0xad74</run_address>
         <size>0x1c</size>
         <alignment>0x4</alignment>
         <input_file_ref idref="fl-2"/>
      </object_component>
      <object_component id="oc-226">
         <name>.text.DL_SYSCTL_setULPCLKDivider</name>
         <load_address>0xad90</load_address>
         <readonly>true</readonly>
         <executable>true</executable>
         <run_address>0xad90</run_address>
         <size>0x1c</size>
         <alignment>0x4</alignment>
         <input_file_ref idref="fl-2"/>
      </object_component>
      <object_component id="oc-228">
         <name>.text.DL_Timer_setClockConfig</name>
         <load_address>0xadac</load_address>
         <readonly>true</readonly>
         <executable>true</executable>
         <run_address>0xadac</run_address>
         <size>0x1c</size>
         <alignment>0x4</alignment>
         <input_file_ref idref="fl-1f"/>
      </object_component>
      <object_component id="oc-177">
         <name>.text.DL_Timer_setCoreHaltBehavior</name>
         <load_address>0xadc8</load_address>
         <readonly>true</readonly>
         <executable>true</executable>
         <run_address>0xadc8</run_address>
         <size>0x1c</size>
         <alignment>0x4</alignment>
         <input_file_ref idref="fl-1"/>
      </object_component>
      <object_component id="oc-24a">
         <name>.text.DL_ADC12_setSubscriberChanID</name>
         <load_address>0xade4</load_address>
         <readonly>true</readonly>
         <executable>true</executable>
         <run_address>0xade4</run_address>
         <size>0x1a</size>
         <alignment>0x2</alignment>
         <input_file_ref idref="fl-2"/>
      </object_component>
      <object_component id="oc-21a">
         <name>.text.DL_ADC12_enablePower</name>
         <load_address>0xae00</load_address>
         <readonly>true</readonly>
         <executable>true</executable>
         <run_address>0xae00</run_address>
         <size>0x18</size>
         <alignment>0x4</alignment>
         <input_file_ref idref="fl-2"/>
      </object_component>
      <object_component id="oc-216">
         <name>.text.DL_ADC12_reset</name>
         <load_address>0xae18</load_address>
         <readonly>true</readonly>
         <executable>true</executable>
         <run_address>0xae18</run_address>
         <size>0x18</size>
         <alignment>0x4</alignment>
         <input_file_ref idref="fl-2"/>
      </object_component>
      <object_component id="oc-246">
         <name>.text.DL_ADC12_setSampleTime0</name>
         <load_address>0xae30</load_address>
         <readonly>true</readonly>
         <executable>true</executable>
         <run_address>0xae30</run_address>
         <size>0x18</size>
         <alignment>0x4</alignment>
         <input_file_ref idref="fl-2"/>
      </object_component>
      <object_component id="oc-217">
         <name>.text.DL_GPIO_enablePower</name>
         <load_address>0xae48</load_address>
         <readonly>true</readonly>
         <executable>true</executable>
         <run_address>0xae48</run_address>
         <size>0x18</size>
         <alignment>0x4</alignment>
         <input_file_ref idref="fl-2"/>
      </object_component>
      <object_component id="oc-213">
         <name>.text.DL_GPIO_reset</name>
         <load_address>0xae60</load_address>
         <readonly>true</readonly>
         <executable>true</executable>
         <run_address>0xae60</run_address>
         <size>0x18</size>
         <alignment>0x4</alignment>
         <input_file_ref idref="fl-2"/>
      </object_component>
      <object_component id="oc-234">
         <name>.text.DL_I2C_enableAnalogGlitchFilter</name>
         <load_address>0xae78</load_address>
         <readonly>true</readonly>
         <executable>true</executable>
         <run_address>0xae78</run_address>
         <size>0x18</size>
         <alignment>0x2</alignment>
         <input_file_ref idref="fl-2"/>
      </object_component>
      <object_component id="oc-23b">
         <name>.text.DL_I2C_enableController</name>
         <load_address>0xae90</load_address>
         <readonly>true</readonly>
         <executable>true</executable>
         <run_address>0xae90</run_address>
         <size>0x18</size>
         <alignment>0x4</alignment>
         <input_file_ref idref="fl-2"/>
      </object_component>
      <object_component id="oc-239">
         <name>.text.DL_I2C_enableControllerClockStretching</name>
         <load_address>0xaea8</load_address>
         <readonly>true</readonly>
         <executable>true</executable>
         <run_address>0xaea8</run_address>
         <size>0x18</size>
         <alignment>0x4</alignment>
         <input_file_ref idref="fl-2"/>
      </object_component>
      <object_component id="oc-219">
         <name>.text.DL_I2C_enablePower</name>
         <load_address>0xaec0</load_address>
         <readonly>true</readonly>
         <executable>true</executable>
         <run_address>0xaec0</run_address>
         <size>0x18</size>
         <alignment>0x4</alignment>
         <input_file_ref idref="fl-2"/>
      </object_component>
      <object_component id="oc-215">
         <name>.text.DL_I2C_reset</name>
         <load_address>0xaed8</load_address>
         <readonly>true</readonly>
         <executable>true</executable>
         <run_address>0xaed8</run_address>
         <size>0x18</size>
         <alignment>0x4</alignment>
         <input_file_ref idref="fl-2"/>
      </object_component>
      <object_component id="oc-236">
         <name>.text.DL_I2C_setTimerPeriod</name>
         <load_address>0xaef0</load_address>
         <readonly>true</readonly>
         <executable>true</executable>
         <run_address>0xaef0</run_address>
         <size>0x18</size>
         <alignment>0x4</alignment>
         <input_file_ref idref="fl-2"/>
      </object_component>
      <object_component id="oc-222">
         <name>.text.DL_SYSCTL_setBORThreshold</name>
         <load_address>0xaf08</load_address>
         <readonly>true</readonly>
         <executable>true</executable>
         <run_address>0xaf08</run_address>
         <size>0x18</size>
         <alignment>0x4</alignment>
         <input_file_ref idref="fl-2"/>
      </object_component>
      <object_component id="oc-218">
         <name>.text.DL_Timer_enablePower</name>
         <load_address>0xaf20</load_address>
         <readonly>true</readonly>
         <executable>true</executable>
         <run_address>0xaf20</run_address>
         <size>0x18</size>
         <alignment>0x4</alignment>
         <input_file_ref idref="fl-2"/>
      </object_component>
      <object_component id="oc-214">
         <name>.text.DL_Timer_reset</name>
         <load_address>0xaf38</load_address>
         <readonly>true</readonly>
         <executable>true</executable>
         <run_address>0xaf38</run_address>
         <size>0x18</size>
         <alignment>0x4</alignment>
         <input_file_ref idref="fl-2"/>
      </object_component>
      <object_component id="oc-178">
         <name>.text.DL_Timer_startCounter</name>
         <load_address>0xaf50</load_address>
         <readonly>true</readonly>
         <executable>true</executable>
         <run_address>0xaf50</run_address>
         <size>0x18</size>
         <alignment>0x4</alignment>
         <input_file_ref idref="fl-1"/>
      </object_component>
      <object_component id="oc-63">
         <name>.text.DL_Timer_stopCounter</name>
         <load_address>0xaf68</load_address>
         <readonly>true</readonly>
         <executable>true</executable>
         <run_address>0xaf68</run_address>
         <size>0x18</size>
         <alignment>0x4</alignment>
         <input_file_ref idref="fl-1"/>
      </object_component>
      <object_component id="oc-251">
         <name>.text.SYSCFG_DL_DMA_CH0_init</name>
         <load_address>0xaf80</load_address>
         <readonly>true</readonly>
         <executable>true</executable>
         <run_address>0xaf80</run_address>
         <size>0x18</size>
         <alignment>0x4</alignment>
         <input_file_ref idref="fl-2"/>
      </object_component>
      <object_component id="oc-252">
         <name>.text.SYSCFG_DL_DMA_CH1_init</name>
         <load_address>0xaf98</load_address>
         <readonly>true</readonly>
         <executable>true</executable>
         <run_address>0xaf98</run_address>
         <size>0x18</size>
         <alignment>0x4</alignment>
         <input_file_ref idref="fl-2"/>
      </object_component>
      <object_component id="oc-24e">
         <name>.text.DL_ADC12_enableConversions</name>
         <load_address>0xafb0</load_address>
         <readonly>true</readonly>
         <executable>true</executable>
         <run_address>0xafb0</run_address>
         <size>0x16</size>
         <alignment>0x2</alignment>
         <input_file_ref idref="fl-2"/>
      </object_component>
      <object_component id="oc-1d3">
         <name>.text.OUTLINED_FUNCTION_0</name>
         <load_address>0xafc6</load_address>
         <readonly>true</readonly>
         <executable>true</executable>
         <run_address>0xafc6</run_address>
         <size>0x16</size>
         <alignment>0x2</alignment>
         <input_file_ref idref="fl-35"/>
      </object_component>
      <object_component id="oc-2b2">
         <name>.tramp.__aeabi_dadd.1</name>
         <load_address>0xafdc</load_address>
         <readonly>true</readonly>
         <executable>true</executable>
         <run_address>0xafdc</run_address>
         <size>0x10</size>
         <alignment>0x4</alignment>
         <input_file_ref idref="fl-cb"/>
      </object_component>
      <object_component id="oc-c1">
         <name>.text.DL_I2C_receiveControllerData</name>
         <load_address>0xafec</load_address>
         <readonly>true</readonly>
         <executable>true</executable>
         <run_address>0xafec</run_address>
         <size>0x14</size>
         <alignment>0x4</alignment>
         <input_file_ref idref="fl-5"/>
      </object_component>
      <object_component id="oc-235">
         <name>.text.DL_I2C_resetControllerTransfer</name>
         <load_address>0xb000</load_address>
         <readonly>true</readonly>
         <executable>true</executable>
         <run_address>0xb000</run_address>
         <size>0x14</size>
         <alignment>0x4</alignment>
         <input_file_ref idref="fl-2"/>
      </object_component>
      <object_component id="oc-225">
         <name>.text.DL_SYSCTL_disableSYSPLL</name>
         <load_address>0xb014</load_address>
         <readonly>true</readonly>
         <executable>true</executable>
         <run_address>0xb014</run_address>
         <size>0x14</size>
         <alignment>0x4</alignment>
         <input_file_ref idref="fl-2"/>
      </object_component>
      <object_component id="oc-22a">
         <name>.text.DL_Timer_enableClock</name>
         <load_address>0xb028</load_address>
         <readonly>true</readonly>
         <executable>true</executable>
         <run_address>0xb028</run_address>
         <size>0x14</size>
         <alignment>0x4</alignment>
         <input_file_ref idref="fl-2"/>
      </object_component>
      <object_component id="oc-176">
         <name>.text.DL_Timer_getLoadValue</name>
         <load_address>0xb03c</load_address>
         <readonly>true</readonly>
         <executable>true</executable>
         <run_address>0xb03c</run_address>
         <size>0x14</size>
         <alignment>0x4</alignment>
         <input_file_ref idref="fl-1"/>
      </object_component>
      <object_component id="oc-b9">
         <name>.text.DL_Timer_setTimerCount</name>
         <load_address>0xb050</load_address>
         <readonly>true</readonly>
         <executable>true</executable>
         <run_address>0xb050</run_address>
         <size>0x14</size>
         <alignment>0x2</alignment>
         <input_file_ref idref="fl-1"/>
      </object_component>
      <object_component id="oc-62">
         <name>.text.DL_ADC12_getPendingInterrupt</name>
         <load_address>0xb064</load_address>
         <readonly>true</readonly>
         <executable>true</executable>
         <run_address>0xb064</run_address>
         <size>0x12</size>
         <alignment>0x2</alignment>
         <input_file_ref idref="fl-1"/>
      </object_component>
      <object_component id="oc-be">
         <name>.text.DL_I2C_getPendingInterrupt</name>
         <load_address>0xb076</load_address>
         <readonly>true</readonly>
         <executable>true</executable>
         <run_address>0xb076</run_address>
         <size>0x12</size>
         <alignment>0x2</alignment>
         <input_file_ref idref="fl-5"/>
      </object_component>
      <object_component id="oc-b2">
         <name>.text.DL_Timer_getPendingInterrupt</name>
         <load_address>0xb088</load_address>
         <readonly>true</readonly>
         <executable>true</executable>
         <run_address>0xb088</run_address>
         <size>0x12</size>
         <alignment>0x2</alignment>
         <input_file_ref idref="fl-1"/>
      </object_component>
      <object_component id="oc-162">
         <name>.text:TI_memcpy_small</name>
         <load_address>0xb09a</load_address>
         <readonly>true</readonly>
         <executable>true</executable>
         <run_address>0xb09a</run_address>
         <size>0x12</size>
         <alignment>0x1</alignment>
         <input_file_ref idref="fl-e5"/>
      </object_component>
      <object_component id="oc-20">
         <name>.text:decompress:none</name>
         <load_address>0xb0ac</load_address>
         <readonly>true</readonly>
         <executable>true</executable>
         <run_address>0xb0ac</run_address>
         <size>0x12</size>
         <alignment>0x2</alignment>
         <input_file_ref idref="fl-3f"/>
      </object_component>
      <object_component id="oc-224">
         <name>.text.DL_SYSCTL_disableHFXT</name>
         <load_address>0xb0c0</load_address>
         <readonly>true</readonly>
         <executable>true</executable>
         <run_address>0xb0c0</run_address>
         <size>0x10</size>
         <alignment>0x4</alignment>
         <input_file_ref idref="fl-2"/>
      </object_component>
      <object_component id="oc-b3">
         <name>.text.DL_Timer_getCaptureCompareValue</name>
         <load_address>0xb0d0</load_address>
         <readonly>true</readonly>
         <executable>true</executable>
         <run_address>0xb0d0</run_address>
         <size>0x10</size>
         <alignment>0x4</alignment>
         <input_file_ref idref="fl-1f"/>
      </object_component>
      <object_component id="oc-58">
         <name>.text:decompress:ZI</name>
         <load_address>0xb0e0</load_address>
         <readonly>true</readonly>
         <executable>true</executable>
         <run_address>0xb0e0</run_address>
         <size>0x10</size>
         <alignment>0x2</alignment>
         <input_file_ref idref="fl-3e"/>
      </object_component>
      <object_component id="oc-13b">
         <name>.text.OUTLINED_FUNCTION_0</name>
         <load_address>0xb0f0</load_address>
         <readonly>true</readonly>
         <executable>true</executable>
         <run_address>0xb0f0</run_address>
         <size>0xe</size>
         <alignment>0x2</alignment>
         <input_file_ref idref="fl-33"/>
      </object_component>
      <object_component id="oc-2b3">
         <name>.tramp.__aeabi_dsub.1</name>
         <load_address>0xb100</load_address>
         <readonly>true</readonly>
         <executable>true</executable>
         <run_address>0xb100</run_address>
         <size>0x10</size>
         <alignment>0x4</alignment>
         <input_file_ref idref="fl-cb"/>
      </object_component>
      <object_component id="oc-1d0">
         <name>.text.OUTLINED_FUNCTION_2</name>
         <load_address>0xb110</load_address>
         <readonly>true</readonly>
         <executable>true</executable>
         <run_address>0xb110</run_address>
         <size>0xe</size>
         <alignment>0x2</alignment>
         <input_file_ref idref="fl-35"/>
      </object_component>
      <object_component id="oc-1e1">
         <name>.text:TI_memset_small</name>
         <load_address>0xb11e</load_address>
         <readonly>true</readonly>
         <executable>true</executable>
         <run_address>0xb11e</run_address>
         <size>0xe</size>
         <alignment>0x1</alignment>
[...]
         <value>0x202070f4</value>
      </symbol>
      <symbol id="sm-1ce">
         <name>gTxCount</name>
         <value>0x20207148</value>
      </symbol>
      <symbol id="sm-1cf">
         <name>I2C0_IRQHandler</name>
         <value>0x905d</value>
         <object_component_ref idref="oc-3b"/>
      </symbol>
      <symbol id="sm-1d0">
         <name>gRxCount</name>
         <value>0x20207140</value>
      </symbol>
      <symbol id="sm-1d1">
         <name>gRxLen</name>
         <value>0x20207144</value>
      </symbol>
      <symbol id="sm-1d2">
         <name>gRxPacket</name>
         <value>0x202070e4</value>
      </symbol>
      <symbol id="sm-1d3">
         <name>__TI_ATRegion0_src_addr</name>
         <value>0x0</value>
      </symbol>
      <symbol id="sm-1d4">
         <name>__TI_ATRegion0_trg_addr</name>
         <value>0x0</value>
      </symbol>
      <symbol id="sm-1d5">
         <name>__TI_ATRegion0_region_sz</name>
         <value>0x0</value>
      </symbol>
      <symbol id="sm-1d6">
         <name>__TI_ATRegion1_src_addr</name>
         <value>0x0</value>
      </symbol>
      <symbol id="sm-1d7">
         <name>__TI_ATRegion1_trg_addr</name>
         <value>0x0</value>
      </symbol>
      <symbol id="sm-1d8">
         <name>__TI_ATRegion1_region_sz</name>
         <value>0x0</value>
      </symbol>
      <symbol id="sm-1d9">
         <name>__TI_ATRegion2_src_addr</name>
         <value>0x0</value>
      </symbol>
      <symbol id="sm-1da">
         <name>__TI_ATRegion2_trg_addr</name>
         <value>0x0</value>
      </symbol>
      <symbol id="sm-1db">
         <name>__TI_ATRegion2_region_sz</name>
         <value>0x0</value>
      </symbol>
      <symbol id="sm-1e0">
         <name>arm_cfft_sR_f32_len2048</name>
         <value>0x604c</value>
         <object_component_ref idref="oc-85"/>
      </symbol>
      <symbol id="sm-1eb">
         <name>arm_cmplx_mag_f32</name>
         <value>0x84dd</value>
         <object_component_ref idref="oc-6b"/>
      </symbol>
      <symbol id="sm-1f4">
         <name>arm_max_f32</name>
         <value>0xa3bb</value>
         <object_component_ref idref="oc-70"/>
      </symbol>
      <symbol id="sm-203">
         <name>arm_cfft_radix8by2_f32</name>
         <value>0x7eb1</value>
         <object_component_ref idref="oc-f2"/>
      </symbol>
      <symbol id="sm-204">
         <name>arm_cfft_radix8by4_f32</name>
         <value>0x69ad</value>
         <object_component_ref idref="oc-f1"/>
      </symbol>
      <symbol id="sm-205">
         <name>arm_cfft_f32</name>
         <value>0x8161</value>
         <object_component_ref idref="oc-65"/>
      </symbol>
      <symbol id="sm-211">
         <name>arm_radix8_butterfly_f32</name>
         <value>0x60b1</value>
         <object_component_ref idref="oc-f3"/>
      </symbol>
      <symbol id="sm-216">
         <name>twiddleCoef_2048</name>
         <value>0xc0</value>
         <object_component_ref idref="oc-128"/>
      </symbol>
      <symbol id="sm-217">
         <name>armBitRevIndexTable2048</name>
         <value>0x40c0</value>
         <object_component_ref idref="oc-12a"/>
      </symbol>
      <symbol id="sm-221">
         <name>arm_bitreversal_32</name>
         <value>0x8f29</value>
         <object_component_ref idref="oc-f7"/>
      </symbol>
      <symbol id="sm-22c">
         <name>DL_ADC12_setClockConfig</name>
         <value>0xa6e5</value>
         <object_component_ref idref="oc-23d"/>
      </symbol>
      <symbol id="sm-235">
         <name>DL_Common_delayCycles</name>
         <value>0xb139</value>
         <object_component_ref idref="oc-21b"/>
      </symbol>
      <symbol id="sm-23f">
         <name>DL_DMA_initChannel</name>
         <value>0xa575</value>
         <object_component_ref idref="oc-264"/>
      </symbol>
      <symbol id="sm-24b">
         <name>DL_I2C_setClockConfig</name>
         <value>0xac11</value>
         <object_component_ref idref="oc-232"/>
      </symbol>
      <symbol id="sm-24c">
         <name>DL_I2C_fillControllerTXFIFO</name>
         <value>0xa41b</value>
         <object_component_ref idref="oc-c2"/>
      </symbol>
      <symbol id="sm-264">
         <name>DL_Timer_setClockConfig</name>
         <value>0xadad</value>
         <object_component_ref idref="oc-228"/>
      </symbol>
      <symbol id="sm-265">
         <name>DL_Timer_initTimerMode</name>
         <value>0x94bd</value>
         <object_component_ref idref="oc-22d"/>
      </symbol>
      <symbol id="sm-266">
         <name>DL_Timer_initCaptureCombinedMode</name>
         <value>0x976d</value>
         <object_component_ref idref="oc-229"/>
      </symbol>
      <symbol id="sm-267">
         <name>DL_Timer_getCaptureCompareValue</name>
         <value>0xb0d1</value>
         <object_component_ref idref="oc-b3"/>
      </symbol>
      <symbol id="sm-272">
         <name>sqrtf</name>
         <value>0x9c49</value>
         <object_component_ref idref="oc-103"/>
      </symbol>
      <symbol id="sm-280">
         <name>atan2</name>
         <value>0x867d</value>
         <object_component_ref idref="oc-78"/>
      </symbol>
      <symbol id="sm-281">
         <name>atan2l</name>
         <value>0x867d</value>
         <object_component_ref idref="oc-78"/>
      </symbol>
      <symbol id="sm-28b">
         <name>sqrt</name>
         <value>0x89a9</value>
         <object_component_ref idref="oc-122"/>
      </symbol>
      <symbol id="sm-28c">
         <name>sqrtl</name>
         <value>0x89a9</value>
         <object_component_ref idref="oc-122"/>
      </symbol>
      <symbol id="sm-2a3">
         <name>atan</name>
         <value>0x7bb9</value>
         <object_component_ref idref="oc-118"/>
      </symbol>
      <symbol id="sm-2a4">
         <name>atanl</name>
         <value>0x7bb9</value>
         <object_component_ref idref="oc-118"/>
      </symbol>
      <symbol id="sm-2c4">
         <name>cos</name>
         <value>0x7779</value>
         <object_component_ref idref="oc-93"/>
      </symbol>
      <symbol id="sm-2c5">
         <name>cosl</name>
         <value>0x7779</value>
         <object_component_ref idref="oc-93"/>
      </symbol>
      <symbol id="sm-2d0">
         <name>__aeabi_errno_addr</name>
         <value>0xb189</value>
         <object_component_ref idref="oc-1a1"/>
      </symbol>
      <symbol id="sm-2d1">
         <name>__aeabi_errno</name>
         <value>0x20207160</value>
         <object_component_ref idref="oc-202"/>
      </symbol>
      <symbol id="sm-2ed">
         <name>__kernel_rem_pio2</name>
         <value>0x7121</value>
         <object_component_ref idref="oc-147"/>
      </symbol>
      <symbol id="sm-2fb">
         <name>_c_int00_noargs</name>
         <value>0xab9d</value>
         <object_component_ref idref="oc-5b"/>
      </symbol>
      <symbol id="sm-2fc">
         <name>__stack</name>
         <value>0x20207e00</value>
         <object_component_ref idref="oc-1a"/>
      </symbol>
      <symbol id="sm-308">
         <name>__TI_auto_init_nobinit_nopinit</name>
         <value>0xa859</value>
         <object_component_ref idref="oc-182"/>
      </symbol>
      <symbol id="sm-310">
         <name>_system_pre_init</name>
         <value>0xb1cd</value>
         <object_component_ref idref="oc-da"/>
      </symbol>
      <symbol id="sm-31b">
         <name>__TI_zero_init</name>
         <value>0xb0e1</value>
         <object_component_ref idref="oc-58"/>
      </symbol>
      <symbol id="sm-324">
         <name>__TI_decompress_none</name>
         <value>0xb0ad</value>
         <object_component_ref idref="oc-20"/>
      </symbol>
      <symbol id="sm-32f">
         <name>__TI_decompress_lzss</name>
         <value>0xa0bd</value>
         <object_component_ref idref="oc-1c"/>
      </symbol>
      <symbol id="sm-342">
         <name>__kernel_cos</name>
         <value>0x8c95</value>
         <object_component_ref idref="oc-133"/>
      </symbol>
      <symbol id="sm-350">
         <name>__kernel_sin</name>
         <value>0x8b2d</value>
         <object_component_ref idref="oc-1d8"/>
      </symbol>
      <symbol id="sm-35d">
         <name>floor</name>
         <value>0x8de5</value>
         <object_component_ref idref="oc-1cc"/>
      </symbol>
      <symbol id="sm-35e">
         <name>floorl</name>
         <value>0x8de5</value>
         <object_component_ref idref="oc-1cc"/>
      </symbol>
      <symbol id="sm-369">
         <name>scalbn</name>
         <value>0x984d</value>
         <object_component_ref idref="oc-1c8"/>
      </symbol>
      <symbol id="sm-36a">
         <name>ldexp</name>
         <value>0x984d</value>
         <object_component_ref idref="oc-1c8"/>
      </symbol>
      <symbol id="sm-36b">
         <name>scalbnl</name>
         <value>0x984d</value>
         <object_component_ref idref="oc-1c8"/>
      </symbol>
      <symbol id="sm-36c">
         <name>ldexpl</name>
         <value>0x984d</value>
         <object_component_ref idref="oc-1c8"/>
      </symbol>
      <symbol id="sm-376">
         <name>abort</name>
         <value>0xb1d1</value>
         <object_component_ref idref="oc-17b"/>
      </symbol>
      <symbol id="sm-377">
         <name>C$$EXIT</name>
         <value>0xb1d0</value>
         <object_component_ref idref="oc-17b"/>
      </symbol>
      <symbol id="sm-395">
         <name>__aeabi_fadd</name>
         <value>0x992f</value>
         <object_component_ref idref="oc-8f"/>
      </symbol>
      <symbol id="sm-396">
         <name>__addsf3</name>
         <value>0x992f</value>
         <object_component_ref idref="oc-8f"/>
      </symbol>
      <symbol id="sm-397">
         <name>__aeabi_fsub</name>
         <value>0x9925</value>
         <object_component_ref idref="oc-8f"/>
      </symbol>
      <symbol id="sm-398">
         <name>__subsf3</name>
         <value>0x9925</value>
         <object_component_ref idref="oc-8f"/>
      </symbol>
      <symbol id="sm-39e">
         <name>__aeabi_dadd</name>
         <value>0x881f</value>
         <object_component_ref idref="oc-9d"/>
      </symbol>
      <symbol id="sm-39f">
         <name>__adddf3</name>
         <value>0x881f</value>
         <object_component_ref idref="oc-9d"/>
      </symbol>
      <symbol id="sm-3a0">
         <name>__aeabi_dsub</name>
         <value>0x8815</value>
         <object_component_ref idref="oc-9d"/>
      </symbol>
      <symbol id="sm-3a1">
         <name>__subdf3</name>
         <value>0x8815</value>
         <object_component_ref idref="oc-9d"/>
      </symbol>
      <symbol id="sm-3ad">
         <name>__aeabi_dmul</name>
         <value>0x9689</value>
         <object_component_ref idref="oc-99"/>
      </symbol>
      <symbol id="sm-3ae">
         <name>__muldf3</name>
         <value>0x9689</value>
         <object_component_ref idref="oc-99"/>
      </symbol>
      <symbol id="sm-3b7">
         <name>__muldsi3</name>
         <value>0xa8d1</value>
         <object_component_ref idref="oc-150"/>
      </symbol>
      <symbol id="sm-3bd">
         <name>__aeabi_fmul</name>
         <value>0x9eb1</value>
         <object_component_ref idref="oc-a5"/>
      </symbol>
      <symbol id="sm-3be">
         <name>__mulsf3</name>
         <value>0x9eb1</value>
         <object_component_ref idref="oc-a5"/>
      </symbol>
      <symbol id="sm-3c4">
         <name>__aeabi_fdiv</name>
         <value>0x9fc1</value>
         <object_component_ref idref="oc-fd"/>
      </symbol>
      <symbol id="sm-3c5">
         <name>__divsf3</name>
         <value>0x9fc1</value>
         <object_component_ref idref="oc-fd"/>
      </symbol>
      <symbol id="sm-3cb">
         <name>__aeabi_ddiv</name>
         <value>0x92b1</value>
         <object_component_ref idref="oc-10f"/>
      </symbol>
      <symbol id="sm-3cc">
         <name>__divdf3</name>
         <value>0x92b1</value>
         <object_component_ref idref="oc-10f"/>
      </symbol>
      <symbol id="sm-3d2">
         <name>__aeabi_f2d</name>
         <value>0xa765</value>
         <object_component_ref idref="oc-74"/>
      </symbol>
      <symbol id="sm-3d3">
         <name>__extendsfdf2</name>
         <value>0xa765</value>
         <object_component_ref idref="oc-74"/>
      </symbol>
      <symbol id="sm-3d9">
         <name>__aeabi_d2iz</name>
         <value>0xa655</value>
         <object_component_ref idref="oc-12f"/>
      </symbol>
      <symbol id="sm-3da">
         <name>__fixdfsi</name>
         <value>0xa655</value>
         <object_component_ref idref="oc-12f"/>
      </symbol>
      <symbol id="sm-3e0">
         <name>__aeabi_i2d</name>
         <value>0xaa2d</value>
         <object_component_ref idref="oc-13c"/>
      </symbol>
      <symbol id="sm-3e1">
         <name>__floatsidf</name>
         <value>0xaa2d</value>
         <object_component_ref idref="oc-13c"/>
      </symbol>
      <symbol id="sm-3e7">
         <name>__aeabi_i2f</name>
         <value>0xa7e1</value>
         <object_component_ref idref="oc-10b"/>
      </symbol>
      <symbol id="sm-3e8">
         <name>__floatsisf</name>
         <value>0xa7e1</value>
         <object_component_ref idref="oc-10b"/>
      </symbol>
      <symbol id="sm-3ee">
         <name>__aeabi_ui2f</name>
         <value>0xab75</value>
         <object_component_ref idref="oc-e9"/>
      </symbol>
      <symbol id="sm-3ef">
         <name>__floatunsisf</name>
         <value>0xab75</value>
         <object_component_ref idref="oc-e9"/>
      </symbol>
      <symbol id="sm-3f6">
         <name>__aeabi_d2f</name>
         <value>0xa141</value>
         <object_component_ref idref="oc-7c"/>
      </symbol>
      <symbol id="sm-3f7">
         <name>__truncdfsf2</name>
         <value>0xa141</value>
         <object_component_ref idref="oc-7c"/>
      </symbol>
      <symbol id="sm-3fd">
         <name>__aeabi_dcmpeq</name>
         <value>0xa2f5</value>
         <object_component_ref idref="oc-143"/>
      </symbol>
      <symbol id="sm-3fe">
         <name>__aeabi_dcmplt</name>
         <value>0xa309</value>
         <object_component_ref idref="oc-143"/>
      </symbol>
      <symbol id="sm-3ff">
         <name>__aeabi_dcmple</name>
         <value>0xa31d</value>
         <object_component_ref idref="oc-143"/>
      </symbol>
      <symbol id="sm-400">
         <name>__aeabi_dcmpge</name>
         <value>0xa331</value>
         <object_component_ref idref="oc-143"/>
      </symbol>
      <symbol id="sm-401">
         <name>__aeabi_dcmpgt</name>
         <value>0xa345</value>
         <object_component_ref idref="oc-143"/>
      </symbol>
      <symbol id="sm-407">
         <name>__aeabi_fcmpeq</name>
         <value>0xa359</value>
         <object_component_ref idref="oc-a1"/>
      </symbol>
      <symbol id="sm-408">
         <name>__aeabi_fcmplt</name>
         <value>0xa36d</value>
         <object_component_ref idref="oc-a1"/>
      </symbol>
      <symbol id="sm-409">
         <name>__aeabi_fcmple</name>
         <value>0xa381</value>
         <object_component_ref idref="oc-a1"/>
      </symbol>
      <symbol id="sm-40a">
         <name>__aeabi_fcmpge</name>
         <value>0xa395</value>
         <object_component_ref idref="oc-a1"/>
      </symbol>
      <symbol id="sm-40b">
         <name>__aeabi_fcmpgt</name>
         <value>0xa3a9</value>
         <object_component_ref idref="oc-a1"/>
      </symbol>
      <symbol id="sm-411">
         <name>__aeabi_idiv</name>
         <value>0xa4d1</value>
         <object_component_ref idref="oc-1c4"/>
      </symbol>
      <symbol id="sm-412">
         <name>__aeabi_idivmod</name>
         <value>0xa4d1</value>
         <object_component_ref idref="oc-1c4"/>
      </symbol>
      <symbol id="sm-418">
         <name>__aeabi_memcpy</name>
         <value>0xb191</value>
         <object_component_ref idref="oc-4b"/>
      </symbol>
      <symbol id="sm-419">
         <name>__aeabi_memcpy4</name>
         <value>0xb191</value>
         <object_component_ref idref="oc-4b"/>
      </symbol>
      <symbol id="sm-41a">
         <name>__aeabi_memcpy8</name>
         <value>0xb191</value>
         <object_component_ref idref="oc-4b"/>
      </symbol>
      <symbol id="sm-421">
         <name>__aeabi_memclr</name>
         <value>0xb12d</value>
         <object_component_ref idref="oc-d5"/>
      </symbol>
      <symbol id="sm-422">
         <name>__aeabi_memclr4</name>
         <value>0xb12d</value>
         <object_component_ref idref="oc-d5"/>
      </symbol>
      <symbol id="sm-423">
         <name>__aeabi_memclr8</name>
         <value>0xb12d</value>
         <object_component_ref idref="oc-d5"/>
      </symbol>
      <symbol id="sm-429">
         <name>__aeabi_uidiv</name>
         <value>0xa725</value>
         <object_component_ref idref="oc-ed"/>
      </symbol>
      <symbol id="sm-42a">
         <name>__aeabi_uidivmod</name>
         <value>0xa725</value>
         <object_component_ref idref="oc-ed"/>
      </symbol>
      <symbol id="sm-433">
         <name>__eqsf2</name>
         <value>0xa895</value>
         <object_component_ref idref="oc-156"/>
      </symbol>
      <symbol id="sm-434">
         <name>__lesf2</name>
         <value>0xa895</value>
         <object_component_ref idref="oc-156"/>
      </symbol>
      <symbol id="sm-435">
         <name>__ltsf2</name>
         <value>0xa895</value>
         <object_component_ref idref="oc-156"/>
      </symbol>
      <symbol id="sm-436">
         <name>__nesf2</name>
         <value>0xa895</value>
         <object_component_ref idref="oc-156"/>
      </symbol>
      <symbol id="sm-437">
         <name>__cmpsf2</name>
         <value>0xa895</value>
         <object_component_ref idref="oc-156"/>
      </symbol>
      <symbol id="sm-438">
         <name>__gtsf2</name>
         <value>0xa81d</value>
         <object_component_ref idref="oc-15b"/>
      </symbol>
      <symbol id="sm-439">
         <name>__gesf2</name>
         <value>0xa81d</value>
         <object_component_ref idref="oc-15b"/>
      </symbol>
      <symbol id="sm-447">
         <name>__ledf2</name>
         <value>0xa225</value>
         <object_component_ref idref="oc-1bc"/>
      </symbol>
      <symbol id="sm-448">
         <name>__gedf2</name>
         <value>0xa1b5</value>
         <object_component_ref idref="oc-1c2"/>
      </symbol>
      <symbol id="sm-449">
         <name>__cmpdf2</name>
         <value>0xa225</value>
         <object_component_ref idref="oc-1bc"/>
      </symbol>
      <symbol id="sm-44a">
         <name>__eqdf2</name>
         <value>0xa225</value>
         <object_component_ref idref="oc-1bc"/>
      </symbol>
      <symbol id="sm-44b">
         <name>__ltdf2</name>
         <value>0xa225</value>
         <object_component_ref idref="oc-1bc"/>
      </symbol>
      <symbol id="sm-44c">
         <name>__nedf2</name>
         <value>0xa225</value>
         <object_component_ref idref="oc-1bc"/>
      </symbol>
      <symbol id="sm-44d">
         <name>__gtdf2</name>
         <value>0xa1b5</value>
         <object_component_ref idref="oc-1c2"/>
      </symbol>
      <symbol id="sm-457">
         <name>__aeabi_idiv0</name>
         <value>0x89a7</value>
         <object_component_ref idref="oc-195"/>
      </symbol>
      <symbol id="sm-461">
         <name>TI_memcpy_small</name>
         <value>0xb09b</value>
         <object_component_ref idref="oc-162"/>
      </symbol>
      <symbol id="sm-46a">
         <name>TI_memset_small</name>
         <value>0xb11f</value>
         <object_component_ref idref="oc-1e1"/>
      </symbol>
      <symbol id="sm-46b">
         <name>__TI_static_base__</name>
         <value>0x0</value>
      </symbol>
      <symbol id="sm-46f">
         <name>__mpu_init</name>
         <value>0x0</value>
      </symbol>
      <symbol id="sm-470">
         <name>_system_post_cinit</name>
         <value>0x0</value>
      </symbol>
   </symbol_table>
   <title>Link successful</title>
</link_info>
