<?xml version="1.0" encoding="ISO-8859-1" ?>
<link_info>
   <banner>TI ARM Clang Linker PC v3.2.2.LTS</banner>
   <copyright>Copyright (c) 1996-2018 Texas Instruments Incorporated</copyright>
   <link_time>0x66ab1de8</link_time>
   <link_errors>0x0</link_errors>
   <output_file>C:\Users\86132\workspace_ccstheia\compete_v2\Debug\compete_v2.out</output_file>
   <entry_point>
      <name>_c_int00_noargs</name>
      <address>0x6499</address>
   </entry_point>
   <input_file_list>
      <input_file id="fl-1">
         <path>C:\Users\86132\workspace_ccstheia\compete_v2\Debug\.\</path>
         <kind>object</kind>
         <file>empty.o</file>
         <name>empty.o</name>
      </input_file>
      <input_file id="fl-2">
         <path>C:\Users\86132\workspace_ccstheia\compete_v2\Debug\.\</path>
         <kind>object</kind>
         <file>ti_msp_dl_config.o</file>
         <name>ti_msp_dl_config.o</name>
      </input_file>
      <input_file id="fl-3">
         <path>C:\Users\86132\workspace_ccstheia\compete_v2\Debug\.\</path>
         <kind>object</kind>
         <file>startup_mspm0g350x_ticlang.o</file>
         <name>startup_mspm0g350x_ticlang.o</name>
      </input_file>
      <input_file id="fl-4">
         <path>C:\Users\86132\workspace_ccstheia\compete_v2\Debug\.\system\</path>
         <kind>object</kind>
         <file>my_delay.o</file>
         <name>my_delay.o</name>
      </input_file>
      <input_file id="fl-5">
         <path>C:\Users\86132\workspace_ccstheia\compete_v2\Debug\.\system\</path>
         <kind>object</kind>
         <file>oled.o</file>
         <name>oled.o</name>
      </input_file>
      <input_file id="fl-13">
         <path>C:\Users\86132\workspace_ccstheia\compete_v2\Debug\</path>
         <kind>object</kind>
         <file>&lt;internal&gt;</file>
         <name>&lt;internal&gt;</name>
      </input_file>
      <input_file id="fl-14">
         <path>C:\ti\mspm0_sdk_2_00_01_00\source\third_party\CMSIS\DSP\lib\ticlang\m0p\</path>
         <kind>archive</kind>
         <file>arm_cortexM0l_math.a</file>
         <name>arm_const_structs.o</name>
      </input_file>
      <input_file id="fl-15">
         <path>C:\ti\mspm0_sdk_2_00_01_00\source\third_party\CMSIS\DSP\lib\ticlang\m0p\</path>
         <kind>archive</kind>
         <file>arm_cortexM0l_math.a</file>
         <name>arm_cmplx_mag_f32.o</name>
      </input_file>
      <input_file id="fl-16">
         <path>C:\ti\mspm0_sdk_2_00_01_00\source\third_party\CMSIS\DSP\lib\ticlang\m0p\</path>
         <kind>archive</kind>
         <file>arm_cortexM0l_math.a</file>
         <name>arm_max_f32.o</name>
      </input_file>
      <input_file id="fl-17">
         <path>C:\ti\mspm0_sdk_2_00_01_00\source\third_party\CMSIS\DSP\lib\ticlang\m0p\</path>
         <kind>archive</kind>
         <file>arm_cortexM0l_math.a</file>
         <name>arm_cfft_f32.o</name>
      </input_file>
      <input_file id="fl-18">
         <path>C:\ti\mspm0_sdk_2_00_01_00\source\third_party\CMSIS\DSP\lib\ticlang\m0p\</path>
         <kind>archive</kind>
         <file>arm_cortexM0l_math.a</file>
         <name>arm_cfft_radix8_f32.o</name>
      </input_file>
      <input_file id="fl-19">
         <path>C:\ti\mspm0_sdk_2_00_01_00\source\third_party\CMSIS\DSP\lib\ticlang\m0p\</path>
         <kind>archive</kind>
         <file>arm_cortexM0l_math.a</file>
         <name>arm_common_tables.o</name>
      </input_file>
      <input_file id="fl-1a">
         <path>C:\ti\mspm0_sdk_2_00_01_00\source\third_party\CMSIS\DSP\lib\ticlang\m0p\</path>
         <kind>archive</kind>
         <file>arm_cortexM0l_math.a</file>
         <name>arm_bitreversal2.o</name>
      </input_file>
      <input_file id="fl-1b">
         <path>C:\ti\mspm0_sdk_2_00_01_00\source\ti\driverlib\lib\ticlang\m0p\mspm0g1x0x_g3x0x\</path>
         <kind>archive</kind>
         <file>driverlib.a</file>
         <name>dl_adc12.o</name>
      </input_file>
      <input_file id="fl-1c">
         <path>C:\ti\mspm0_sdk_2_00_01_00\source\ti\driverlib\lib\ticlang\m0p\mspm0g1x0x_g3x0x\</path>
         <kind>archive</kind>
         <file>driverlib.a</file>
         <name>dl_common.o</name>
      </input_file>
      <input_file id="fl-1d">
         <path>C:\ti\mspm0_sdk_2_00_01_00\source\ti\driverlib\lib\ticlang\m0p\mspm0g1x0x_g3x0x\</path>
         <kind>archive</kind>
         <file>driverlib.a</file>
         <name>dl_dma.o</name>
      </input_file>
      <input_file id="fl-1e">
         <path>C:\ti\mspm0_sdk_2_00_01_00\source\ti\driverlib\lib\ticlang\m0p\mspm0g1x0x_g3x0x\</path>
         <kind>archive</kind>
         <file>driverlib.a</file>
         <name>dl_i2c.o</name>
      </input_file>
      <input_file id="fl-1f">
         <path>C:\ti\mspm0_sdk_2_00_01_00\source\ti\driverlib\lib\ticlang\m0p\mspm0g1x0x_g3x0x\</path>
         <kind>archive</kind>
         <file>driverlib.a</file>
         <name>dl_timer.o</name>
      </input_file>
      <input_file id="fl-2e">
         <path>C:\ti\ccstheia140\ccs\tools\compiler\ti-cgt-armllvm_3.2.2.LTS\lib\armv6m-ti-none-eabi\c\</path>
         <kind>archive</kind>
         <file>libc.a</file>
         <name>sprintf.c.obj</name>
      </input_file>
      <input_file id="fl-2f">
         <path>C:\ti\ccstheia140\ccs\tools\compiler\ti-cgt-armllvm_3.2.2.LTS\lib\armv6m-ti-none-eabi\c\</path>
         <kind>archive</kind>
         <file>libc.a</file>
         <name>e_sqrtf.c.obj</name>
      </input_file>
      <input_file id="fl-30">
         <path>C:\ti\ccstheia140\ccs\tools\compiler\ti-cgt-armllvm_3.2.2.LTS\lib\armv6m-ti-none-eabi\c\</path>
         <kind>archive</kind>
         <file>libc.a</file>
         <name>e_atan2.c.obj</name>
      </input_file>
      <input_file id="fl-31">
         <path>C:\ti\ccstheia140\ccs\tools\compiler\ti-cgt-armllvm_3.2.2.LTS\lib\armv6m-ti-none-eabi\c\</path>
         <kind>archive</kind>
         <file>libc.a</file>
         <name>e_sqrt.c.obj</name>
      </input_file>
      <input_file id="fl-32">
         <path>C:\ti\ccstheia140\ccs\tools\compiler\ti-cgt-armllvm_3.2.2.LTS\lib\armv6m-ti-none-eabi\c\</path>
         <kind>archive</kind>
         <file>libc.a</file>
         <name>s_atan.c.obj</name>
      </input_file>
      <input_file id="fl-33">
         <path>C:\ti\ccstheia140\ccs\tools\compiler\ti-cgt-armllvm_3.2.2.LTS\lib\armv6m-ti-none-eabi\c\</path>
         <kind>archive</kind>
         <file>libc.a</file>
         <name>s_cos.c.obj</name>
      </input_file>
      <input_file id="fl-34">
         <path>C:\ti\ccstheia140\ccs\tools\compiler\ti-cgt-armllvm_3.2.2.LTS\lib\armv6m-ti-none-eabi\c\</path>
         <kind>archive</kind>
         <file>libc.a</file>
         <name>aeabi_portable.c.obj</name>
      </input_file>
      <input_file id="fl-35">
         <path>C:\ti\ccstheia140\ccs\tools\compiler\ti-cgt-armllvm_3.2.2.LTS\lib\armv6m-ti-none-eabi\c\</path>
         <kind>archive</kind>
         <file>libc.a</file>
         <name>k_rem_pio2.c.obj</name>
      </input_file>
      <input_file id="fl-36">
         <path>C:\ti\ccstheia140\ccs\tools\compiler\ti-cgt-armllvm_3.2.2.LTS\lib\armv6m-ti-none-eabi\c\</path>
         <kind>archive</kind>
         <file>libc.a</file>
         <name>assert.c.obj</name>
      </input_file>
      <input_file id="fl-37">
         <path>C:\ti\ccstheia140\ccs\tools\compiler\ti-cgt-armllvm_3.2.2.LTS\lib\armv6m-ti-none-eabi\c\</path>
         <kind>archive</kind>
         <file>libc.a</file>
         <name>defs.c.obj</name>
      </input_file>
      <input_file id="fl-38">
         <path>C:\ti\ccstheia140\ccs\tools\compiler\ti-cgt-armllvm_3.2.2.LTS\lib\armv6m-ti-none-eabi\c\</path>
         <kind>archive</kind>
         <file>libc.a</file>
         <name>memory.c.obj</name>
      </input_file>
      <input_file id="fl-39">
         <path>C:\ti\ccstheia140\ccs\tools\compiler\ti-cgt-armllvm_3.2.2.LTS\lib\armv6m-ti-none-eabi\c\</path>
         <kind>archive</kind>
         <file>libc.a</file>
         <name>boot_cortex_m.c.obj</name>
      </input_file>
      <input_file id="fl-3a">
         <path>C:\ti\ccstheia140\ccs\tools\compiler\ti-cgt-armllvm_3.2.2.LTS\lib\armv6m-ti-none-eabi\c\</path>
         <kind>archive</kind>
         <file>libc.a</file>
         <name>mathacl_init.c.obj</name>
      </input_file>
      <input_file id="fl-3b">
         <path>C:\ti\ccstheia140\ccs\tools\compiler\ti-cgt-armllvm_3.2.2.LTS\lib\armv6m-ti-none-eabi\c\</path>
         <kind>archive</kind>
         <file>libc.a</file>
         <name>autoinit.c.obj</name>
      </input_file>
      <input_file id="fl-3c">
         <path>C:\ti\ccstheia140\ccs\tools\compiler\ti-cgt-armllvm_3.2.2.LTS\lib\armv6m-ti-none-eabi\c\</path>
         <kind>archive</kind>
         <file>libc.a</file>
         <name>pre_init.c.obj</name>
      </input_file>
      <input_file id="fl-3d">
         <path>C:\ti\ccstheia140\ccs\tools\compiler\ti-cgt-armllvm_3.2.2.LTS\lib\armv6m-ti-none-eabi\c\</path>
         <kind>archive</kind>
         <file>libc.a</file>
         <name>cpy_tbl.c.obj</name>
      </input_file>
      <input_file id="fl-3e">
         <path>C:\ti\ccstheia140\ccs\tools\compiler\ti-cgt-armllvm_3.2.2.LTS\lib\armv6m-ti-none-eabi\c\</path>
         <kind>archive</kind>
         <file>libc.a</file>
         <name>copy_zero_init.c.obj</name>
      </input_file>
      <input_file id="fl-3f">
         <path>C:\ti\ccstheia140\ccs\tools\compiler\ti-cgt-armllvm_3.2.2.LTS\lib\armv6m-ti-none-eabi\c\</path>
         <kind>archive</kind>
         <file>libc.a</file>
         <name>copy_decompress_none.c.obj</name>
      </input_file>
      <input_file id="fl-40">
         <path>C:\ti\ccstheia140\ccs\tools\compiler\ti-cgt-armllvm_3.2.2.LTS\lib\armv6m-ti-none-eabi\c\</path>
         <kind>archive</kind>
         <file>libc.a</file>
         <name>copy_decompress_lzss.c.obj</name>
      </input_file>
      <input_file id="fl-41">
         <path>C:\ti\ccstheia140\ccs\tools\compiler\ti-cgt-armllvm_3.2.2.LTS\lib\armv6m-ti-none-eabi\c\</path>
         <kind>archive</kind>
         <file>libc.a</file>
         <name>_printfi.c.obj</name>
      </input_file>
      <input_file id="fl-42">
         <path>C:\ti\ccstheia140\ccs\tools\compiler\ti-cgt-armllvm_3.2.2.LTS\lib\armv6m-ti-none-eabi\c\</path>
         <kind>archive</kind>
         <file>libc.a</file>
         <name>fflush.c.obj</name>
      </input_file>
      <input_file id="fl-43">
         <path>C:\ti\ccstheia140\ccs\tools\compiler\ti-cgt-armllvm_3.2.2.LTS\lib\armv6m-ti-none-eabi\c\</path>
         <kind>archive</kind>
         <file>libc.a</file>
         <name>fputs.c.obj</name>
      </input_file>
      <input_file id="fl-44">
         <path>C:\ti\ccstheia140\ccs\tools\compiler\ti-cgt-armllvm_3.2.2.LTS\lib\armv6m-ti-none-eabi\c\</path>
         <kind>archive</kind>
         <file>libc.a</file>
         <name>_io_perm.c.obj</name>
      </input_file>
      <input_file id="fl-45">
         <path>C:\ti\ccstheia140\ccs\tools\compiler\ti-cgt-armllvm_3.2.2.LTS\lib\armv6m-ti-none-eabi\c\</path>
         <kind>archive</kind>
         <file>libc.a</file>
         <name>setvbuf.c.obj</name>
      </input_file>
      <input_file id="fl-46">
         <path>C:\ti\ccstheia140\ccs\tools\compiler\ti-cgt-armllvm_3.2.2.LTS\lib\armv6m-ti-none-eabi\c\</path>
         <kind>archive</kind>
         <file>libc.a</file>
         <name>k_cos.c.obj</name>
      </input_file>
      <input_file id="fl-47">
         <path>C:\ti\ccstheia140\ccs\tools\compiler\ti-cgt-armllvm_3.2.2.LTS\lib\armv6m-ti-none-eabi\c\</path>
         <kind>archive</kind>
         <file>libc.a</file>
         <name>k_sin.c.obj</name>
      </input_file>
      <input_file id="fl-48">
         <path>C:\ti\ccstheia140\ccs\tools\compiler\ti-cgt-armllvm_3.2.2.LTS\lib\armv6m-ti-none-eabi\c\</path>
         <kind>archive</kind>
         <file>libc.a</file>
         <name>s_floor.c.obj</name>
      </input_file>
      <input_file id="fl-49">
         <path>C:\ti\ccstheia140\ccs\tools\compiler\ti-cgt-armllvm_3.2.2.LTS\lib\armv6m-ti-none-eabi\c\</path>
         <kind>archive</kind>
         <file>libc.a</file>
         <name>s_frexp.c.obj</name>
      </input_file>
      <input_file id="fl-4a">
         <path>C:\ti\ccstheia140\ccs\tools\compiler\ti-cgt-armllvm_3.2.2.LTS\lib\armv6m-ti-none-eabi\c\</path>
         <kind>archive</kind>
         <file>libc.a</file>
         <name>s_scalbn.c.obj</name>
      </input_file>
      <input_file id="fl-4b">
         <path>C:\ti\ccstheia140\ccs\tools\compiler\ti-cgt-armllvm_3.2.2.LTS\lib\armv6m-ti-none-eabi\c\</path>
         <kind>archive</kind>
         <file>libc.a</file>
         <name>exit.c.obj</name>
      </input_file>
      <input_file id="fl-4c">
         <path>C:\ti\ccstheia140\ccs\tools\compiler\ti-cgt-armllvm_3.2.2.LTS\lib\armv6m-ti-none-eabi\c\</path>
         <kind>archive</kind>
         <file>libc.a</file>
         <name>_lock.c.obj</name>
      </input_file>
      <input_file id="fl-4d">
         <path>C:\ti\ccstheia140\ccs\tools\compiler\ti-cgt-armllvm_3.2.2.LTS\lib\armv6m-ti-none-eabi\c\</path>
         <kind>archive</kind>
         <file>libc.a</file>
         <name>_ltoa.c.obj</name>
      </input_file>
      <input_file id="fl-4e">
         <path>C:\ti\ccstheia140\ccs\tools\compiler\ti-cgt-armllvm_3.2.2.LTS\lib\armv6m-ti-none-eabi\c\</path>
         <kind>archive</kind>
         <file>libc.a</file>
         <name>args_main.c.obj</name>
      </input_file>
      <input_file id="fl-4f">
         <path>C:\ti\ccstheia140\ccs\tools\compiler\ti-cgt-armllvm_3.2.2.LTS\lib\armv6m-ti-none-eabi\c\</path>
         <kind>archive</kind>
         <file>libc.a</file>
         <name>atoi.c.obj</name>
      </input_file>
      <input_file id="fl-50">
         <path>C:\ti\ccstheia140\ccs\tools\compiler\ti-cgt-armllvm_3.2.2.LTS\lib\armv6m-ti-none-eabi\c\</path>
         <kind>archive</kind>
         <file>libc.a</file>
         <name>memccpy.c.obj</name>
      </input_file>
      <input_file id="fl-51">
         <path>C:\ti\ccstheia140\ccs\tools\compiler\ti-cgt-armllvm_3.2.2.LTS\lib\armv6m-ti-none-eabi\c\</path>
         <kind>archive</kind>
         <file>libc.a</file>
         <name>wcslen.c.obj</name>
      </input_file>
      <input_file id="fl-52">
         <path>C:\ti\ccstheia140\ccs\tools\compiler\ti-cgt-armllvm_3.2.2.LTS\lib\armv6m-ti-none-eabi\c\</path>
         <kind>archive</kind>
         <file>libc.a</file>
         <name>fopen.c.obj</name>
      </input_file>
      <input_file id="fl-53">
         <path>C:\ti\ccstheia140\ccs\tools\compiler\ti-cgt-armllvm_3.2.2.LTS\lib\armv6m-ti-none-eabi\c\</path>
         <kind>archive</kind>
         <file>libc.a</file>
         <name>fseek.c.obj</name>
      </input_file>
      <input_file id="fl-54">
         <path>C:\ti\ccstheia140\ccs\tools\compiler\ti-cgt-armllvm_3.2.2.LTS\lib\armv6m-ti-none-eabi\c\</path>
         <kind>archive</kind>
         <file>libc.a</file>
         <name>aeabi_ctype.S.obj</name>
      </input_file>
      <input_file id="fl-55">
         <path>C:\ti\ccstheia140\ccs\tools\compiler\ti-cgt-armllvm_3.2.2.LTS\lib\armv6m-ti-none-eabi\c\</path>
         <kind>archive</kind>
         <file>libc.a</file>
         <name>fclose.c.obj</name>
      </input_file>
      <input_file id="fl-bb">
         <path>C:\ti\ccstheia140\ccs\tools\compiler\ti-cgt-armllvm_3.2.2.LTS\lib\armv6m-ti-none-eabi\c\</path>
         <kind>archive</kind>
         <file>libsysbm.a</file>
         <name>write.c.obj</name>
      </input_file>
      <input_file id="fl-bc">
         <path>C:\ti\ccstheia140\ccs\tools\compiler\ti-cgt-armllvm_3.2.2.LTS\lib\armv6m-ti-none-eabi\c\</path>
         <kind>archive</kind>
         <file>libsysbm.a</file>
         <name>host_device.c.obj</name>
      </input_file>
      <input_file id="fl-bd">
         <path>C:\ti\ccstheia140\ccs\tools\compiler\ti-cgt-armllvm_3.2.2.LTS\lib\armv6m-ti-none-eabi\c\</path>
         <kind>archive</kind>
         <file>libsysbm.a</file>
         <name>remove.c.obj</name>
      </input_file>
      <input_file id="fl-be">
         <path>C:\ti\ccstheia140\ccs\tools\compiler\ti-cgt-armllvm_3.2.2.LTS\lib\armv6m-ti-none-eabi\c\</path>
         <kind>archive</kind>
         <file>libsysbm.a</file>
         <name>open.c.obj</name>
      </input_file>
      <input_file id="fl-bf">
         <path>C:\ti\ccstheia140\ccs\tools\compiler\ti-cgt-armllvm_3.2.2.LTS\lib\armv6m-ti-none-eabi\c\</path>
         <kind>archive</kind>
         <file>libsysbm.a</file>
         <name>lseek.c.obj</name>
      </input_file>
      <input_file id="fl-c0">
         <path>C:\ti\ccstheia140\ccs\tools\compiler\ti-cgt-armllvm_3.2.2.LTS\lib\armv6m-ti-none-eabi\c\</path>
         <kind>archive</kind>
         <file>libsysbm.a</file>
         <name>close.c.obj</name>
      </input_file>
      <input_file id="fl-c1">
         <path>C:\ti\ccstheia140\ccs\tools\compiler\ti-cgt-armllvm_3.2.2.LTS\lib\armv6m-ti-none-eabi\c\</path>
         <kind>archive</kind>
         <file>libsysbm.a</file>
         <name>unlink.c.obj</name>
      </input_file>
      <input_file id="fl-c2">
         <path>C:\ti\ccstheia140\ccs\tools\compiler\ti-cgt-armllvm_3.2.2.LTS\lib\armv6m-ti-none-eabi\c\</path>
         <kind>archive</kind>
         <file>libsysbm.a</file>
         <name>hostclose.c.obj</name>
      </input_file>
      <input_file id="fl-c3">
         <path>C:\ti\ccstheia140\ccs\tools\compiler\ti-cgt-armllvm_3.2.2.LTS\lib\armv6m-ti-none-eabi\c\</path>
         <kind>archive</kind>
         <file>libsysbm.a</file>
         <name>hostlseek.c.obj</name>
      </input_file>
      <input_file id="fl-c4">
         <path>C:\ti\ccstheia140\ccs\tools\compiler\ti-cgt-armllvm_3.2.2.LTS\lib\armv6m-ti-none-eabi\c\</path>
         <kind>archive</kind>
         <file>libsysbm.a</file>
         <name>hostopen.c.obj</name>
      </input_file>
      <input_file id="fl-c5">
         <path>C:\ti\ccstheia140\ccs\tools\compiler\ti-cgt-armllvm_3.2.2.LTS\lib\armv6m-ti-none-eabi\c\</path>
         <kind>archive</kind>
         <file>libsysbm.a</file>
         <name>hostread.c.obj</name>
      </input_file>
      <input_file id="fl-c6">
         <path>C:\ti\ccstheia140\ccs\tools\compiler\ti-cgt-armllvm_3.2.2.LTS\lib\armv6m-ti-none-eabi\c\</path>
         <kind>archive</kind>
         <file>libsysbm.a</file>
         <name>hostrename.c.obj</name>
      </input_file>
      <input_file id="fl-c7">
         <path>C:\ti\ccstheia140\ccs\tools\compiler\ti-cgt-armllvm_3.2.2.LTS\lib\armv6m-ti-none-eabi\c\</path>
         <kind>archive</kind>
         <file>libsysbm.a</file>
         <name>hostunlink.c.obj</name>
      </input_file>
      <input_file id="fl-c8">
         <path>C:\ti\ccstheia140\ccs\tools\compiler\ti-cgt-armllvm_3.2.2.LTS\lib\armv6m-ti-none-eabi\c\</path>
         <kind>archive</kind>
         <file>libsysbm.a</file>
         <name>hostwrite.c.obj</name>
      </input_file>
      <input_file id="fl-c9">
         <path>C:\ti\ccstheia140\ccs\tools\compiler\ti-cgt-armllvm_3.2.2.LTS\lib\armv6m-ti-none-eabi\c\</path>
         <kind>archive</kind>
         <file>libsysbm.a</file>
         <name>trgmsg.c.obj</name>
      </input_file>
      <input_file id="fl-ca">
         <path>C:\ti\ccstheia140\ccs\tools\compiler\ti-cgt-armllvm_3.2.2.LTS\lib\clang\15.0.7\lib\armv6m-ti-none-eabi\</path>
         <kind>archive</kind>
         <file>libclang_rt.builtins.a</file>
         <name>addsf3.S.obj</name>
      </input_file>
      <input_file id="fl-cb">
         <path>C:\ti\ccstheia140\ccs\tools\compiler\ti-cgt-armllvm_3.2.2.LTS\lib\clang\15.0.7\lib\armv6m-ti-none-eabi\</path>
         <kind>archive</kind>
         <file>libclang_rt.builtins.a</file>
         <name>adddf3.S.obj</name>
      </input_file>
      <input_file id="fl-cc">
         <path>C:\ti\ccstheia140\ccs\tools\compiler\ti-cgt-armllvm_3.2.2.LTS\lib\clang\15.0.7\lib\armv6m-ti-none-eabi\</path>
         <kind>archive</kind>
         <file>libclang_rt.builtins.a</file>
         <name>muldf3.S.obj</name>
      </input_file>
      <input_file id="fl-cd">
         <path>C:\ti\ccstheia140\ccs\tools\compiler\ti-cgt-armllvm_3.2.2.LTS\lib\clang\15.0.7\lib\armv6m-ti-none-eabi\</path>
         <kind>archive</kind>
         <file>libclang_rt.builtins.a</file>
         <name>muldsi3.S.obj</name>
      </input_file>
      <input_file id="fl-ce">
         <path>C:\ti\ccstheia140\ccs\tools\compiler\ti-cgt-armllvm_3.2.2.LTS\lib\clang\15.0.7\lib\armv6m-ti-none-eabi\</path>
         <kind>archive</kind>
         <file>libclang_rt.builtins.a</file>
         <name>mulsf3.S.obj</name>
      </input_file>
      <input_file id="fl-cf">
         <path>C:\ti\ccstheia140\ccs\tools\compiler\ti-cgt-armllvm_3.2.2.LTS\lib\clang\15.0.7\lib\armv6m-ti-none-eabi\</path>
         <kind>archive</kind>
         <file>libclang_rt.builtins.a</file>
         <name>divsf3.S.obj</name>
      </input_file>
      <input_file id="fl-d0">
         <path>C:\ti\ccstheia140\ccs\tools\compiler\ti-cgt-armllvm_3.2.2.LTS\lib\clang\15.0.7\lib\armv6m-ti-none-eabi\</path>
         <kind>archive</kind>
         <file>libclang_rt.builtins.a</file>
         <name>divdf3.S.obj</name>
      </input_file>
      <input_file id="fl-d1">
         <path>C:\ti\ccstheia140\ccs\tools\compiler\ti-cgt-armllvm_3.2.2.LTS\lib\clang\15.0.7\lib\armv6m-ti-none-eabi\</path>
         <kind>archive</kind>
         <file>libclang_rt.builtins.a</file>
         <name>extendsfdf2.S.obj</name>
      </input_file>
      <input_file id="fl-d2">
         <path>C:\ti\ccstheia140\ccs\tools\compiler\ti-cgt-armllvm_3.2.2.LTS\lib\clang\15.0.7\lib\armv6m-ti-none-eabi\</path>
         <kind>archive</kind>
         <file>libclang_rt.builtins.a</file>
         <name>fixdfsi.S.obj</name>
      </input_file>
      <input_file id="fl-d3">
         <path>C:\ti\ccstheia140\ccs\tools\compiler\ti-cgt-armllvm_3.2.2.LTS\lib\clang\15.0.7\lib\armv6m-ti-none-eabi\</path>
         <kind>archive</kind>
         <file>libclang_rt.builtins.a</file>
         <name>floatsidf.S.obj</name>
      </input_file>
      <input_file id="fl-d4">
         <path>C:\ti\ccstheia140\ccs\tools\compiler\ti-cgt-armllvm_3.2.2.LTS\lib\clang\15.0.7\lib\armv6m-ti-none-eabi\</path>
         <kind>archive</kind>
         <file>libclang_rt.builtins.a</file>
         <name>floatsisf.S.obj</name>
      </input_file>
      <input_file id="fl-d5">
         <path>C:\ti\ccstheia140\ccs\tools\compiler\ti-cgt-armllvm_3.2.2.LTS\lib\clang\15.0.7\lib\armv6m-ti-none-eabi\</path>
         <kind>archive</kind>
         <file>libclang_rt.builtins.a</file>
         <name>floatunsisf.S.obj</name>
      </input_file>
      <input_file id="fl-d6">
         <path>C:\ti\ccstheia140\ccs\tools\compiler\ti-cgt-armllvm_3.2.2.LTS\lib\clang\15.0.7\lib\armv6m-ti-none-eabi\</path>
         <kind>archive</kind>
         <file>libclang_rt.builtins.a</file>
         <name>muldi3.S.obj</name>
      </input_file>
      <input_file id="fl-d7">
         <path>C:\ti\ccstheia140\ccs\tools\compiler\ti-cgt-armllvm_3.2.2.LTS\lib\clang\15.0.7\lib\armv6m-ti-none-eabi\</path>
         <kind>archive</kind>
         <file>libclang_rt.builtins.a</file>
         <name>truncdfsf2.S.obj</name>
      </input_file>
      <input_file id="fl-d8">
         <path>C:\ti\ccstheia140\ccs\tools\compiler\ti-cgt-armllvm_3.2.2.LTS\lib\clang\15.0.7\lib\armv6m-ti-none-eabi\</path>
         <kind>archive</kind>
         <file>libclang_rt.builtins.a</file>
         <name>aeabi_dcmp.S.obj</name>
      </input_file>
      <input_file id="fl-d9">
         <path>C:\ti\ccstheia140\ccs\tools\compiler\ti-cgt-armllvm_3.2.2.LTS\lib\clang\15.0.7\lib\armv6m-ti-none-eabi\</path>
         <kind>archive</kind>
         <file>libclang_rt.builtins.a</file>
         <name>aeabi_fcmp.S.obj</name>
      </input_file>
      <input_file id="fl-da">
         <path>C:\ti\ccstheia140\ccs\tools\compiler\ti-cgt-armllvm_3.2.2.LTS\lib\clang\15.0.7\lib\armv6m-ti-none-eabi\</path>
         <kind>archive</kind>
         <file>libclang_rt.builtins.a</file>
         <name>aeabi_idivmod.S.obj</name>
      </input_file>
      <input_file id="fl-db">
         <path>C:\ti\ccstheia140\ccs\tools\compiler\ti-cgt-armllvm_3.2.2.LTS\lib\clang\15.0.7\lib\armv6m-ti-none-eabi\</path>
         <kind>archive</kind>
         <file>libclang_rt.builtins.a</file>
         <name>aeabi_memcpy.S.obj</name>
      </input_file>
      <input_file id="fl-dc">
         <path>C:\ti\ccstheia140\ccs\tools\compiler\ti-cgt-armllvm_3.2.2.LTS\lib\clang\15.0.7\lib\armv6m-ti-none-eabi\</path>
         <kind>archive</kind>
         <file>libclang_rt.builtins.a</file>
         <name>aeabi_memset.S.obj</name>
      </input_file>
      <input_file id="fl-dd">
         <path>C:\ti\ccstheia140\ccs\tools\compiler\ti-cgt-armllvm_3.2.2.LTS\lib\clang\15.0.7\lib\armv6m-ti-none-eabi\</path>
         <kind>archive</kind>
         <file>libclang_rt.builtins.a</file>
         <name>aeabi_uidivmod.S.obj</name>
      </input_file>
      <input_file id="fl-de">
         <path>C:\ti\ccstheia140\ccs\tools\compiler\ti-cgt-armllvm_3.2.2.LTS\lib\clang\15.0.7\lib\armv6m-ti-none-eabi\</path>
         <kind>archive</kind>
         <file>libclang_rt.builtins.a</file>
         <name>aeabi_uldivmod.S.obj</name>
      </input_file>
      <input_file id="fl-df">
         <path>C:\ti\ccstheia140\ccs\tools\compiler\ti-cgt-armllvm_3.2.2.LTS\lib\clang\15.0.7\lib\armv6m-ti-none-eabi\</path>
         <kind>archive</kind>
         <file>libclang_rt.builtins.a</file>
         <name>comparesf2.S.obj</name>
      </input_file>
      <input_file id="fl-e0">
         <path>C:\ti\ccstheia140\ccs\tools\compiler\ti-cgt-armllvm_3.2.2.LTS\lib\clang\15.0.7\lib\armv6m-ti-none-eabi\</path>
         <kind>archive</kind>
         <file>libclang_rt.builtins.a</file>
         <name>udivmoddi4.S.obj</name>
      </input_file>
      <input_file id="fl-e1">
         <path>C:\ti\ccstheia140\ccs\tools\compiler\ti-cgt-armllvm_3.2.2.LTS\lib\clang\15.0.7\lib\armv6m-ti-none-eabi\</path>
         <kind>archive</kind>
         <file>libclang_rt.builtins.a</file>
         <name>ashldi3.S.obj</name>
      </input_file>
      <input_file id="fl-e2">
         <path>C:\ti\ccstheia140\ccs\tools\compiler\ti-cgt-armllvm_3.2.2.LTS\lib\clang\15.0.7\lib\armv6m-ti-none-eabi\</path>
         <kind>archive</kind>
         <file>libclang_rt.builtins.a</file>
         <name>comparedf2.c.obj</name>
      </input_file>
      <input_file id="fl-e3">
         <path>C:\ti\ccstheia140\ccs\tools\compiler\ti-cgt-armllvm_3.2.2.LTS\lib\clang\15.0.7\lib\armv6m-ti-none-eabi\</path>
         <kind>archive</kind>
         <file>libclang_rt.builtins.a</file>
         <name>aeabi_div0.c.obj</name>
      </input_file>
      <input_file id="fl-e4">
         <path>C:\ti\ccstheia140\ccs\tools\compiler\ti-cgt-armllvm_3.2.2.LTS\lib\armv6m-ti-none-eabi\c\</path>
         <kind>archive</kind>
         <file>libc.a</file>
         <name>getdevice.c.obj</name>
      </input_file>
      <input_file id="fl-e5">
         <path>C:\ti\ccstheia140\ccs\tools\compiler\ti-cgt-armllvm_3.2.2.LTS\lib\armv6m-ti-none-eabi\c\</path>
         <kind>archive</kind>
         <file>libc.a</file>
         <name>memcpy16.S.obj</name>
      </input_file>
      <input_file id="fl-e6">
         <path>C:\ti\ccstheia140\ccs\tools\compiler\ti-cgt-armllvm_3.2.2.LTS\lib\armv6m-ti-none-eabi\c\</path>
         <kind>archive</kind>
         <file>libc.a</file>
         <name>memset16.S.obj</name>
      </input_file>
   </input_file_list>
   <object_component_list>
      <object_component id="oc-18">
         <name>.intvecs</name>
         <load_address>0x0</load_address>
         <readonly>true</readonly>
         <run_address>0x0</run_address>
         <size>0xc0</size>
         <alignment>0x4</alignment>
         <input_file_ref idref="fl-3"/>
      </object_component>
      <object_component id="oc-28f">
         <name>.text:__TI_printfi</name>
         <load_address>0xc0</load_address>
         <readonly>true</readonly>
         <executable>true</executable>
         <run_address>0xc0</run_address>
         <size>0xa00</size>
         <alignment>0x4</alignment>
         <input_file_ref idref="fl-41"/>
      </object_component>
      <object_component id="oc-e6">
         <name>.text.arm_radix8_butterfly_f32</name>
         <load_address>0xac0</load_address>
         <readonly>true</readonly>
         <executable>true</executable>
         <run_address>0xac0</run_address>
         <size>0x8fc</size>
         <alignment>0x4</alignment>
         <input_file_ref idref="fl-18"/>
      </object_component>
      <object_component id="oc-e4">
         <name>.text.arm_cfft_radix8by4_f32</name>
         <load_address>0x13bc</load_address>
         <readonly>true</readonly>
         <executable>true</executable>
         <run_address>0x13bc</run_address>
         <size>0x774</size>
         <alignment>0x2</alignment>
         <input_file_ref idref="fl-17"/>
      </object_component>
      <object_component id="oc-139">
         <name>.text.__kernel_rem_pio2</name>
         <load_address>0x1b30</load_address>
         <readonly>true</readonly>
         <executable>true</executable>
         <run_address>0x1b30</run_address>
         <size>0x658</size>
         <alignment>0x4</alignment>
         <input_file_ref idref="fl-35"/>
      </object_component>
      <object_component id="oc-92">
         <name>.text.cos</name>
         <load_address>0x2188</load_address>
         <readonly>true</readonly>
         <executable>true</executable>
         <run_address>0x2188</run_address>
         <size>0x440</size>
         <alignment>0x4</alignment>
         <input_file_ref idref="fl-33"/>
      </object_component>
      <object_component id="oc-10a">
         <name>.text.atan</name>
         <load_address>0x25c8</load_address>
         <readonly>true</readonly>
         <executable>true</executable>
         <run_address>0x25c8</run_address>
         <size>0x2f8</size>
         <alignment>0x4</alignment>
         <input_file_ref idref="fl-32"/>
      </object_component>
      <object_component id="oc-e5">
         <name>.text.arm_cfft_radix8by2_f32</name>
         <load_address>0x28c0</load_address>
         <readonly>true</readonly>
         <executable>true</executable>
         <run_address>0x28c0</run_address>
         <size>0x2b0</size>
         <alignment>0x2</alignment>
         <input_file_ref idref="fl-17"/>
      </object_component>
      <object_component id="oc-2ad">
         <name>.text._pconv_a</name>
         <load_address>0x2b70</load_address>
         <readonly>true</readonly>
         <executable>true</executable>
         <run_address>0x2b70</run_address>
         <size>0x220</size>
         <alignment>0x4</alignment>
         <input_file_ref idref="fl-41"/>
      </object_component>
      <object_component id="oc-169">
         <name>.text.ShowData</name>
         <load_address>0x2d90</load_address>
         <readonly>true</readonly>
         <executable>true</executable>
         <run_address>0x2d90</run_address>
         <size>0x1ec</size>
         <alignment>0x4</alignment>
         <input_file_ref idref="fl-1"/>
      </object_component>
      <object_component id="oc-2b0">
         <name>.text._pconv_g</name>
         <load_address>0x2f7c</load_address>
         <readonly>true</readonly>
         <executable>true</executable>
         <run_address>0x2f7c</run_address>
         <size>0x1dc</size>
         <alignment>0x4</alignment>
         <input_file_ref idref="fl-41"/>
      </object_component>
      <object_component id="oc-64">
         <name>.text.arm_cfft_f32</name>
         <load_address>0x3158</load_address>
         <readonly>true</readonly>
         <executable>true</executable>
         <run_address>0x3158</run_address>
         <size>0x1c8</size>
         <alignment>0x4</alignment>
         <input_file_ref idref="fl-17"/>
      </object_component>
      <object_component id="oc-39">
         <name>.text.ADC1_IRQHandler</name>
         <load_address>0x3320</load_address>
         <readonly>true</readonly>
         <executable>true</executable>
         <run_address>0x3320</run_address>
         <size>0x1b4</size>
         <alignment>0x4</alignment>
         <input_file_ref idref="fl-1"/>
      </object_component>
      <object_component id="oc-6a">
         <name>.text.arm_cmplx_mag_f32</name>
         <load_address>0x34d4</load_address>
         <readonly>true</readonly>
         <executable>true</executable>
         <run_address>0x34d4</run_address>
         <size>0x1a0</size>
         <alignment>0x4</alignment>
         <input_file_ref idref="fl-15"/>
      </object_component>
      <object_component id="oc-77">
         <name>.text.atan2</name>
         <load_address>0x3674</load_address>
         <readonly>true</readonly>
         <executable>true</executable>
         <run_address>0x3674</run_address>
         <size>0x198</size>
         <alignment>0x4</alignment>
         <input_file_ref idref="fl-30"/>
      </object_component>
      <object_component id="oc-9c">
         <name>.text.adddf3_subdf3</name>
         <load_address>0x380c</load_address>
         <readonly>true</readonly>
         <executable>true</executable>
         <run_address>0x380c</run_address>
         <size>0x192</size>
         <alignment>0x4</alignment>
         <input_file_ref idref="fl-cb"/>
      </object_component>
      <object_component id="oc-184">
         <name>.text.__aeabi_idiv0</name>
         <load_address>0x399e</load_address>
         <readonly>true</readonly>
         <executable>true</executable>
         <run_address>0x399e</run_address>
         <size>0x2</size>
         <alignment>0x2</alignment>
         <input_file_ref idref="fl-e3"/>
      </object_component>
      <object_component id="oc-114">
         <name>.text.sqrt</name>
         <load_address>0x39a0</load_address>
         <readonly>true</readonly>
         <executable>true</executable>
         <run_address>0x39a0</run_address>
         <size>0x184</size>
         <alignment>0x4</alignment>
         <input_file_ref idref="fl-31"/>
      </object_component>
      <object_component id="oc-1c7">
         <name>.text.__kernel_sin</name>
         <load_address>0x3b24</load_address>
         <readonly>true</readonly>
         <executable>true</executable>
         <run_address>0x3b24</run_address>
         <size>0x168</size>
         <alignment>0x4</alignment>
         <input_file_ref idref="fl-47"/>
      </object_component>
      <object_component id="oc-125">
         <name>.text.__kernel_cos</name>
         <load_address>0x3c8c</load_address>
         <readonly>true</readonly>
         <executable>true</executable>
         <run_address>0x3c8c</run_address>
         <size>0x150</size>
         <alignment>0x4</alignment>
         <input_file_ref idref="fl-46"/>
      </object_component>
      <object_component id="oc-1bb">
         <name>.text.floor</name>
         <load_address>0x3ddc</load_address>
         <readonly>true</readonly>
         <executable>true</executable>
         <run_address>0x3ddc</run_address>
         <size>0x144</size>
         <alignment>0x4</alignment>
         <input_file_ref idref="fl-48"/>
      </object_component>
      <object_component id="oc-167">
         <name>.text.ShowMain</name>
         <load_address>0x3f20</load_address>
         <readonly>true</readonly>
         <executable>true</executable>
         <run_address>0x3f20</run_address>
         <size>0x140</size>
         <alignment>0x4</alignment>
         <input_file_ref idref="fl-1"/>
      </object_component>
      <object_component id="oc-2cf">
         <name>.text.fcvt</name>
         <load_address>0x4060</load_address>
         <readonly>true</readonly>
         <executable>true</executable>
         <run_address>0x4060</run_address>
         <size>0x13c</size>
         <alignment>0x4</alignment>
         <input_file_ref idref="fl-41"/>
      </object_component>
      <object_component id="oc-ea">
         <name>.text.arm_bitreversal_32</name>
         <load_address>0x419c</load_address>
         <readonly>true</readonly>
         <executable>true</executable>
         <run_address>0x419c</run_address>
         <size>0x134</size>
         <alignment>0x2</alignment>
         <input_file_ref idref="fl-1a"/>
      </object_component>
      <object_component id="oc-3a">
         <name>.text.I2C0_IRQHandler</name>
         <load_address>0x42d0</load_address>
         <readonly>true</readonly>
         <executable>true</executable>
         <run_address>0x42d0</run_address>
         <size>0x12c</size>
         <alignment>0x4</alignment>
         <input_file_ref idref="fl-5"/>
      </object_component>
      <object_component id="oc-2ae">
         <name>.text._pconv_e</name>
         <load_address>0x43fc</load_address>
         <readonly>true</readonly>
         <executable>true</executable>
         <run_address>0x43fc</run_address>
         <size>0x120</size>
         <alignment>0x4</alignment>
         <input_file_ref idref="fl-41"/>
      </object_component>
      <object_component id="oc-267">
         <name>.text.OLED_ShowChar</name>
         <load_address>0x451c</load_address>
         <readonly>true</readonly>
         <executable>true</executable>
         <run_address>0x451c</run_address>
         <size>0x118</size>
         <alignment>0x4</alignment>
         <input_file_ref idref="fl-5"/>
      </object_component>
      <object_component id="oc-102">
         <name>.text.__divdf3</name>
         <load_address>0x4634</load_address>
         <readonly>true</readonly>
         <executable>true</executable>
         <run_address>0x4634</run_address>
         <size>0x10c</size>
         <alignment>0x4</alignment>
         <input_file_ref idref="fl-d0"/>
      </object_component>
      <object_component id="oc-34">
         <name>.text.ADC0_IRQHandler</name>
         <load_address>0x4740</load_address>
         <readonly>true</readonly>
         <executable>true</executable>
         <run_address>0x4740</run_address>
         <size>0x100</size>
         <alignment>0x4</alignment>
         <input_file_ref idref="fl-1"/>
      </object_component>
      <object_component id="oc-166">
         <name>.text.OLED_Init</name>
         <load_address>0x4840</load_address>
         <readonly>true</readonly>
         <executable>true</executable>
         <run_address>0x4840</run_address>
         <size>0x100</size>
         <alignment>0x2</alignment>
         <input_file_ref idref="fl-5"/>
      </object_component>
      <object_component id="oc-23e">
         <name>.text.DL_Timer_initTimerMode</name>
         <load_address>0x4940</load_address>
         <readonly>true</readonly>
         <executable>true</executable>
         <run_address>0x4940</run_address>
         <size>0xe8</size>
         <alignment>0x4</alignment>
         <input_file_ref idref="fl-1f"/>
      </object_component>
      <object_component id="oc-80">
         <name>.text.Measure_THD</name>
         <load_address>0x4a28</load_address>
         <readonly>true</readonly>
         <executable>true</executable>
         <run_address>0x4a28</run_address>
         <size>0xe4</size>
         <alignment>0x4</alignment>
         <input_file_ref idref="fl-1"/>
      </object_component>
      <object_component id="oc-98">
         <name>.text.__muldf3</name>
         <load_address>0x4b0c</load_address>
         <readonly>true</readonly>
         <executable>true</executable>
         <run_address>0x4b0c</run_address>
         <size>0xe4</size>
         <alignment>0x4</alignment>
         <input_file_ref idref="fl-cc"/>
      </object_component>
      <object_component id="oc-1e3">
         <name>.text.OLED_WR_Byte</name>
         <load_address>0x4bf0</load_address>
         <readonly>true</readonly>
         <executable>true</executable>
         <run_address>0x4bf0</run_address>
         <size>0xdc</size>
         <alignment>0x4</alignment>
         <input_file_ref idref="fl-5"/>
      </object_component>
      <object_component id="oc-1b7">
         <name>.text.scalbn</name>
         <load_address>0x4ccc</load_address>
         <readonly>true</readonly>
         <executable>true</executable>
         <run_address>0x4ccc</run_address>
         <size>0xd8</size>
         <alignment>0x4</alignment>
         <input_file_ref idref="fl-4a"/>
      </object_component>
      <object_component id="oc-8e">
         <name>.text</name>
         <load_address>0x4da4</load_address>
         <readonly>true</readonly>
         <executable>true</executable>
         <run_address>0x4da4</run_address>
         <size>0xd8</size>
         <alignment>0x4</alignment>
         <input_file_ref idref="fl-ca"/>
      </object_component>
      <object_component id="oc-7f">
         <name>.text.Gather_Energy</name>
         <load_address>0x4e7c</load_address>
         <readonly>true</readonly>
         <executable>true</executable>
         <run_address>0x4e7c</run_address>
         <size>0xcc</size>
         <alignment>0x2</alignment>
         <input_file_ref idref="fl-1"/>
      </object_component>
      <object_component id="oc-81">
         <name>.text.Get_Rms</name>
         <load_address>0x4f48</load_address>
         <readonly>true</readonly>
         <executable>true</executable>
         <run_address>0x4f48</run_address>
         <size>0xbc</size>
         <alignment>0x4</alignment>
         <input_file_ref idref="fl-1"/>
      </object_component>
      <object_component id="oc-d1">
         <name>.text.main</name>
         <load_address>0x5004</load_address>
         <readonly>true</readonly>
         <executable>true</executable>
         <run_address>0x5004</run_address>
         <size>0xbc</size>
         <alignment>0x4</alignment>
         <input_file_ref idref="fl-1"/>
      </object_component>
      <object_component id="oc-f6">
         <name>.text.sqrtf</name>
         <load_address>0x50c0</load_address>
         <readonly>true</readonly>
         <executable>true</executable>
         <run_address>0x50c0</run_address>
         <size>0xa8</size>
         <alignment>0x4</alignment>
         <input_file_ref idref="fl-2f"/>
      </object_component>
      <object_component id="oc-2bc">
         <name>.text</name>
         <load_address>0x5168</load_address>
         <readonly>true</readonly>
         <executable>true</executable>
         <run_address>0x5168</run_address>
         <size>0xa2</size>
         <alignment>0x4</alignment>
         <input_file_ref idref="fl-e0"/>
      </object_component>
      <object_component id="oc-2d0">
         <name>.text.__aeabi_ldiv0</name>
         <load_address>0x520a</load_address>
         <readonly>true</readonly>
         <executable>true</executable>
         <run_address>0x520a</run_address>
         <size>0x2</size>
         <alignment>0x2</alignment>
         <input_file_ref idref="fl-e3"/>
      </object_component>
      <object_component id="oc-1db">
         <name>.text.SYSCFG_DL_ADC12_0_init</name>
         <load_address>0x520c</load_address>
         <readonly>true</readonly>
         <executable>true</executable>
         <run_address>0x520c</run_address>
         <size>0x9c</size>
         <alignment>0x4</alignment>
         <input_file_ref idref="fl-2"/>
      </object_component>
      <object_component id="oc-1dc">
         <name>.text.SYSCFG_DL_ADC12_1_init</name>
         <load_address>0x52a8</load_address>
         <readonly>true</readonly>
         <executable>true</executable>
         <run_address>0x52a8</run_address>
         <size>0x98</size>
         <alignment>0x4</alignment>
         <input_file_ref idref="fl-2"/>
      </object_component>
      <object_component id="oc-a4">
         <name>.text.__mulsf3</name>
         <load_address>0x5340</load_address>
         <readonly>true</readonly>
         <executable>true</executable>
         <run_address>0x5340</run_address>
         <size>0x8c</size>
         <alignment>0x4</alignment>
         <input_file_ref idref="fl-ce"/>
      </object_component>
      <object_component id="oc-25f">
         <name>.text.__NVIC_SetPriority</name>
         <load_address>0x53cc</load_address>
         <readonly>true</readonly>
         <executable>true</executable>
         <run_address>0x53cc</run_address>
         <size>0x84</size>
         <alignment>0x4</alignment>
         <input_file_ref idref="fl-2"/>
      </object_component>
      <object_component id="oc-f0">
         <name>.text.__divsf3</name>
         <load_address>0x5450</load_address>
         <readonly>true</readonly>
         <executable>true</executable>
         <run_address>0x5450</run_address>
         <size>0x82</size>
         <alignment>0x4</alignment>
         <input_file_ref idref="fl-cf"/>
      </object_component>
      <object_component id="oc-6e">
         <name>.text.MeasureAmplitude</name>
         <load_address>0x54d4</load_address>
         <readonly>true</readonly>
         <executable>true</executable>
         <run_address>0x54d4</run_address>
         <size>0x80</size>
         <alignment>0x4</alignment>
         <input_file_ref idref="fl-1"/>
      </object_component>
      <object_component id="oc-1d6">
         <name>.text.SYSCFG_DL_initPower</name>
         <load_address>0x5554</load_address>
         <readonly>true</readonly>
         <executable>true</executable>
         <run_address>0x5554</run_address>
         <size>0x78</size>
         <alignment>0x4</alignment>
         <input_file_ref idref="fl-2"/>
      </object_component>
      <object_component id="oc-1c">
         <name>.text:decompress:lzss</name>
         <load_address>0x55cc</load_address>
         <readonly>true</readonly>
         <executable>true</executable>
         <run_address>0x55cc</run_address>
         <size>0x78</size>
         <alignment>0x4</alignment>
         <input_file_ref idref="fl-40"/>
      </object_component>
      <object_component id="oc-1dd">
         <name>.text.SYSCFG_DL_DMA_init</name>
         <load_address>0x5644</load_address>
         <readonly>true</readonly>
         <executable>true</executable>
         <run_address>0x5644</run_address>
         <size>0xc</size>
         <alignment>0x2</alignment>
         <input_file_ref idref="fl-2"/>
      </object_component>
      <object_component id="oc-7b">
         <name>.text.__truncdfsf2</name>
         <load_address>0x5650</load_address>
         <readonly>true</readonly>
         <executable>true</executable>
         <run_address>0x5650</run_address>
         <size>0x74</size>
         <alignment>0x10</alignment>
         <input_file_ref idref="fl-d7"/>
      </object_component>
      <object_component id="oc-1e5">
         <name>.text.OLED_ShowString</name>
         <load_address>0x56c4</load_address>
         <readonly>true</readonly>
         <executable>true</executable>
         <run_address>0x56c4</run_address>
         <size>0x70</size>
         <alignment>0x2</alignment>
         <input_file_ref idref="fl-5"/>
      </object_component>
      <object_component id="oc-1b1">
         <name>.text.__gedf2</name>
         <load_address>0x5734</load_address>
         <readonly>true</readonly>
         <executable>true</executable>
         <run_address>0x5734</run_address>
         <size>0x70</size>
         <alignment>0x4</alignment>
         <input_file_ref idref="fl-e2"/>
      </object_component>
      <object_component id="oc-1ab">
         <name>.text.__ledf2</name>
         <load_address>0x57a4</load_address>
         <readonly>true</readonly>
         <executable>true</executable>
         <run_address>0x57a4</run_address>
         <size>0x6c</size>
         <alignment>0x4</alignment>
         <input_file_ref idref="fl-e2"/>
      </object_component>
      <object_component id="oc-1e4">
         <name>.text.OLED_Clear</name>
         <load_address>0x5810</load_address>
         <readonly>true</readonly>
         <executable>true</executable>
         <run_address>0x5810</run_address>
         <size>0x6a</size>
         <alignment>0x2</alignment>
         <input_file_ref idref="fl-5"/>
      </object_component>
      <object_component id="oc-2cd">
         <name>.text._mcpy</name>
         <load_address>0x587a</load_address>
         <readonly>true</readonly>
         <executable>true</executable>
         <run_address>0x587a</run_address>
         <size>0x66</size>
         <alignment>0x2</alignment>
         <input_file_ref idref="fl-41"/>
      </object_component>
      <object_component id="oc-1da">
         <name>.text.SYSCFG_DL_I2C_OLED_init</name>
         <load_address>0x58e0</load_address>
         <readonly>true</readonly>
         <executable>true</executable>
         <run_address>0x58e0</run_address>
         <size>0x64</size>
         <alignment>0x4</alignment>
         <input_file_ref idref="fl-2"/>
      </object_component>
      <object_component id="oc-135">
         <name>.text.__aeabi_dcmp</name>
         <load_address>0x5944</load_address>
         <readonly>true</readonly>
         <executable>true</executable>
         <run_address>0x5944</run_address>
         <size>0x62</size>
         <alignment>0x4</alignment>
         <input_file_ref idref="fl-d8"/>
      </object_component>
      <object_component id="oc-a0">
         <name>.text.__aeabi_fcmp</name>
         <load_address>0x59a8</load_address>
         <readonly>true</readonly>
         <executable>true</executable>
         <run_address>0x59a8</run_address>
         <size>0x62</size>
         <alignment>0x4</alignment>
         <input_file_ref idref="fl-d9"/>
      </object_component>
      <object_component id="oc-6f">
         <name>.text.arm_max_f32</name>
         <load_address>0x5a0a</load_address>
         <readonly>true</readonly>
         <executable>true</executable>
         <run_address>0x5a0a</run_address>
         <size>0x60</size>
         <alignment>0x2</alignment>
         <input_file_ref idref="fl-16"/>
      </object_component>
      <object_component id="oc-b5">
         <name>.text.DL_I2C_fillControllerTXFIFO</name>
         <load_address>0x5a6a</load_address>
         <readonly>true</readonly>
         <executable>true</executable>
         <run_address>0x5a6a</run_address>
         <size>0x5e</size>
         <alignment>0x2</alignment>
         <input_file_ref idref="fl-1e"/>
      </object_component>
      <object_component id="oc-2c1">
         <name>.text.frexp</name>
         <load_address>0x5ac8</load_address>
         <readonly>true</readonly>
         <executable>true</executable>
         <run_address>0x5ac8</run_address>
         <size>0x5c</size>
         <alignment>0x4</alignment>
         <input_file_ref idref="fl-49"/>
      </object_component>
      <object_component id="oc-1d9">
         <name>.text.SYSCFG_DL_TIMER_0_init</name>
         <load_address>0x5b24</load_address>
         <readonly>true</readonly>
         <executable>true</executable>
         <run_address>0x5b24</run_address>
         <size>0x58</size>
         <alignment>0x4</alignment>
         <input_file_ref idref="fl-2"/>
      </object_component>
      <object_component id="oc-2c5">
         <name>.text.__TI_ltoa</name>
         <load_address>0x5b7c</load_address>
         <readonly>true</readonly>
         <executable>true</executable>
         <run_address>0x5b7c</run_address>
         <size>0x58</size>
         <alignment>0x2</alignment>
         <input_file_ref idref="fl-4d"/>
      </object_component>
      <object_component id="oc-2af">
         <name>.text._pconv_f</name>
         <load_address>0x5bd4</load_address>
         <readonly>true</readonly>
         <executable>true</executable>
         <run_address>0x5bd4</run_address>
         <size>0x58</size>
         <alignment>0x2</alignment>
         <input_file_ref idref="fl-41"/>
      </object_component>
      <object_component id="oc-1b3">
         <name>.text.__aeabi_idivmod</name>
         <load_address>0x5c2c</load_address>
         <readonly>true</readonly>
         <executable>true</executable>
         <run_address>0x5c2c</run_address>
         <size>0x56</size>
         <alignment>0x4</alignment>
         <input_file_ref idref="fl-da"/>
      </object_component>
      <object_component id="oc-2cb">
         <name>.text._ecpy</name>
         <load_address>0x5c82</load_address>
         <readonly>true</readonly>
         <executable>true</executable>
         <run_address>0x5c82</run_address>
         <size>0x52</size>
         <alignment>0x2</alignment>
         <input_file_ref idref="fl-41"/>
      </object_component>
      <object_component id="oc-266">
         <name>.text.DL_I2C_startControllerTransfer</name>
         <load_address>0x5cd4</load_address>
         <readonly>true</readonly>
         <executable>true</executable>
         <run_address>0x5cd4</run_address>
         <size>0x50</size>
         <alignment>0x4</alignment>
         <input_file_ref idref="fl-5"/>
      </object_component>
      <object_component id="oc-255">
         <name>.text.DL_ADC12_initSingleSample</name>
         <load_address>0x5d24</load_address>
         <readonly>true</readonly>
         <executable>true</executable>
         <run_address>0x5d24</run_address>
         <size>0x4c</size>
         <alignment>0x4</alignment>
         <input_file_ref idref="fl-2"/>
      </object_component>
      <object_component id="oc-27e">
         <name>.text.DL_DMA_initChannel</name>
         <load_address>0x5d70</load_address>
         <readonly>true</readonly>
         <executable>true</executable>
         <run_address>0x5d70</run_address>
         <size>0x4c</size>
         <alignment>0x4</alignment>
         <input_file_ref idref="fl-1d"/>
      </object_component>
      <object_component id="oc-63">
         <name>.text.CreateFFTData</name>
         <load_address>0x5dbc</load_address>
         <readonly>true</readonly>
         <executable>true</executable>
         <run_address>0x5dbc</run_address>
         <size>0x4a</size>
         <alignment>0x2</alignment>
         <input_file_ref idref="fl-1"/>
      </object_component>
      <object_component id="oc-256">
         <name>.text.DL_ADC12_configConversionMem</name>
         <load_address>0x5e06</load_address>
         <readonly>true</readonly>
         <executable>true</executable>
         <run_address>0x5e06</run_address>
         <size>0x4a</size>
         <alignment>0x2</alignment>
         <input_file_ref idref="fl-2"/>
      </object_component>
      <object_component id="oc-121">
         <name>.text.__fixdfsi</name>
         <load_address>0x5e50</load_address>
         <readonly>true</readonly>
         <executable>true</executable>
         <run_address>0x5e50</run_address>
         <size>0x4a</size>
         <alignment>0x4</alignment>
         <input_file_ref idref="fl-d2"/>
      </object_component>
      <object_component id="oc-24f">
         <name>.text.DL_ADC12_setClockConfig</name>
         <load_address>0x5e9c</load_address>
         <readonly>true</readonly>
         <executable>true</executable>
         <run_address>0x5e9c</run_address>
         <size>0x40</size>
         <alignment>0x4</alignment>
         <input_file_ref idref="fl-1b"/>
      </object_component>
      <object_component id="oc-e0">
         <name>.text.__aeabi_uidivmod</name>
         <load_address>0x5edc</load_address>
         <readonly>true</readonly>
         <executable>true</executable>
         <run_address>0x5edc</run_address>
         <size>0x40</size>
         <alignment>0x4</alignment>
         <input_file_ref idref="fl-dd"/>
      </object_component>
      <object_component id="oc-73">
         <name>.text.__extendsfdf2</name>
         <load_address>0x5f1c</load_address>
         <readonly>true</readonly>
         <executable>true</executable>
         <run_address>0x5f1c</run_address>
         <size>0x40</size>
         <alignment>0x4</alignment>
         <input_file_ref idref="fl-d1"/>
      </object_component>
      <object_component id="oc-29c">
         <name>.text.atoi</name>
         <load_address>0x5f5c</load_address>
         <readonly>true</readonly>
         <executable>true</executable>
         <run_address>0x5f5c</run_address>
         <size>0x40</size>
         <alignment>0x4</alignment>
         <input_file_ref idref="fl-4f"/>
      </object_component>
      <object_component id="oc-230">
         <name>.text.DL_GPIO_initPeripheralInputFunctionFeatures</name>
         <load_address>0x5f9c</load_address>
         <readonly>true</readonly>
         <executable>true</executable>
         <run_address>0x5f9c</run_address>
         <size>0x3c</size>
         <alignment>0x4</alignment>
         <input_file_ref idref="fl-2"/>
      </object_component>
      <object_component id="oc-285">
         <name>.text.OLED_Set_Pos</name>
         <load_address>0x5fd8</load_address>
         <readonly>true</readonly>
         <executable>true</executable>
         <run_address>0x5fd8</run_address>
         <size>0x3c</size>
         <alignment>0x2</alignment>
         <input_file_ref idref="fl-5"/>
      </object_component>
      <object_component id="oc-1d7">
         <name>.text.SYSCFG_DL_GPIO_init</name>
         <load_address>0x6014</load_address>
         <readonly>true</readonly>
         <executable>true</executable>
         <run_address>0x6014</run_address>
         <size>0x3c</size>
         <alignment>0x2</alignment>
         <input_file_ref idref="fl-2"/>
      </object_component>
      <object_component id="oc-fe">
         <name>.text.__floatsisf</name>
         <load_address>0x6050</load_address>
         <readonly>true</readonly>
         <executable>true</executable>
         <run_address>0x6050</run_address>
         <size>0x3c</size>
         <alignment>0x4</alignment>
         <input_file_ref idref="fl-d4"/>
      </object_component>
      <object_component id="oc-14d">
         <name>.text.__gtsf2</name>
         <load_address>0x608c</load_address>
         <readonly>true</readonly>
         <executable>true</executable>
         <run_address>0x608c</run_address>
         <size>0x3c</size>
         <alignment>0x4</alignment>
         <input_file_ref idref="fl-df"/>
      </object_component>
      <object_component id="oc-171">
         <name>.text:__TI_auto_init_nobinit_nopinit</name>
         <load_address>0x60c8</load_address>
         <readonly>true</readonly>
         <executable>true</executable>
         <run_address>0x60c8</run_address>
         <size>0x3c</size>
         <alignment>0x4</alignment>
         <input_file_ref idref="fl-3b"/>
      </object_component>
      <object_component id="oc-148">
         <name>.text.__eqsf2</name>
         <load_address>0x6104</load_address>
         <readonly>true</readonly>
         <executable>true</executable>
         <run_address>0x6104</run_address>
         <size>0x3a</size>
         <alignment>0x4</alignment>
         <input_file_ref idref="fl-df"/>
      </object_component>
      <object_component id="oc-142">
         <name>.text.__muldsi3</name>
         <load_address>0x6140</load_address>
         <readonly>true</readonly>
         <executable>true</executable>
         <run_address>0x6140</run_address>
         <size>0x3a</size>
         <alignment>0x4</alignment>
         <input_file_ref idref="fl-cd"/>
      </object_component>
      <object_component id="oc-241">
         <name>.text.DL_Timer_setPublisherChanID</name>
         <load_address>0x617c</load_address>
         <readonly>true</readonly>
         <executable>true</executable>
         <run_address>0x617c</run_address>
         <size>0x38</size>
         <alignment>0x4</alignment>
         <input_file_ref idref="fl-2"/>
      </object_component>
      <object_component id="oc-1f7">
         <name>.text.sprintf</name>
         <load_address>0x61b4</load_address>
         <readonly>true</readonly>
         <executable>true</executable>
         <run_address>0x61b4</run_address>
         <size>0x38</size>
         <alignment>0x4</alignment>
         <input_file_ref idref="fl-2e"/>
      </object_component>
      <object_component id="oc-163">
         <name>.text.DL_DMA_setTransferSize</name>
         <load_address>0x61ec</load_address>
         <readonly>true</readonly>
         <executable>true</executable>
         <run_address>0x61ec</run_address>
         <size>0x30</size>
         <alignment>0x4</alignment>
         <input_file_ref idref="fl-1"/>
      </object_component>
      <object_component id="oc-15c">
         <name>.text.SYSCFG_DL_init</name>
         <load_address>0x621c</load_address>
         <readonly>true</readonly>
         <executable>true</executable>
         <run_address>0x621c</run_address>
         <size>0x30</size>
         <alignment>0x4</alignment>
         <input_file_ref idref="fl-2"/>
      </object_component>
      <object_component id="oc-2cc">
         <name>.text._fcpy</name>
         <load_address>0x624c</load_address>
         <readonly>true</readonly>
         <executable>true</executable>
         <run_address>0x624c</run_address>
         <size>0x30</size>
         <alignment>0x2</alignment>
         <input_file_ref idref="fl-41"/>
      </object_component>
      <object_component id="oc-25a">
         <name>.text.DL_ADC12_setDMASamplesCnt</name>
         <load_address>0x627c</load_address>
         <readonly>true</readonly>
         <executable>true</executable>
         <run_address>0x627c</run_address>
         <size>0x2c</size>
         <alignment>0x4</alignment>
         <input_file_ref idref="fl-2"/>
      </object_component>
      <object_component id="oc-165">
         <name>.text.__NVIC_EnableIRQ</name>
         <load_address>0x62a8</load_address>
         <readonly>true</readonly>
         <executable>true</executable>
         <run_address>0x62a8</run_address>
         <size>0x2c</size>
         <alignment>0x4</alignment>
         <input_file_ref idref="fl-1"/>
      </object_component>
      <object_component id="oc-1e2">
         <name>.text.__NVIC_EnableIRQ</name>
         <load_address>0x62d4</load_address>
         <readonly>true</readonly>
         <executable>true</executable>
         <run_address>0x62d4</run_address>
         <size>0x2c</size>
         <alignment>0x4</alignment>
         <input_file_ref idref="fl-5"/>
      </object_component>
      <object_component id="oc-12e">
         <name>.text.__floatsidf</name>
         <load_address>0x6300</load_address>
         <readonly>true</readonly>
         <executable>true</executable>
         <run_address>0x6300</run_address>
         <size>0x2c</size>
         <alignment>0x4</alignment>
         <input_file_ref idref="fl-d3"/>
      </object_component>
      <object_component id="oc-1d8">
         <name>.text.SYSCFG_DL_SYSCTL_init</name>
         <load_address>0x632c</load_address>
         <readonly>true</readonly>
         <executable>true</executable>
         <run_address>0x632c</run_address>
         <size>0x2a</size>
         <alignment>0x2</alignment>
         <input_file_ref idref="fl-2"/>
      </object_component>
      <object_component id="oc-284">
         <name>.text.DL_Common_updateReg</name>
         <load_address>0x6356</load_address>
         <readonly>true</readonly>
         <executable>true</executable>
         <run_address>0x6356</run_address>
         <size>0x28</size>
         <alignment>0x2</alignment>
         <input_file_ref idref="fl-5"/>
      </object_component>
      <object_component id="oc-279">
         <name>.text.DL_Common_updateReg</name>
         <load_address>0x637e</load_address>
         <readonly>true</readonly>
         <executable>true</executable>
         <run_address>0x637e</run_address>
         <size>0x28</size>
         <alignment>0x2</alignment>
         <input_file_ref idref="fl-2"/>
      </object_component>
      <object_component id="oc-162">
         <name>.text.DL_DMA_setDestAddr</name>
         <load_address>0x63a8</load_address>
         <readonly>true</readonly>
         <executable>true</executable>
         <run_address>0x63a8</run_address>
         <size>0x28</size>
         <alignment>0x4</alignment>
         <input_file_ref idref="fl-1"/>
      </object_component>
      <object_component id="oc-161">
         <name>.text.DL_DMA_setSrcAddr</name>
         <load_address>0x63d0</load_address>
         <readonly>true</readonly>
         <executable>true</executable>
         <run_address>0x63d0</run_address>
         <size>0x28</size>
         <alignment>0x4</alignment>
         <input_file_ref idref="fl-1"/>
      </object_component>
      <object_component id="oc-24a">
         <name>.text.DL_I2C_setControllerRXFIFOThreshold</name>
         <load_address>0x63f8</load_address>
         <readonly>true</readonly>
         <executable>true</executable>
         <run_address>0x63f8</run_address>
         <size>0x28</size>
         <alignment>0x4</alignment>
         <input_file_ref idref="fl-2"/>
      </object_component>
      <object_component id="oc-249">
         <name>.text.DL_I2C_setControllerTXFIFOThreshold</name>
         <load_address>0x6420</load_address>
         <readonly>true</readonly>
         <executable>true</executable>
         <run_address>0x6420</run_address>
         <size>0x28</size>
         <alignment>0x4</alignment>
         <input_file_ref idref="fl-2"/>
      </object_component>
      <object_component id="oc-240">
         <name>.text.DL_Timer_enableEvent</name>
         <load_address>0x6448</load_address>
         <readonly>true</readonly>
         <executable>true</executable>
         <run_address>0x6448</run_address>
         <size>0x28</size>
         <alignment>0x4</alignment>
         <input_file_ref idref="fl-2"/>
      </object_component>
      <object_component id="oc-dc">
         <name>.text.__floatunsisf</name>
         <load_address>0x6470</load_address>
         <readonly>true</readonly>
         <executable>true</executable>
         <run_address>0x6470</run_address>
         <size>0x28</size>
         <alignment>0x4</alignment>
         <input_file_ref idref="fl-d5"/>
      </object_component>
      <object_component id="oc-5a">
         <name>.text:_c_int00_noargs</name>
         <load_address>0x6498</load_address>
         <readonly>true</readonly>
         <executable>true</executable>
         <run_address>0x6498</run_address>
         <size>0x28</size>
         <alignment>0x4</alignment>
         <input_file_ref idref="fl-39"/>
      </object_component>
      <object_component id="oc-164">
         <name>.text.DL_DMA_enableChannel</name>
         <load_address>0x64c0</load_address>
         <readonly>true</readonly>
         <executable>true</executable>
         <run_address>0x64c0</run_address>
         <size>0x26</size>
         <alignment>0x2</alignment>
         <input_file_ref idref="fl-1"/>
      </object_component>
      <object_component id="oc-245">
         <name>.text.DL_I2C_setAnalogGlitchFilterPulseWidth</name>
         <load_address>0x64e6</load_address>
         <readonly>true</readonly>
         <executable>true</executable>
         <run_address>0x64e6</run_address>
         <size>0x26</size>
         <alignment>0x2</alignment>
         <input_file_ref idref="fl-2"/>
      </object_component>
      <object_component id="oc-244">
         <name>.text.DL_I2C_setClockConfig</name>
         <load_address>0x650c</load_address>
         <readonly>true</readonly>
         <executable>true</executable>
         <run_address>0x650c</run_address>
         <size>0x26</size>
         <alignment>0x2</alignment>
         <input_file_ref idref="fl-1e"/>
      </object_component>
      <object_component id="oc-2a4">
         <name>.text.__muldi3</name>
         <load_address>0x6534</load_address>
         <readonly>true</readonly>
         <executable>true</executable>
         <run_address>0x6534</run_address>
         <size>0x24</size>
         <alignment>0x4</alignment>
         <input_file_ref idref="fl-d6"/>
      </object_component>
      <object_component id="oc-1e1">
         <name>.text.delay_ms</name>
         <load_address>0x6558</load_address>
         <readonly>true</readonly>
         <executable>true</executable>
         <run_address>0x6558</run_address>
         <size>0x22</size>
         <alignment>0x2</alignment>
         <input_file_ref idref="fl-5"/>
      </object_component>
      <object_component id="oc-295">
         <name>.text.memccpy</name>
         <load_address>0x657a</load_address>
         <readonly>true</readonly>
         <executable>true</executable>
         <run_address>0x657a</run_address>
         <size>0x22</size>
         <alignment>0x2</alignment>
         <input_file_ref idref="fl-50"/>
      </object_component>
      <object_component id="oc-257">
         <name>.text.DL_ADC12_setPowerDownMode</name>
         <load_address>0x659c</load_address>
         <readonly>true</readonly>
         <executable>true</executable>
         <run_address>0x659c</run_address>
         <size>0x1e</size>
         <alignment>0x2</alignment>
         <input_file_ref idref="fl-2"/>
      </object_component>
      <object_component id="oc-2d1">
         <name>.text.__ashldi3</name>
         <load_address>0x65bc</load_address>
         <readonly>true</readonly>
         <executable>true</executable>
         <run_address>0x65bc</run_address>
         <size>0x1e</size>
         <alignment>0x4</alignment>
         <input_file_ref idref="fl-e1"/>
      </object_component>
      <object_component id="oc-25d">
         <name>.text.DL_ADC12_clearInterruptStatus</name>
         <load_address>0x65dc</load_address>
         <readonly>true</readonly>
         <executable>true</executable>
         <run_address>0x65dc</run_address>
         <size>0x1c</size>
         <alignment>0x4</alignment>
         <input_file_ref idref="fl-2"/>
      </object_component>
      <object_component id="oc-259">
         <name>.text.DL_ADC12_enableDMA</name>
         <load_address>0x65f8</load_address>
         <readonly>true</readonly>
         <executable>true</executable>
         <run_address>0x65f8</run_address>
         <size>0x1c</size>
         <alignment>0x4</alignment>
         <input_file_ref idref="fl-2"/>
      </object_component>
      <object_component id="oc-25b">
         <name>.text.DL_ADC12_enableDMATrigger</name>
         <load_address>0x6614</load_address>
         <readonly>true</readonly>
         <executable>true</executable>
         <run_address>0x6614</run_address>
         <size>0x1c</size>
         <alignment>0x4</alignment>
         <input_file_ref idref="fl-2"/>
      </object_component>
      <object_component id="oc-25e">
         <name>.text.DL_ADC12_enableInterrupt</name>
         <load_address>0x6630</load_address>
         <readonly>true</readonly>
         <executable>true</executable>
         <run_address>0x6630</run_address>
         <size>0x1c</size>
         <alignment>0x4</alignment>
         <input_file_ref idref="fl-2"/>
      </object_component>
      <object_component id="oc-231">
         <name>.text.DL_GPIO_enableHiZ</name>
         <load_address>0x664c</load_address>
         <readonly>true</readonly>
         <executable>true</executable>
         <run_address>0x664c</run_address>
         <size>0x1c</size>
         <alignment>0x4</alignment>
         <input_file_ref idref="fl-2"/>
      </object_component>
      <object_component id="oc-b2">
         <name>.text.DL_I2C_disableInterrupt</name>
         <load_address>0x6668</load_address>
         <readonly>true</readonly>
         <executable>true</executable>
         <run_address>0x6668</run_address>
         <size>0x1c</size>
         <alignment>0x4</alignment>
         <input_file_ref idref="fl-5"/>
      </object_component>
      <object_component id="oc-24c">
         <name>.text.DL_I2C_enableInterrupt</name>
         <load_address>0x6684</load_address>
         <readonly>true</readonly>
         <executable>true</executable>
         <run_address>0x6684</run_address>
         <size>0x1c</size>
         <alignment>0x4</alignment>
         <input_file_ref idref="fl-2"/>
      </object_component>
      <object_component id="oc-b3">
         <name>.text.DL_I2C_isControllerRXFIFOEmpty</name>
         <load_address>0x66a0</load_address>
         <readonly>true</readonly>
         <executable>true</executable>
         <run_address>0x66a0</run_address>
         <size>0x1c</size>
         <alignment>0x4</alignment>
         <input_file_ref idref="fl-5"/>
      </object_component>
      <object_component id="oc-237">
         <name>.text.DL_SYSCTL_setMCLKDivider</name>
         <load_address>0x66bc</load_address>
         <readonly>true</readonly>
         <executable>true</executable>
         <run_address>0x66bc</run_address>
         <size>0x1c</size>
         <alignment>0x4</alignment>
         <input_file_ref idref="fl-2"/>
      </object_component>
      <object_component id="oc-233">
         <name>.text.DL_SYSCTL_setSYSOSCFreq</name>
         <load_address>0x66d8</load_address>
         <readonly>true</readonly>
         <executable>true</executable>
         <run_address>0x66d8</run_address>
         <size>0x1c</size>
         <alignment>0x4</alignment>
         <input_file_ref idref="fl-2"/>
      </object_component>
      <object_component id="oc-236">
         <name>.text.DL_SYSCTL_setULPCLKDivider</name>
         <load_address>0x66f4</load_address>
         <readonly>true</readonly>
         <executable>true</executable>
         <run_address>0x66f4</run_address>
         <size>0x1c</size>
         <alignment>0x4</alignment>
         <input_file_ref idref="fl-2"/>
      </object_component>
      <object_component id="oc-238">
         <name>.text.DL_Timer_setClockConfig</name>
         <load_address>0x6710</load_address>
         <readonly>true</readonly>
         <executable>true</executable>
         <run_address>0x6710</run_address>
         <size>0x1c</size>
         <alignment>0x4</alignment>
         <input_file_ref idref="fl-1f"/>
      </object_component>
      <object_component id="oc-25c">
         <name>.text.DL_ADC12_setSubscriberChanID</name>
         <load_address>0x672c</load_address>
         <readonly>true</readonly>
         <executable>true</executable>
         <run_address>0x672c</run_address>
         <size>0x1a</size>
         <alignment>0x2</alignment>
         <input_file_ref idref="fl-2"/>
      </object_component>
      <object_component id="oc-22b">
         <name>.text.DL_ADC12_enablePower</name>
         <load_address>0x6748</load_address>
         <readonly>true</readonly>
         <executable>true</executable>
         <run_address>0x6748</run_address>
         <size>0x18</size>
         <alignment>0x4</alignment>
         <input_file_ref idref="fl-2"/>
      </object_component>
      <object_component id="oc-227">
         <name>.text.DL_ADC12_reset</name>
         <load_address>0x6760</load_address>
         <readonly>true</readonly>
         <executable>true</executable>
         <run_address>0x6760</run_address>
         <size>0x18</size>
         <alignment>0x4</alignment>
         <input_file_ref idref="fl-2"/>
      </object_component>
      <object_component id="oc-258">
         <name>.text.DL_ADC12_setSampleTime0</name>
         <load_address>0x6778</load_address>
         <readonly>true</readonly>
         <executable>true</executable>
         <run_address>0x6778</run_address>
         <size>0x18</size>
         <alignment>0x4</alignment>
         <input_file_ref idref="fl-2"/>
      </object_component>
      <object_component id="oc-228">
         <name>.text.DL_GPIO_enablePower</name>
         <load_address>0x6790</load_address>
         <readonly>true</readonly>
         <executable>true</executable>
         <run_address>0x6790</run_address>
         <size>0x18</size>
         <alignment>0x4</alignment>
         <input_file_ref idref="fl-2"/>
      </object_component>
      <object_component id="oc-224">
         <name>.text.DL_GPIO_reset</name>
         <load_address>0x67a8</load_address>
         <readonly>true</readonly>
         <executable>true</executable>
         <run_address>0x67a8</run_address>
         <size>0x18</size>
         <alignment>0x4</alignment>
         <input_file_ref idref="fl-2"/>
      </object_component>
      <object_component id="oc-246">
         <name>.text.DL_I2C_enableAnalogGlitchFilter</name>
         <load_address>0x67c0</load_address>
         <readonly>true</readonly>
         <executable>true</executable>
         <run_address>0x67c0</run_address>
         <size>0x18</size>
         <alignment>0x2</alignment>
         <input_file_ref idref="fl-2"/>
      </object_component>
      <object_component id="oc-24d">
         <name>.text.DL_I2C_enableController</name>
         <load_address>0x67d8</load_address>
         <readonly>true</readonly>
         <executable>true</executable>
         <run_address>0x67d8</run_address>
         <size>0x18</size>
         <alignment>0x4</alignment>
         <input_file_ref idref="fl-2"/>
      </object_component>
      <object_component id="oc-24b">
         <name>.text.DL_I2C_enableControllerClockStretching</name>
         <load_address>0x67f0</load_address>
         <readonly>true</readonly>
         <executable>true</executable>
         <run_address>0x67f0</run_address>
         <size>0x18</size>
         <alignment>0x4</alignment>
         <input_file_ref idref="fl-2"/>
      </object_component>
      <object_component id="oc-22a">
         <name>.text.DL_I2C_enablePower</name>
         <load_address>0x6808</load_address>
         <readonly>true</readonly>
         <executable>true</executable>
         <run_address>0x6808</run_address>
         <size>0x18</size>
         <alignment>0x4</alignment>
         <input_file_ref idref="fl-2"/>
      </object_component>
      <object_component id="oc-226">
         <name>.text.DL_I2C_reset</name>
         <load_address>0x6820</load_address>
         <readonly>true</readonly>
         <executable>true</executable>
         <run_address>0x6820</run_address>
         <size>0x18</size>
         <alignment>0x4</alignment>
         <input_file_ref idref="fl-2"/>
      </object_component>
      <object_component id="oc-248">
         <name>.text.DL_I2C_setTimerPeriod</name>
         <load_address>0x6838</load_address>
         <readonly>true</readonly>
         <executable>true</executable>
         <run_address>0x6838</run_address>
         <size>0x18</size>
         <alignment>0x4</alignment>
         <input_file_ref idref="fl-2"/>
      </object_component>
      <object_component id="oc-232">
         <name>.text.DL_SYSCTL_setBORThreshold</name>
         <load_address>0x6850</load_address>
         <readonly>true</readonly>
         <executable>true</executable>
         <run_address>0x6850</run_address>
         <size>0x18</size>
         <alignment>0x4</alignment>
         <input_file_ref idref="fl-2"/>
      </object_component>
      <object_component id="oc-229">
         <name>.text.DL_Timer_enablePower</name>
         <load_address>0x6868</load_address>
         <readonly>true</readonly>
         <executable>true</executable>
         <run_address>0x6868</run_address>
         <size>0x18</size>
         <alignment>0x4</alignment>
         <input_file_ref idref="fl-2"/>
      </object_component>
      <object_component id="oc-225">
         <name>.text.DL_Timer_reset</name>
         <load_address>0x6880</load_address>
         <readonly>true</readonly>
         <executable>true</executable>
         <run_address>0x6880</run_address>
         <size>0x18</size>
         <alignment>0x4</alignment>
         <input_file_ref idref="fl-2"/>
      </object_component>
      <object_component id="oc-168">
         <name>.text.DL_Timer_startCounter</name>
         <load_address>0x6898</load_address>
         <readonly>true</readonly>
         <executable>true</executable>
         <run_address>0x6898</run_address>
         <size>0x18</size>
         <alignment>0x4</alignment>
         <input_file_ref idref="fl-1"/>
      </object_component>
[...]
         <object_component_ref idref="oc-e6"/>
      </symbol>
      <symbol id="sm-238">
         <name>twiddleCoef_2048</name>
         <value>0x6b80</value>
         <object_component_ref idref="oc-11a"/>
      </symbol>
      <symbol id="sm-239">
         <name>armBitRevIndexTable2048</name>
         <value>0xab80</value>
         <object_component_ref idref="oc-11c"/>
      </symbol>
      <symbol id="sm-243">
         <name>arm_bitreversal_32</name>
         <value>0x419d</value>
         <object_component_ref idref="oc-ea"/>
      </symbol>
      <symbol id="sm-24e">
         <name>DL_ADC12_setClockConfig</name>
         <value>0x5e9d</value>
         <object_component_ref idref="oc-24f"/>
      </symbol>
      <symbol id="sm-257">
         <name>DL_Common_delayCycles</name>
         <value>0x6ab9</value>
         <object_component_ref idref="oc-22c"/>
      </symbol>
      <symbol id="sm-261">
         <name>DL_DMA_initChannel</name>
         <value>0x5d71</value>
         <object_component_ref idref="oc-27e"/>
      </symbol>
      <symbol id="sm-26d">
         <name>DL_I2C_setClockConfig</name>
         <value>0x650d</value>
         <object_component_ref idref="oc-244"/>
      </symbol>
      <symbol id="sm-26e">
         <name>DL_I2C_fillControllerTXFIFO</name>
         <value>0x5a6b</value>
         <object_component_ref idref="oc-b5"/>
      </symbol>
      <symbol id="sm-27e">
         <name>DL_Timer_setClockConfig</name>
         <value>0x6711</value>
         <object_component_ref idref="oc-238"/>
      </symbol>
      <symbol id="sm-27f">
         <name>DL_Timer_initTimerMode</name>
         <value>0x4941</value>
         <object_component_ref idref="oc-23e"/>
      </symbol>
      <symbol id="sm-290">
         <name>sprintf</name>
         <value>0x61b5</value>
         <object_component_ref idref="oc-1f7"/>
      </symbol>
      <symbol id="sm-29a">
         <name>sqrtf</name>
         <value>0x50c1</value>
         <object_component_ref idref="oc-f6"/>
      </symbol>
      <symbol id="sm-2a8">
         <name>atan2</name>
         <value>0x3675</value>
         <object_component_ref idref="oc-77"/>
      </symbol>
      <symbol id="sm-2a9">
         <name>atan2l</name>
         <value>0x3675</value>
         <object_component_ref idref="oc-77"/>
      </symbol>
      <symbol id="sm-2b3">
         <name>sqrt</name>
         <value>0x39a1</value>
         <object_component_ref idref="oc-114"/>
      </symbol>
      <symbol id="sm-2b4">
         <name>sqrtl</name>
         <value>0x39a1</value>
         <object_component_ref idref="oc-114"/>
      </symbol>
      <symbol id="sm-2cb">
         <name>atan</name>
         <value>0x25c9</value>
         <object_component_ref idref="oc-10a"/>
      </symbol>
      <symbol id="sm-2cc">
         <name>atanl</name>
         <value>0x25c9</value>
         <object_component_ref idref="oc-10a"/>
      </symbol>
      <symbol id="sm-2ec">
         <name>cos</name>
         <value>0x2189</value>
         <object_component_ref idref="oc-92"/>
      </symbol>
      <symbol id="sm-2ed">
         <name>cosl</name>
         <value>0x2189</value>
         <object_component_ref idref="oc-92"/>
      </symbol>
      <symbol id="sm-2f8">
         <name>__aeabi_errno_addr</name>
         <value>0x6b2d</value>
         <object_component_ref idref="oc-190"/>
      </symbol>
      <symbol id="sm-2f9">
         <name>__aeabi_errno</name>
         <value>0x20207178</value>
         <object_component_ref idref="oc-213"/>
      </symbol>
      <symbol id="sm-315">
         <name>__kernel_rem_pio2</name>
         <value>0x1b31</value>
         <object_component_ref idref="oc-139"/>
      </symbol>
      <symbol id="sm-323">
         <name>_c_int00_noargs</name>
         <value>0x6499</value>
         <object_component_ref idref="oc-5a"/>
      </symbol>
      <symbol id="sm-324">
         <name>__stack</name>
         <value>0x20207e00</value>
         <object_component_ref idref="oc-1a"/>
      </symbol>
      <symbol id="sm-330">
         <name>__TI_auto_init_nobinit_nopinit</name>
         <value>0x60c9</value>
         <object_component_ref idref="oc-171"/>
      </symbol>
      <symbol id="sm-338">
         <name>_system_pre_init</name>
         <value>0x6b71</value>
         <object_component_ref idref="oc-cd"/>
      </symbol>
      <symbol id="sm-343">
         <name>__TI_zero_init</name>
         <value>0x6a41</value>
         <object_component_ref idref="oc-57"/>
      </symbol>
      <symbol id="sm-34c">
         <name>__TI_decompress_none</name>
         <value>0x6a0f</value>
         <object_component_ref idref="oc-20"/>
      </symbol>
      <symbol id="sm-357">
         <name>__TI_decompress_lzss</name>
         <value>0x55cd</value>
         <object_component_ref idref="oc-1c"/>
      </symbol>
      <symbol id="sm-3a0">
         <name>__TI_printfi</name>
         <value>0xc1</value>
         <object_component_ref idref="oc-28f"/>
      </symbol>
      <symbol id="sm-3b2">
         <name>__kernel_cos</name>
         <value>0x3c8d</value>
         <object_component_ref idref="oc-125"/>
      </symbol>
      <symbol id="sm-3c0">
         <name>__kernel_sin</name>
         <value>0x3b25</value>
         <object_component_ref idref="oc-1c7"/>
      </symbol>
      <symbol id="sm-3cd">
         <name>floor</name>
         <value>0x3ddd</value>
         <object_component_ref idref="oc-1bb"/>
      </symbol>
      <symbol id="sm-3ce">
         <name>floorl</name>
         <value>0x3ddd</value>
         <object_component_ref idref="oc-1bb"/>
      </symbol>
      <symbol id="sm-3d8">
         <name>frexp</name>
         <value>0x5ac9</value>
         <object_component_ref idref="oc-2c1"/>
      </symbol>
      <symbol id="sm-3d9">
         <name>frexpl</name>
         <value>0x5ac9</value>
         <object_component_ref idref="oc-2c1"/>
      </symbol>
      <symbol id="sm-3e3">
         <name>scalbn</name>
         <value>0x4ccd</value>
         <object_component_ref idref="oc-1b7"/>
      </symbol>
      <symbol id="sm-3e4">
         <name>ldexp</name>
         <value>0x4ccd</value>
         <object_component_ref idref="oc-1b7"/>
      </symbol>
      <symbol id="sm-3e5">
         <name>scalbnl</name>
         <value>0x4ccd</value>
         <object_component_ref idref="oc-1b7"/>
      </symbol>
      <symbol id="sm-3e6">
         <name>ldexpl</name>
         <value>0x4ccd</value>
         <object_component_ref idref="oc-1b7"/>
      </symbol>
      <symbol id="sm-3f0">
         <name>abort</name>
         <value>0x6b75</value>
         <object_component_ref idref="oc-16a"/>
      </symbol>
      <symbol id="sm-3f1">
         <name>C$$EXIT</name>
         <value>0x6b74</value>
         <object_component_ref idref="oc-16a"/>
      </symbol>
      <symbol id="sm-3fb">
         <name>__TI_ltoa</name>
         <value>0x5b7d</value>
         <object_component_ref idref="oc-2c5"/>
      </symbol>
      <symbol id="sm-406">
         <name>atoi</name>
         <value>0x5f5d</value>
         <object_component_ref idref="oc-29c"/>
      </symbol>
      <symbol id="sm-40f">
         <name>memccpy</name>
         <value>0x657b</value>
         <object_component_ref idref="oc-295"/>
      </symbol>
      <symbol id="sm-418">
         <name>wcslen</name>
         <value>0x6a31</value>
         <object_component_ref idref="oc-2a0"/>
      </symbol>
      <symbol id="sm-41b">
         <name>__aeabi_ctype_table_</name>
         <value>0xd260</value>
         <object_component_ref idref="oc-2b4"/>
      </symbol>
      <symbol id="sm-41c">
         <name>__aeabi_ctype_table_C</name>
         <value>0xd260</value>
         <object_component_ref idref="oc-2b4"/>
      </symbol>
      <symbol id="sm-432">
         <name>__aeabi_fadd</name>
         <value>0x4daf</value>
         <object_component_ref idref="oc-8e"/>
      </symbol>
      <symbol id="sm-433">
         <name>__addsf3</name>
         <value>0x4daf</value>
         <object_component_ref idref="oc-8e"/>
      </symbol>
      <symbol id="sm-434">
         <name>__aeabi_fsub</name>
         <value>0x4da5</value>
         <object_component_ref idref="oc-8e"/>
      </symbol>
      <symbol id="sm-435">
         <name>__subsf3</name>
         <value>0x4da5</value>
         <object_component_ref idref="oc-8e"/>
      </symbol>
      <symbol id="sm-43b">
         <name>__aeabi_dadd</name>
         <value>0x3817</value>
         <object_component_ref idref="oc-9c"/>
      </symbol>
      <symbol id="sm-43c">
         <name>__adddf3</name>
         <value>0x3817</value>
         <object_component_ref idref="oc-9c"/>
      </symbol>
      <symbol id="sm-43d">
         <name>__aeabi_dsub</name>
         <value>0x380d</value>
         <object_component_ref idref="oc-9c"/>
      </symbol>
      <symbol id="sm-43e">
         <name>__subdf3</name>
         <value>0x380d</value>
         <object_component_ref idref="oc-9c"/>
      </symbol>
      <symbol id="sm-44a">
         <name>__aeabi_dmul</name>
         <value>0x4b0d</value>
         <object_component_ref idref="oc-98"/>
      </symbol>
      <symbol id="sm-44b">
         <name>__muldf3</name>
         <value>0x4b0d</value>
         <object_component_ref idref="oc-98"/>
      </symbol>
      <symbol id="sm-454">
         <name>__muldsi3</name>
         <value>0x6141</value>
         <object_component_ref idref="oc-142"/>
      </symbol>
      <symbol id="sm-45a">
         <name>__aeabi_fmul</name>
         <value>0x5341</value>
         <object_component_ref idref="oc-a4"/>
      </symbol>
      <symbol id="sm-45b">
         <name>__mulsf3</name>
         <value>0x5341</value>
         <object_component_ref idref="oc-a4"/>
      </symbol>
      <symbol id="sm-461">
         <name>__aeabi_fdiv</name>
         <value>0x5451</value>
         <object_component_ref idref="oc-f0"/>
      </symbol>
      <symbol id="sm-462">
         <name>__divsf3</name>
         <value>0x5451</value>
         <object_component_ref idref="oc-f0"/>
      </symbol>
      <symbol id="sm-468">
         <name>__aeabi_ddiv</name>
         <value>0x4635</value>
         <object_component_ref idref="oc-102"/>
      </symbol>
      <symbol id="sm-469">
         <name>__divdf3</name>
         <value>0x4635</value>
         <object_component_ref idref="oc-102"/>
      </symbol>
      <symbol id="sm-46f">
         <name>__aeabi_f2d</name>
         <value>0x5f1d</value>
         <object_component_ref idref="oc-73"/>
      </symbol>
      <symbol id="sm-470">
         <name>__extendsfdf2</name>
         <value>0x5f1d</value>
         <object_component_ref idref="oc-73"/>
      </symbol>
      <symbol id="sm-476">
         <name>__aeabi_d2iz</name>
         <value>0x5e51</value>
         <object_component_ref idref="oc-121"/>
      </symbol>
      <symbol id="sm-477">
         <name>__fixdfsi</name>
         <value>0x5e51</value>
         <object_component_ref idref="oc-121"/>
      </symbol>
      <symbol id="sm-47d">
         <name>__aeabi_i2d</name>
         <value>0x6301</value>
         <object_component_ref idref="oc-12e"/>
      </symbol>
      <symbol id="sm-47e">
         <name>__floatsidf</name>
         <value>0x6301</value>
         <object_component_ref idref="oc-12e"/>
      </symbol>
      <symbol id="sm-484">
         <name>__aeabi_i2f</name>
         <value>0x6051</value>
         <object_component_ref idref="oc-fe"/>
      </symbol>
      <symbol id="sm-485">
         <name>__floatsisf</name>
         <value>0x6051</value>
         <object_component_ref idref="oc-fe"/>
      </symbol>
      <symbol id="sm-48b">
         <name>__aeabi_ui2f</name>
         <value>0x6471</value>
         <object_component_ref idref="oc-dc"/>
      </symbol>
      <symbol id="sm-48c">
         <name>__floatunsisf</name>
         <value>0x6471</value>
         <object_component_ref idref="oc-dc"/>
      </symbol>
      <symbol id="sm-492">
         <name>__aeabi_lmul</name>
         <value>0x6535</value>
         <object_component_ref idref="oc-2a4"/>
      </symbol>
      <symbol id="sm-493">
         <name>__muldi3</name>
         <value>0x6535</value>
         <object_component_ref idref="oc-2a4"/>
      </symbol>
      <symbol id="sm-49a">
         <name>__aeabi_d2f</name>
         <value>0x5651</value>
         <object_component_ref idref="oc-7b"/>
      </symbol>
      <symbol id="sm-49b">
         <name>__truncdfsf2</name>
         <value>0x5651</value>
         <object_component_ref idref="oc-7b"/>
      </symbol>
      <symbol id="sm-4a1">
         <name>__aeabi_dcmpeq</name>
         <value>0x5945</value>
         <object_component_ref idref="oc-135"/>
      </symbol>
      <symbol id="sm-4a2">
         <name>__aeabi_dcmplt</name>
         <value>0x5959</value>
         <object_component_ref idref="oc-135"/>
      </symbol>
      <symbol id="sm-4a3">
         <name>__aeabi_dcmple</name>
         <value>0x596d</value>
         <object_component_ref idref="oc-135"/>
      </symbol>
      <symbol id="sm-4a4">
         <name>__aeabi_dcmpge</name>
         <value>0x5981</value>
         <object_component_ref idref="oc-135"/>
      </symbol>
      <symbol id="sm-4a5">
         <name>__aeabi_dcmpgt</name>
         <value>0x5995</value>
         <object_component_ref idref="oc-135"/>
      </symbol>
      <symbol id="sm-4ab">
         <name>__aeabi_fcmpeq</name>
         <value>0x59a9</value>
         <object_component_ref idref="oc-a0"/>
      </symbol>
      <symbol id="sm-4ac">
         <name>__aeabi_fcmplt</name>
         <value>0x59bd</value>
         <object_component_ref idref="oc-a0"/>
      </symbol>
      <symbol id="sm-4ad">
         <name>__aeabi_fcmple</name>
         <value>0x59d1</value>
         <object_component_ref idref="oc-a0"/>
      </symbol>
      <symbol id="sm-4ae">
         <name>__aeabi_fcmpge</name>
         <value>0x59e5</value>
         <object_component_ref idref="oc-a0"/>
      </symbol>
      <symbol id="sm-4af">
         <name>__aeabi_fcmpgt</name>
         <value>0x59f9</value>
         <object_component_ref idref="oc-a0"/>
      </symbol>
      <symbol id="sm-4b5">
         <name>__aeabi_idiv</name>
         <value>0x5c2d</value>
         <object_component_ref idref="oc-1b3"/>
      </symbol>
      <symbol id="sm-4b6">
         <name>__aeabi_idivmod</name>
         <value>0x5c2d</value>
         <object_component_ref idref="oc-1b3"/>
      </symbol>
      <symbol id="sm-4bc">
         <name>__aeabi_memcpy</name>
         <value>0x6b35</value>
         <object_component_ref idref="oc-4a"/>
      </symbol>
      <symbol id="sm-4bd">
         <name>__aeabi_memcpy4</name>
         <value>0x6b35</value>
         <object_component_ref idref="oc-4a"/>
      </symbol>
      <symbol id="sm-4be">
         <name>__aeabi_memcpy8</name>
         <value>0x6b35</value>
         <object_component_ref idref="oc-4a"/>
      </symbol>
      <symbol id="sm-4c7">
         <name>__aeabi_memset</name>
         <value>0x6a81</value>
         <object_component_ref idref="oc-294"/>
      </symbol>
      <symbol id="sm-4c8">
         <name>__aeabi_memset4</name>
         <value>0x6a81</value>
         <object_component_ref idref="oc-294"/>
      </symbol>
      <symbol id="sm-4c9">
         <name>__aeabi_memset8</name>
         <value>0x6a81</value>
         <object_component_ref idref="oc-294"/>
      </symbol>
      <symbol id="sm-4ca">
         <name>__aeabi_memclr</name>
         <value>0x6aad</value>
         <object_component_ref idref="oc-c8"/>
      </symbol>
      <symbol id="sm-4cb">
         <name>__aeabi_memclr4</name>
         <value>0x6aad</value>
         <object_component_ref idref="oc-c8"/>
      </symbol>
      <symbol id="sm-4cc">
         <name>__aeabi_memclr8</name>
         <value>0x6aad</value>
         <object_component_ref idref="oc-c8"/>
      </symbol>
      <symbol id="sm-4d2">
         <name>__aeabi_uidiv</name>
         <value>0x5edd</value>
         <object_component_ref idref="oc-e0"/>
      </symbol>
      <symbol id="sm-4d3">
         <name>__aeabi_uidivmod</name>
         <value>0x5edd</value>
         <object_component_ref idref="oc-e0"/>
      </symbol>
      <symbol id="sm-4d9">
         <name>__aeabi_uldivmod</name>
         <value>0x69b1</value>
         <object_component_ref idref="oc-2a9"/>
      </symbol>
      <symbol id="sm-4e2">
         <name>__eqsf2</name>
         <value>0x6105</value>
         <object_component_ref idref="oc-148"/>
      </symbol>
      <symbol id="sm-4e3">
         <name>__lesf2</name>
         <value>0x6105</value>
         <object_component_ref idref="oc-148"/>
      </symbol>
      <symbol id="sm-4e4">
         <name>__ltsf2</name>
         <value>0x6105</value>
         <object_component_ref idref="oc-148"/>
      </symbol>
      <symbol id="sm-4e5">
         <name>__nesf2</name>
         <value>0x6105</value>
         <object_component_ref idref="oc-148"/>
      </symbol>
      <symbol id="sm-4e6">
         <name>__cmpsf2</name>
         <value>0x6105</value>
         <object_component_ref idref="oc-148"/>
      </symbol>
      <symbol id="sm-4e7">
         <name>__gtsf2</name>
         <value>0x608d</value>
         <object_component_ref idref="oc-14d"/>
      </symbol>
      <symbol id="sm-4e8">
         <name>__gesf2</name>
         <value>0x608d</value>
         <object_component_ref idref="oc-14d"/>
      </symbol>
      <symbol id="sm-4ee">
         <name>__udivmoddi4</name>
         <value>0x5169</value>
         <object_component_ref idref="oc-2bc"/>
      </symbol>
      <symbol id="sm-4f4">
         <name>__aeabi_llsl</name>
         <value>0x65bd</value>
         <object_component_ref idref="oc-2d1"/>
      </symbol>
      <symbol id="sm-4f5">
         <name>__ashldi3</name>
         <value>0x65bd</value>
         <object_component_ref idref="oc-2d1"/>
      </symbol>
      <symbol id="sm-503">
         <name>__ledf2</name>
         <value>0x57a5</value>
         <object_component_ref idref="oc-1ab"/>
      </symbol>
      <symbol id="sm-504">
         <name>__gedf2</name>
         <value>0x5735</value>
         <object_component_ref idref="oc-1b1"/>
      </symbol>
      <symbol id="sm-505">
         <name>__cmpdf2</name>
         <value>0x57a5</value>
         <object_component_ref idref="oc-1ab"/>
      </symbol>
      <symbol id="sm-506">
         <name>__eqdf2</name>
         <value>0x57a5</value>
         <object_component_ref idref="oc-1ab"/>
      </symbol>
      <symbol id="sm-507">
         <name>__ltdf2</name>
         <value>0x57a5</value>
         <object_component_ref idref="oc-1ab"/>
      </symbol>
      <symbol id="sm-508">
         <name>__nedf2</name>
         <value>0x57a5</value>
         <object_component_ref idref="oc-1ab"/>
      </symbol>
      <symbol id="sm-509">
         <name>__gtdf2</name>
         <value>0x5735</value>
         <object_component_ref idref="oc-1b1"/>
      </symbol>
      <symbol id="sm-515">
         <name>__aeabi_idiv0</name>
         <value>0x399f</value>
         <object_component_ref idref="oc-184"/>
      </symbol>
      <symbol id="sm-516">
         <name>__aeabi_ldiv0</name>
         <value>0x520b</value>
         <object_component_ref idref="oc-2d0"/>
      </symbol>
      <symbol id="sm-520">
         <name>TI_memcpy_small</name>
         <value>0x69fd</value>
         <object_component_ref idref="oc-152"/>
      </symbol>
      <symbol id="sm-529">
         <name>TI_memset_small</name>
         <value>0x6a9d</value>
         <object_component_ref idref="oc-1d0"/>
      </symbol>
      <symbol id="sm-52a">
         <name>__TI_static_base__</name>
         <value>0x0</value>
      </symbol>
      <symbol id="sm-52e">
         <name>__mpu_init</name>
         <value>0x0</value>
      </symbol>
      <symbol id="sm-52f">
         <name>_system_post_cinit</name>
         <value>0x0</value>
      </symbol>
   </symbol_table>
   <title>Link successful</title>
</link_info>
